=== sdk ===
10.0.301
=== dependency-lock inventory ===
=== network-enabled locked restore into an empty isolated package cache ===
isolated package cache populated; vulnerability freshness is not asserted by this proof
project locks present: 31/31
mutation rejected: non-first project disabled RestoreLockedMode
mutation rejected: non-first project disabled RestorePackagesWithLockFile
mutation rejected: repo-wide project omitted from Fogell.slnx
control passed: ignored nested worktree is outside repository inventory; operator-global ignores cannot hide projects or locks
mutation rejected: embedded repository cannot hide projects from the outer inventory
mutation rejected: missing lock (inventory)
mutation rejected: package-reference-drift (NU1004)
mutation rejected: content-hash-tamper (NU1403)
mutation rejected: dependency-edge tamper (regeneration mismatch)
=== source-cleared locked restore using the populated isolated cache ===
source-cleared locked restore passed; this is not an OS-level no-egress proof
=== no-restore build (warnings are errors for FS0025/FS0026) ===
Build succeeded.
    0 Warning(s)
    0 Error(s)

Time Elapsed 00:00:21.11
dependency-lock proof passed
=== tests ===
PROJECT TEST INVENTORY PROOF PASS: nested/mismatched projects identified; ambient Git selectors contained; inventory and summaries fail closed; summary boundary holds under named UTF-8 and C locales
tests/Fogell.Client.Tests/Fogell.Client.Tests.fsproj: EXPECTO! 27 tests run in 00:00:01.0485211 for client – 27 passed, 0 ignored, 0 failed, 0 errored. Success!
tests/Fogell.Controller.Api.Tests/Fogell.Controller.Api.Tests.fsproj: EXPECTO! 116 tests run in 00:00:14.0896792 for Fogell.Controller.Api – 116 passed, 0 ignored, 0 failed, 0 errored. Success!
tests/Fogell.Differential.Tests/Fogell.Differential.Tests.fsproj: EXPECTO! 445 tests run in 00:00:07.9342804 for Fogell.Differential – 445 passed, 0 ignored, 0 failed, 0 errored. Success!
tests/Fogell.Domain.Tests/Fogell.Domain.Tests.fsproj: EXPECTO! 41 tests run in 00:00:00.0774025 for Fogell.Domain – 41 passed, 0 ignored, 0 failed, 0 errored. Success!
tests/Fogell.Execution.Tests/Fogell.Execution.Tests.fsproj: EXPECTO! 204 tests run in 00:00:33.9725830 for Fogell.Execution – 204 passed, 0 ignored, 0 failed, 0 errored. Success!
tests/Fogell.Groovy.Tests/Fogell.Groovy.Tests.fsproj: EXPECTO! 243 tests run in 00:00:00.1933237 for Fogell.Groovy – 243 passed, 0 ignored, 0 failed, 0 errored. Success!
tests/Fogell.Journal.Tests/Fogell.Journal.Tests.fsproj: EXPECTO! 31 tests run in 00:00:00.2469278 for Fogell.Journal – 31 passed, 0 ignored, 0 failed, 0 errored. Success!
tests/Fogell.Pipeline.Parser.Tests/Fogell.Pipeline.Parser.Tests.fsproj: EXPECTO! 143 tests run in 00:00:00.3149890 for Fogell.Pipeline.Parser – 143 passed, 0 ignored, 0 failed, 0 errored. Success!
tests/Fogell.Retention.Tests/Fogell.Retention.Tests.fsproj: EXPECTO! 23 tests run in 00:00:00.7506074 for retention – 23 passed, 0 ignored, 0 failed, 0 errored. Success!
tests/Fogell.Store.Tests/Fogell.Store.Tests.fsproj: EXPECTO! 112 tests run in 00:00:15.0464162 for Fogell.Store – 112 passed, 0 ignored, 0 failed, 0 errored. Success!
{"checker_self_test": true, "real_controller_proof": false, "controls": [{"control": "false_success", "rejected": true, "reason": "failed has unexpected terminal status"}, {"control": "missing_output", "rejected": true, "reason": "expected execution output absent"}, {"control": "undrained_terminal", "rejected": true, "reason": "terminal evidence was not drained"}, {"control": "wrong_watch_exit", "rejected": true, "reason": "watch exit differs"}, {"control": "reused_submission_key", "rejected": true, "reason": "reused submission key"}, {"control": "wrong_build_identity", "rejected": true, "reason": "feedback build identity differs"}, {"control": "cursor_gap", "rejected": true, "reason": "feedback cursor gap or replay"}, {"control": "nonfinite_timing", "rejected": true, "reason": "non-monotonic observation"}, {"control": "regressed_timing", "rejected": true, "reason": "non-monotonic observation"}, {"control": "missing_progressive_feedback", "rejected": true, "reason": "nonempty progressive feedback was not observed before terminal"}], "process_guards": [{"control": "process_deadline", "repetition": 1, "rejected": true}, {"control": "aggregate_output", "repetition": 1, "rejected": true}, {"control": "process_deadline", "repetition": 2, "rejected": true}, {"control": "aggregate_output", "repetition": 2, "rejected": true}, {"control": "process_deadline", "repetition": 3, "rejected": true}, {"control": "aggregate_output", "repetition": 3, "rejected": true}]}
{"passed": true, "synthetic_checker_controls": true, "real_controller_proof": false, "controls": [{"control": "false_failure_success", "rejected": true}, {"control": "false_successful_exit", "rejected": true}, {"control": "unverified_source", "rejected": true}, {"control": "wrong_snapshot", "rejected": true}, {"control": "wrong_manifest", "rejected": true}, {"control": "wrong_pipeline", "rejected": true}, {"control": "wrong_observed_tool", "rejected": true}, {"control": "unbound_tool", "rejected": true}, {"control": "wrong_build", "rejected": true}, {"control": "unlinked_correction", "rejected": true}, {"control": "reused_key", "rejected": true}, {"control": "reused_admission", "rejected": true}, {"control": "missing_diagnostic", "rejected": true}, {"control": "successful_diagnostic", "rejected": true}, {"control": "nonfinite_observation", "rejected": true}, {"control": "regressed_observation", "rejected": true}, {"control": "cursor_gap", "rejected": true}, {"control": "undrained_terminal", "rejected": true}, {"control": "truncated_evidence", "rejected": true}, {"control": "missing_iterations", "rejected": true}, {"control": "censored_hidden", "rejected": true}, {"control": "nonfinite_latency", "rejected": true}, {"control": "impossible_latency", "rejected": true}, {"control": "latency_target_exceeded", "rejected": true}, {"control": "retention_missing", "rejected": true}, {"control": "retention_no_capacity_recovered", "rejected": true}, {"control": "retention_still_pending", "rejected": true}, {"control": "wrong_test_count", "rejected": true}, {"control": "wrong_failure_count", "rejected": true}, {"control": "wrong_artifact_sdk_hash", "rejected": true}, {"control": "wrong_declared_source", "rejected": true}, {"control": "altered-domain.xml", "rejected": true}, {"control": "altered-sdk.txt", "rejected": true}, {"control": "altered-source.json", "rejected": true}, {"control": "altered-snapshot.ndjson", "rejected": true}]}
seal verification: 2 receipt(s) recomputed from their own content, all match
FG-228 EVIDENCE PASS: 2 probe digests bound; 2 receipt seals recomputed
=== effect-checkpoint ledger proof (FG-026, blocking) ===
  rejected planted skip output
  rejected planted csi-decorated-skip output
  rejected planted missing-marker output
  rejected planted wrong-count output
  rejected planted failed-summary-with-zero-exit output
  rejected planted decorated-marker output
  rejected planted decorated-summary output
  rejected planted duplicate-summary output
  rejected planted nonzero-exit output
[00:26:58 INF] EXPECTO? Running tests... <Expecto>
[0mFG026_LIVE_PG=1 FG026_SCHEMA=0003/0005/0007 FG026_CONCURRENCY=16
[0m[00:26:59 INF] EXPECTO! 10 tests run in 00:00:00.7604271 for Fogell.Store.FG-026 effect checkpoint ledger – 10 passed, 0 ignored, 0 failed, 0 errored. Success! <Expecto>
[0mFG-026 EFFECT-LEDGER PROOF: parser rejects every planted false-green shape; live PostgreSQL schema 0003/0005/0007 and the exact ten-test ledger slice pass
=== grouped step-finish force proof (FG-207, blocking) ===
[37m[[37m00:27:03 [37mINF[37m] [37mEXPECTO? Running tests...[37m [37m<[37mExpecto[37m>[37m
[0m[1000D[?25h[37m[[37m00:27:03 [37mINF[37m] [37mEXPECTO! [36m8[37m tests run in [32m00:00:00.0734307[37m for [36mFogell.Journal.FG-207 grouped step completion durability[37m – [36m8[37m passed, [36m0[37m ignored, [36m0[37m failed, [36m0[37m errored. [36mSuccess![37m [37m<[37mExpecto[37m>[37m
[0mFG-207 optional strace proof: one journal force
FG-207 grouped step-finish force proof passed
=== descriptor-bound API token-file mutation proof (FG-251, blocking) ===
bash: cannot set terminal process group (3833428): Inappropriate ioctl for device
bash: no job control in this shell
  Determining projects to restore...
  Restored /tmp/fogell-fg251-mutant.Xef1nb/src/Fogell.Ir/Fogell.Ir.fsproj (in 145 ms).
  Restored /tmp/fogell-fg251-mutant.Xef1nb/src/Fogell.Domain/Fogell.Domain.fsproj (in 145 ms).
  Restored /tmp/fogell-fg251-mutant.Xef1nb/src/Fogell.Journal/Fogell.Journal.fsproj (in 145 ms).
  Restored /tmp/fogell-fg251-mutant.Xef1nb/src/Fogell.Groovy/Fogell.Groovy.fsproj (in 145 ms).
  Restored /tmp/fogell-fg251-mutant.Xef1nb/src/Fogell.Store/Fogell.Store.fsproj (in 145 ms).
  Restored /tmp/fogell-fg251-mutant.Xef1nb/src/Fogell.Admission/Fogell.Admission.fsproj (in 145 ms).
  Restored /tmp/fogell-fg251-mutant.Xef1nb/src/Fogell.Execution/Fogell.Execution.fsproj (in 145 ms).
  Restored /tmp/fogell-fg251-mutant.Xef1nb/src/Fogell.Groovy.Parser/Fogell.Groovy.Parser.fsproj (in 145 ms).
  Restored /tmp/fogell-fg251-mutant.Xef1nb/src/Fogell.Groovy.Interpreter/Fogell.Groovy.Interpreter.fsproj (in 145 ms).
  Restored /tmp/fogell-fg251-mutant.Xef1nb/src/Fogell.Pipeline.Parser/Fogell.Pipeline.Parser.fsproj (in 145 ms).
  Restored /tmp/fogell-fg251-mutant.Xef1nb/src/Fogell.Differential/Fogell.Differential.fsproj (in 145 ms).
  Restored /tmp/fogell-fg251-mutant.Xef1nb/src/Fogell.Controller.Api/Fogell.Controller.Api.fsproj (in 145 ms).
  Restored /tmp/fogell-fg251-mutant.Xef1nb/src/Fogell.Controller.Host/Fogell.Controller.Host.fsproj (in 145 ms).
  Restored /tmp/fogell-fg251-mutant.Xef1nb/tests/Fogell.Controller.Api.Tests/Fogell.Controller.Api.Tests.fsproj (in 145 ms).
bash: cannot set terminal process group (3833428): Inappropriate ioctl for device
bash: no job control in this shell
  Fogell.Domain -> /tmp/fogell-fg251-mutant.Xef1nb/src/Fogell.Domain/bin/Release/net10.0/Fogell.Domain.dll
  Fogell.Store -> /tmp/fogell-fg251-mutant.Xef1nb/src/Fogell.Store/bin/Release/net10.0/Fogell.Store.dll
  Fogell.Ir -> /tmp/fogell-fg251-mutant.Xef1nb/src/Fogell.Ir/bin/Release/net10.0/Fogell.Ir.dll
  Fogell.Admission -> /tmp/fogell-fg251-mutant.Xef1nb/src/Fogell.Admission/bin/Release/net10.0/Fogell.Admission.dll
  Fogell.Groovy -> /tmp/fogell-fg251-mutant.Xef1nb/src/Fogell.Groovy/bin/Release/net10.0/Fogell.Groovy.dll
  Fogell.Groovy.Parser -> /tmp/fogell-fg251-mutant.Xef1nb/src/Fogell.Groovy.Parser/bin/Release/net10.0/Fogell.Groovy.Parser.dll
  Fogell.Pipeline.Parser -> /tmp/fogell-fg251-mutant.Xef1nb/src/Fogell.Pipeline.Parser/bin/Release/net10.0/Fogell.Pipeline.Parser.dll
  Fogell.Execution -> /tmp/fogell-fg251-mutant.Xef1nb/src/Fogell.Execution/bin/Release/net10.0/Fogell.Execution.dll
Terminated
