jenkins:   http://127.0.0.1:18099 (core 2.568.1)
workspace: remote collector: ssh luigi "podman exec jenkins-lab bash -c \"printf %s c2V0I...

  archive-allow-empty-boolean.Jenkinsfile        PROVEN           archive-allow-empty-boolean.receipt.txt
  archive-artifacts.Jenkinsfile                  PROVEN           archive-artifacts.receipt.txt
  archive-empty-fails.Jenkinsfile                PROVEN           archive-empty-fails.receipt.txt
  archive-multi-pattern-advisory.Jenkinsfile     PROVEN           archive-multi-pattern-advisory.receipt.txt
  cancellation-selects-post-arm.Jenkinsfile      PROVEN           cancellation-selects-post-arm.receipt.txt
  checkout-scm-basic.Jenkinsfile                 PROVEN           checkout-scm-basic.receipt.txt
  checkout-scm-env-layering.Jenkinsfile          PROVEN           checkout-scm-env-layering.receipt.txt
  checkout-scm-skip-default.Jenkinsfile          PROVEN           checkout-scm-skip-default.receipt.txt
  checkout-scm-timeout-env.Jenkinsfile           PROVEN           checkout-scm-timeout-env.receipt.txt
  compile-refusal-invalid-eight.Jenkinsfile      PROVEN           compile-refusal-invalid-eight.receipt.txt
  credentials-file.Jenkinsfile                   PROVEN           credentials-file.receipt.txt
  credentials-returnstdout.Jenkinsfile           PROVEN           credentials-returnstdout.receipt.txt
  credentials-string.Jenkinsfile                 PROVEN           credentials-string.receipt.txt
  credentials-userpass-masking.Jenkinsfile       PROVEN           credentials-userpass-masking.receipt.txt
  credentials-userpass.Jenkinsfile               PROVEN           credentials-userpass.receipt.txt
  echo-credential-masking.Jenkinsfile            PROVEN           echo-credential-masking.receipt.txt
  echo-only.Jenkinsfile                          PROVEN           echo-only.receipt.txt
  echo-slashy-concat.Jenkinsfile                 PROVEN           echo-slashy-concat.receipt.txt
  env-escaped-and-dotted.Jenkinsfile             PROVEN           env-escaped-and-dotted.receipt.txt
  env-escaped-backslash.Jenkinsfile              PROVEN           env-escaped-backslash.receipt.txt
  env-inherited-output-fold.Jenkinsfile          PROVEN           env-inherited-output-fold.receipt.txt
  env-quote-override.Jenkinsfile                 PROVEN           env-quote-override.receipt.txt
  env-quote-provenance.Jenkinsfile               PROVEN           env-quote-provenance.receipt.txt
  env-scoping.Jenkinsfile                        PROVEN           env-scoping.receipt.txt
  fg015-instanceof.Jenkinsfile                   PROVEN           fg015-instanceof.receipt.txt
  fg015-multi-assign.Jenkinsfile                 PROVEN           fg015-multi-assign.receipt.txt
  fg015-nested-quote-gstring.Jenkinsfile         PROVEN           fg015-nested-quote-gstring.receipt.txt
  fg015-range.Jenkinsfile                        PROVEN           fg015-range.receipt.txt
  fg015-spread-dot-boundary.Jenkinsfile          PROVEN           fg015-spread-dot-boundary.receipt.txt
  fg015-spread-dot.Jenkinsfile                   PROVEN           fg015-spread-dot.receipt.txt
  fg015-spread-index-outer-writes.Jenkinsfile    PROVEN           fg015-spread-index-outer-writes.receipt.txt
  fg015-spread-index-safe-null.Jenkinsfile       PROVEN           fg015-spread-index-safe-null.receipt.txt
  fg015-switch.Jenkinsfile                       PROVEN           fg015-switch.receipt.txt
  fg015b-cycle-display-ancestry.Jenkinsfile      PROVEN           fg015b-cycle-display-ancestry.receipt.txt
  fg015b-cycle-sort-safety.Jenkinsfile           PROVEN           fg015b-cycle-sort-safety.receipt.txt
  fg015b-cyclic-equality-hash.Jenkinsfile        PROVEN           fg015b-cyclic-equality-hash.receipt.txt
  fg015b-cyclic-hosted-coercion.Jenkinsfile      PROVEN           fg015b-cyclic-hosted-coercion.receipt.txt
  fg015b-intrange-readonly.Jenkinsfile           PROVEN           fg015b-intrange-readonly.receipt.txt
  fg015b-list-index-boundaries.Jenkinsfile       PROVEN           fg015b-list-index-boundaries.receipt.txt
  fg015b-list-index-identity.Jenkinsfile         PROVEN           fg015b-list-index-identity.receipt.txt
  fg015b-list-index-self-cycle.Jenkinsfile       PROVEN           fg015b-list-index-self-cycle.receipt.txt
  fg015b-live-list-iteration.Jenkinsfile         PROVEN           fg015b-live-list-iteration.receipt.txt
  fg015b-scalar-index-timing.Jenkinsfile         PROVEN           fg015b-scalar-index-timing.receipt.txt
  fg015b-sort-receiver-identity.Jenkinsfile      PROVEN           fg015b-sort-receiver-identity.receipt.txt
  fg177-cleanup-catch-recovery.Jenkinsfile       PROVEN           fg177-cleanup-catch-recovery.receipt.txt
  fg177-cleanup-new-halt-nested-finally.Jenkin   PROVEN           fg177-cleanup-new-halt-nested-finally.receipt.txt
  fg177-cleanup-new-halt-return.Jenkinsfile      PROVEN           fg177-cleanup-new-halt-return.receipt.txt
  fg177-cleanup-new-halt.Jenkinsfile             PROVEN           fg177-cleanup-new-halt.receipt.txt
  fg177-cleanup-status-halt.Jenkinsfile          PROVEN           fg177-cleanup-status-halt.receipt.txt
  fg177-cleanup-status-nested-finally.Jenkinsf   PROVEN           fg177-cleanup-status-nested-finally.receipt.txt
  fg177-cleanup-status-retry.Jenkinsfile         PROVEN           fg177-cleanup-status-retry.receipt.txt
  fg177-cleanup-status-unstable-continues.Jenk   PROVEN           fg177-cleanup-status-unstable-continues.receipt.txt
  fg177-finally-unwind.Jenkinsfile               PROVEN           fg177-finally-unwind.receipt.txt
  fg177-genuine-null-basic.Jenkinsfile           PROVEN           fg177-genuine-null-basic.receipt.txt
  fg177-genuine-null-binding.Jenkinsfile         PROVEN           fg177-genuine-null-binding.receipt.txt
  fg177-genuine-null-stateful.Jenkinsfile        PROVEN           fg177-genuine-null-stateful.receipt.txt
  fg177-junit-pass-count-zero.Jenkinsfile        PROVEN           fg177-junit-pass-count-zero.receipt.txt
  fg177-junit-pass-count.Jenkinsfile             PROVEN           fg177-junit-pass-count.receipt.txt
  fg177-junit-skip-marking-build-unstable-fals   PROVEN           fg177-junit-skip-marking-build-unstable-false.receipt.txt
  fg177-junit-skip-marking-build-unstable.Jenk   PROVEN           fg177-junit-skip-marking-build-unstable.receipt.txt
  fg177-junit-stage-matrix-b0s0.Jenkinsfile      PROVEN           fg177-junit-stage-matrix-b0s0.receipt.txt
  fg177-junit-stage-matrix-b0s1.Jenkinsfile      PROVEN           fg177-junit-stage-matrix-b0s1.receipt.txt
  fg177-junit-stage-matrix-b1s0.Jenkinsfile      PROVEN           fg177-junit-stage-matrix-b1s0.receipt.txt
  fg177-junit-stage-matrix-b1s1.Jenkinsfile      PROVEN           fg177-junit-stage-matrix-b1s1.receipt.txt
  fg177-junit-summary-counts.Jenkinsfile         PROVEN           fg177-junit-summary-counts.receipt.txt
  fg177-retry-child-halt-recovers.Jenkinsfile    PROVEN           fg177-retry-child-halt-recovers.receipt.txt
  fg177-step-schema-constructor-throw.Jenkinsf   PROVEN           fg177-step-schema-constructor-throw.receipt.txt
  fg177-step-schema-dir-binding-class.Jenkinsf   PROVEN           fg177-step-schema-dir-binding-class.receipt.txt
  fg177-step-schema-halted-unreachable.Jenkins   PROVEN           fg177-step-schema-halted-unreachable.receipt.txt
  fg177-step-schema-requiredness.Jenkinsfile     PROVEN           fg177-step-schema-requiredness.receipt.txt
  fg177-step-schema-warn-continue.Jenkinsfile    PROVEN           fg177-step-schema-warn-continue.receipt.txt
  fg177-wrapper-body-result.Jenkinsfile          PROVEN           fg177-wrapper-body-result.receipt.txt
  fg208-junit-empty-any-extension.Jenkinsfile    PROVEN           fg208-junit-empty-any-extension.receipt.txt
  fg208-junit-malformed-mixed.Jenkinsfile        PROVEN           fg208-junit-malformed-mixed.receipt.txt
  fg208-junit-malformed-xml.Jenkinsfile          PROVEN           fg208-junit-malformed-xml.receipt.txt
  fg209-junit-inconsistent-aggregate-attrs.Jen   PROVEN           fg209-junit-inconsistent-aggregate-attrs.receipt.txt
  fg209-junit-missing-aggregate-attrs.Jenkinsf   PROVEN           fg209-junit-missing-aggregate-attrs.receipt.txt
  fg209-junit-negative-aggregate-attrs.Jenkins   PROVEN           fg209-junit-negative-aggregate-attrs.receipt.txt
  fg209-junit-nonnumeric-aggregate-attrs.Jenki   PROVEN           fg209-junit-nonnumeric-aggregate-attrs.receipt.txt
  fg210-junit-no-match-allow-empty.Jenkinsfile   PROVEN           fg210-junit-no-match-allow-empty.receipt.txt
  fg210-junit-no-match-default.Jenkinsfile       PROVEN           fg210-junit-no-match-default.receipt.txt
  fg210-junit-zero-result-allow-empty.Jenkinsf   PROVEN           fg210-junit-zero-result-allow-empty.receipt.txt
  fg210-junit-zero-result-default.Jenkinsfile    PROVEN           fg210-junit-zero-result-default.receipt.txt
  fg210-junit-zero-result-explicit-false.Jenki   PROVEN           fg210-junit-zero-result-explicit-false.receipt.txt
  fg210-junit-zero-result-sibling.Jenkinsfile    PROVEN           fg210-junit-zero-result-sibling.receipt.txt
  fg211-junit-dotted-name-fallback.Jenkinsfile   PROVEN           fg211-junit-dotted-name-fallback.receipt.txt
  fg211-junit-invalid-sibling-poisoning.Jenkin   PROVEN           fg211-junit-invalid-sibling-poisoning.receipt.txt
  fg211-junit-missing-identity.Jenkinsfile       PROVEN           fg211-junit-missing-identity.receipt.txt
  fg211-junit-owner-name-fallback.Jenkinsfile    PROVEN           fg211-junit-owner-name-fallback.receipt.txt
  fg211-junit-wrapper-classname-markers.Jenkin   PROVEN           fg211-junit-wrapper-classname-markers.receipt.txt
  fg211-junit-wrapper-classname-pass.Jenkinsfi   PROVEN           fg211-junit-wrapper-classname-pass.receipt.txt
  fg212-junit-missing-name-classname-markers.J   PROVEN           fg212-junit-missing-name-classname-markers.receipt.txt
  fg212-junit-missing-name-owner-fallback.Jenk   PROVEN           fg212-junit-missing-name-owner-fallback.receipt.txt
  fg212-junit-missing-name-terminal.Jenkinsfil   PROVEN           fg212-junit-missing-name-terminal.receipt.txt
  fg213-junit-count-accessors-empty.Jenkinsfil   PROVEN           fg213-junit-count-accessors-empty.receipt.txt
  fg213-junit-count-accessors-positive.Jenkins   PROVEN           fg213-junit-count-accessors-positive.receipt.txt
  fg214-junit-duration-empty.Jenkinsfile         PROVEN           fg214-junit-duration-empty.receipt.txt
  fg214-junit-duration-positive.Jenkinsfile      PROVEN           fg214-junit-duration-positive.receipt.txt
  fg215-junit-namespace-declaration-not-attrib   PROVEN           fg215-junit-namespace-declaration-not-attribute.receipt.txt
  fg215-junit-namespaced-local-names-positive.   PROVEN           fg215-junit-namespaced-local-names-positive.receipt.txt
  fg216-junit-pattern-case-only-miss.Jenkinsfi   PROVEN           fg216-junit-pattern-case-only-miss.receipt.txt
  fg216-junit-pattern-case-sensitive-selection   PROVEN           fg216-junit-pattern-case-sensitive-selection.receipt.txt
  fg217-junit-ant-default-excludes-selection.J   PROVEN           fg217-junit-ant-default-excludes-selection.receipt.txt
  fg217-junit-ant-default-excludes-terminal.Je   PROVEN           fg217-junit-ant-default-excludes-terminal.receipt.txt
  fg218-junit-repeated-separators-corpus.Jenki   PROVEN           fg218-junit-repeated-separators-corpus.receipt.txt
  fg219-junit-trailing-directory-doubled.Jenki   PROVEN           fg219-junit-trailing-directory-doubled.receipt.txt
  fg219-junit-trailing-directory-single.Jenkin   PROVEN           fg219-junit-trailing-directory-single.receipt.txt
  fg220-junit-skip-old-all-allow-empty.Jenkins   PROVEN           fg220-junit-skip-old-all-allow-empty.receipt.txt
  fg220-junit-skip-old-mixed.Jenkinsfile         PROVEN           fg220-junit-skip-old-mixed.receipt.txt
  fg221-junit-dangling-links.Jenkinsfile         PROVEN           fg221-junit-dangling-links.receipt.txt
  fg221-junit-symlink-loop.Jenkinsfile           PROVEN           fg221-junit-symlink-loop.receipt.txt
  git-step-clone.Jenkinsfile                     PROVEN           git-step-clone.receipt.txt
  git-step-default-branch.Jenkinsfile            PROVEN           git-step-default-branch.receipt.txt
  git-step-deletedir.b1.Jenkinsfile              PROVEN           git-step-deletedir.b1.receipt.txt
  git-step-deletedir.b2.Jenkinsfile              PROVEN           git-step-deletedir.b2.receipt.txt
  git-step-refetch.b1.Jenkinsfile                PROVEN           git-step-refetch.b1.receipt.txt
  git-step-refetch.b2.Jenkinsfile                PROVEN           git-step-refetch.b2.receipt.txt
  gstring-binding-across-steps.Jenkinsfile       PROVEN           gstring-binding-across-steps.receipt.txt
  gstring-comment-in-placeholder.Jenkinsfile     PROVEN           gstring-comment-in-placeholder.receipt.txt
  gstring-env-missing-null.Jenkinsfile           PROVEN           gstring-env-missing-null.receipt.txt
  gstring-inherited-env-resolves.Jenkinsfile     PROVEN           gstring-inherited-env-resolves.receipt.txt
  gstring-shared-binding.Jenkinsfile             PROVEN           gstring-shared-binding.receipt.txt
  gstring-string-property-fails.Jenkinsfile      PROVEN           gstring-string-property-fails.receipt.txt
  gstring-unresolved-in-expression.Jenkinsfile   PROVEN           gstring-unresolved-in-expression.receipt.txt
  gstring-unresolved-property.Jenkinsfile        PROVEN           gstring-unresolved-property.receipt.txt
  gstring-wrapper-args.Jenkinsfile               PROVEN           gstring-wrapper-args.receipt.txt
  input-division-in-gstring.Jenkinsfile          PROVEN           input-division-in-gstring.receipt.txt
  input-escaped-dollar.Jenkinsfile               PROVEN           input-escaped-dollar.receipt.txt
  input-expression-args.Jenkinsfile              PROVEN           input-expression-args.receipt.txt
  input-failfast-is-failure.Jenkinsfile          PROVEN           input-failfast-is-failure.receipt.txt
  input-gstring-expression.Jenkinsfile           PROVEN           input-gstring-expression.receipt.txt
  input-gstring-label.Jenkinsfile                PROVEN           input-gstring-label.receipt.txt
  input-ok-label.Jenkinsfile                     PROVEN           input-ok-label.receipt.txt
  input-positional-escaped-dollar.Jenkinsfile    PROVEN           input-positional-escaped-dollar.receipt.txt
  input-positional-literal.Jenkinsfile           PROVEN           input-positional-literal.receipt.txt
  input-slashy-literal.Jenkinsfile               PROVEN           input-slashy-literal.receipt.txt
  input-timeout-aborts.Jenkinsfile               PROVEN           input-timeout-aborts.receipt.txt
  junit-failing.Jenkinsfile                      PROVEN           junit-failing.receipt.txt
  junit-passing.Jenkinsfile                      PROVEN           junit-passing.receipt.txt
  nested-wrappers.Jenkinsfile                    PROVEN           nested-wrappers.receipt.txt
  nonzero-exit.Jenkinsfile                       PROVEN           nonzero-exit.receipt.txt
  options-accept-and-ignore.Jenkinsfile          PROVEN           options-accept-and-ignore.receipt.txt
  options-ansicolor.Jenkinsfile                  PROVEN           options-ansicolor.receipt.txt
  options-retry-one-with-post.Jenkinsfile        PROVEN           options-retry-one-with-post.receipt.txt
  options-skip-after-unstable-nested.Jenkinsfi   PROVEN           options-skip-after-unstable-nested.receipt.txt
  options-skip-after-unstable.Jenkinsfile        PROVEN           options-skip-after-unstable.receipt.txt
  options-stage-retry-exhausted.Jenkinsfile      PROVEN           options-stage-retry-exhausted.receipt.txt
  options-stage-retry.Jenkinsfile                PROVEN           options-stage-retry.receipt.txt
  options-timeout-beside-nested-call.Jenkinsfi   PROVEN           options-timeout-beside-nested-call.receipt.txt
  options-timeout-pipeline.Jenkinsfile           PROVEN           options-timeout-pipeline.receipt.txt
  options-timeout-stage.Jenkinsfile              PROVEN           options-timeout-stage.receipt.txt
  options-timeout-wraps-post.Jenkinsfile         PROVEN           options-timeout-wraps-post.receipt.txt
  options-timestamps-compact.Jenkinsfile         PROVEN           options-timestamps-compact.receipt.txt
  options-timestamps-scm.Jenkinsfile             PROVEN           options-timestamps-scm.receipt.txt
  options-timestamps.Jenkinsfile                 PROVEN           options-timestamps.receipt.txt
  options-unstable-runs-on.Jenkinsfile           PROVEN           options-unstable-runs-on.receipt.txt
  parallel-always-failfast.Jenkinsfile           PROVEN           parallel-always-failfast.receipt.txt
  parallel-failfast.Jenkinsfile                  PROVEN           parallel-failfast.receipt.txt
  parallel-inherited-env-fold.Jenkinsfile        PROVEN           parallel-inherited-env-fold.receipt.txt
  parallel-literal-not-folded.Jenkinsfile        PROVEN           parallel-literal-not-folded.receipt.txt
  parallel-post-selection.Jenkinsfile            PROVEN           parallel-post-selection.receipt.txt
  parallel-siblings-finish.Jenkinsfile           PROVEN           parallel-siblings-finish.receipt.txt
  post-arm-reselected.Jenkinsfile                PROVEN           post-arm-reselected.receipt.txt
  post-exit-env-read-fault.Jenkinsfile           PROVEN           post-exit-env-read-fault.receipt.txt
  post-exit-env-read.Jenkinsfile                 PROVEN           post-exit-env-read.receipt.txt
  post-failure-stops-pipeline.Jenkinsfile        PROVEN           post-failure-stops-pipeline.receipt.txt
  post-history.b1.Jenkinsfile                    PROVEN           post-history.b1.receipt.txt
  post-history.b2.Jenkinsfile                    PROVEN           post-history.b2.receipt.txt
  post-history.b3.Jenkinsfile                    PROVEN           post-history.b3.receipt.txt
  post-history.b4.Jenkinsfile                    PROVEN           post-history.b4.receipt.txt
  post-order-failure.Jenkinsfile                 PROVEN           post-order-failure.receipt.txt
  post-order-success.Jenkinsfile                 PROVEN           post-order-success.receipt.txt
  publish-named-args-interpolated.Jenkinsfile    PROVEN           publish-named-args-interpolated.receipt.txt
  publish-secret-in-pattern.Jenkinsfile          PROVEN           publish-secret-in-pattern.receipt.txt
  retry-exhausts.Jenkinsfile                     PROVEN           retry-exhausts.receipt.txt
  retry-succeeds.Jenkinsfile                     PROVEN           retry-succeeds.receipt.txt
  retry-timeout-retries.Jenkinsfile              PROVEN           retry-timeout-retries.receipt.txt
  script-block-if-branch.Jenkinsfile             PROVEN           script-block-if-branch.receipt.txt
  script-block-runs.Jenkinsfile                  PROVEN           script-block-runs.receipt.txt
  script-body-local-does-not-persist.Jenkinsfi   PROVEN           script-body-local-does-not-persist.receipt.txt
  script-bodyless-dir.Jenkinsfile                PROVEN           script-bodyless-dir.receipt.txt
  script-break-keeps-assignment.Jenkinsfile      PROVEN           script-break-keeps-assignment.receipt.txt
  script-capture-escaped-descendant.Jenkinsfil   PROVEN           script-capture-escaped-descendant.receipt.txt
  script-closure-argument-to-plain-step.Jenkin   PROVEN           script-closure-argument-to-plain-step.receipt.txt
  script-closure-call-spelling.Jenkinsfile       PROVEN           script-closure-call-spelling.receipt.txt
  script-closure-each.Jenkinsfile                PROVEN           script-closure-each.receipt.txt
  script-closure-identity-eq.Jenkinsfile         PROVEN           script-closure-identity-eq.receipt.txt
  script-closure-mutates-enclosing.Jenkinsfile   PROVEN           script-closure-mutates-enclosing.receipt.txt
  script-closure-mutates-ordinary.Jenkinsfile    PROVEN           script-closure-mutates-ordinary.receipt.txt
  script-closure-param-named-env.Jenkinsfile     PROVEN           script-closure-param-named-env.receipt.txt
  script-comment-marker-split.Jenkinsfile        PROVEN           script-comment-marker-split.receipt.txt
  script-cyclic-closure-eq.Jenkinsfile           PROVEN           script-cyclic-closure-eq.receipt.txt
  script-cyclic-map-display.Jenkinsfile          PROVEN           script-cyclic-map-display.receipt.txt
  script-cyclic-map-eq.Jenkinsfile               PROVEN           script-cyclic-map-eq.receipt.txt
  script-deletedir-argument.Jenkinsfile          PROVEN           script-deletedir-argument.receipt.txt
  script-dir-body.Jenkinsfile                    PROVEN           script-dir-body.receipt.txt
  script-dir-comma-closure.Jenkinsfile           PROVEN           script-dir-comma-closure.receipt.txt
  script-dir-named-path.Jenkinsfile              PROVEN           script-dir-named-path.receipt.txt
  script-echo-no-message.Jenkinsfile             PROVEN           script-echo-no-message.receipt.txt
  script-env-alias-restoration.Jenkinsfile       PROVEN           script-env-alias-restoration.receipt.txt
  script-for-in-break.Jenkinsfile                PROVEN           script-for-in-break.receipt.txt
  script-helper-arity-mismatch.Jenkinsfile       PROVEN           script-helper-arity-mismatch.receipt.txt
  script-helper-named-args-rejected.Jenkinsfil   PROVEN           script-helper-named-args-rejected.receipt.txt
  script-helper-overload-by-arity.Jenkinsfile    PROVEN           script-helper-overload-by-arity.receipt.txt
  script-index-grouped-newline.Jenkinsfile       PROVEN           script-index-grouped-newline.receipt.txt
  script-local-closure-shadows-helper.Jenkinsf   PROVEN           script-local-closure-shadows-helper.receipt.txt
  script-local-env-map-is-not-jenkins-env.Jenk   PROVEN           script-local-env-map-is-not-jenkins-env.receipt.txt
  script-local-named-env-shadows.Jenkinsfile     PROVEN           script-local-named-env-shadows.receipt.txt
  script-local-shadows-wrapper-env.Jenkinsfile   PROVEN           script-local-shadows-wrapper-env.receipt.txt
  script-loop-closure-eq.Jenkinsfile             PROVEN           script-loop-closure-eq.receipt.txt
  script-map-alias-mutation.Jenkinsfile          PROVEN           script-map-alias-mutation.receipt.txt
  script-mixed-positional-named.Jenkinsfile      PROVEN           script-mixed-positional-named.receipt.txt
  script-nested-wrappers-env.Jenkinsfile         PROVEN           script-nested-wrappers-env.receipt.txt
  script-newline-ends-statement.Jenkinsfile      PROVEN           script-newline-ends-statement.receipt.txt
  script-nonmap-write-caught.Jenkinsfile         PROVEN           script-nonmap-write-caught.receipt.txt
  script-null-write-caught.Jenkinsfile           PROVEN           script-null-write-caught.receipt.txt
  script-octal-escape.Jenkinsfile                PROVEN           script-octal-escape.receipt.txt
  script-retry-attempts.Jenkinsfile              PROVEN           script-retry-attempts.receipt.txt
  script-retry-exhausts-fault.Jenkinsfile        PROVEN           script-retry-exhausts-fault.receipt.txt
  script-retry-halts-attempt-on-refusal.Jenkin   PROVEN           script-retry-halts-attempt-on-refusal.receipt.txt
  script-retry-keeps-locals.Jenkinsfile          PROVEN           script-retry-keeps-locals.receipt.txt
  script-retry-named-count.Jenkinsfile           PROVEN           script-retry-named-count.receipt.txt
  script-retry-recovers-fault.Jenkinsfile        PROVEN           script-retry-recovers-fault.receipt.txt
  script-retry-sh-exhausts.Jenkinsfile           PROVEN           script-retry-sh-exhausts.receipt.txt
  script-retry-sh-recovers.Jenkinsfile           PROVEN           script-retry-sh-recovers.receipt.txt
  script-retry-zero.Jenkinsfile                  PROVEN           script-retry-zero.receipt.txt
  script-return-is-closure-local.Jenkinsfile     PROVEN           script-return-is-closure-local.receipt.txt
  script-returnstatus-timeout.Jenkinsfile        PROVEN           script-returnstatus-timeout.receipt.txt
  script-same-ast-closure-eq.Jenkinsfile         PROVEN           script-same-ast-closure-eq.receipt.txt
  script-sh-return-both.Jenkinsfile              PROVEN           script-sh-return-both.receipt.txt
  script-sh-returnstatus.Jenkinsfile             PROVEN           script-sh-returnstatus.receipt.txt
  script-sh-returnstdout.Jenkinsfile             PROVEN           script-sh-returnstdout.receipt.txt
  script-sh-two-positionals.Jenkinsfile          PROVEN           script-sh-two-positionals.receipt.txt
  script-sibling-wrapper-env.Jenkinsfile         PROVEN           script-sibling-wrapper-env.receipt.txt
  script-slashy-brace.Jenkinsfile                PROVEN           script-slashy-brace.receipt.txt
  script-switch-break-and-fallthrough.Jenkinsf   PROVEN           script-switch-break-and-fallthrough.receipt.txt
  script-switch-case-break.Jenkinsfile           PROVEN           script-switch-case-break.receipt.txt
  script-takes-no-arguments.Jenkinsfile          PROVEN           script-takes-no-arguments.receipt.txt
  script-timeout-bound.Jenkinsfile               PROVEN           script-timeout-bound.receipt.txt
  script-timeout-two-positionals.Jenkinsfile     PROVEN           script-timeout-two-positionals.receipt.txt
  script-toplevel-helper.Jenkinsfile             PROVEN           script-toplevel-helper.receipt.txt
  script-try-catches-sh-failure.Jenkinsfile      PROVEN           script-try-catches-sh-failure.receipt.txt
  script-uncaught-sh-still-fails.Jenkinsfile     PROVEN           script-uncaught-sh-still-fails.receipt.txt
  script-unresolved-variable.Jenkinsfile         PROVEN           script-unresolved-variable.receipt.txt
  script-withenv-body-sees-env.Jenkinsfile       PROVEN           script-withenv-body-sees-env.receipt.txt
  script-withenv-body.Jenkinsfile                PROVEN           script-withenv-body.receipt.txt
  script-withenv-named-overrides.Jenkinsfile     PROVEN           script-withenv-named-overrides.receipt.txt
  sequence-carries-state.b1.Jenkinsfile          PROVEN           sequence-carries-state.b1.receipt.txt
  sequence-carries-state.b2.Jenkinsfile          PROVEN           sequence-carries-state.b2.receipt.txt
  sh-escape-edges.Jenkinsfile                    PROVEN           sh-escape-edges.receipt.txt
  sh-escaped-dollar-named-arg.Jenkinsfile        PROVEN           sh-escaped-dollar-named-arg.receipt.txt
  sh-gstring-interpolation.Jenkinsfile           PROVEN           sh-gstring-interpolation.receipt.txt
  sh-octal-escape.Jenkinsfile                    PROVEN           sh-octal-escape.receipt.txt
  sh-secret-interpolation-warning.Jenkinsfile    PROVEN           sh-secret-interpolation-warning.receipt.txt
  sh-slashy-escape.Jenkinsfile                   PROVEN           sh-slashy-escape.receipt.txt
  shell-and-file.Jenkinsfile                     PROVEN           shell-and-file.receipt.txt
  stash-empty-fails.Jenkinsfile                  PROVEN           stash-empty-fails.receipt.txt
  stash-excludes.Jenkinsfile                     PROVEN           stash-excludes.receipt.txt
  stash-not-carried.b1.Jenkinsfile               PROVEN           stash-not-carried.b1.receipt.txt
  stash-not-carried.b2.Jenkinsfile               PROVEN           stash-not-carried.b2.receipt.txt
  stash-unstash.Jenkinsfile                      PROVEN           stash-unstash.receipt.txt
  steps-semicolon-after-raw-arg.Jenkinsfile      PROVEN           steps-semicolon-after-raw-arg.receipt.txt
  steps-semicolon-separated.Jenkinsfile          PROVEN           steps-semicolon-separated.receipt.txt
  timeout-block-deadline.Jenkinsfile             PROVEN           timeout-block-deadline.receipt.txt
  timeout-days-unit.Jenkinsfile                  PROVEN           timeout-days-unit.receipt.txt
  timeout-seconds.Jenkinsfile                    PROVEN           timeout-seconds.receipt.txt
  undeclared-deadline-unbounded.Jenkinsfile      PROVEN           undeclared-deadline-unbounded.receipt.txt
  when-conditions.Jenkinsfile                    PROVEN           when-conditions.receipt.txt
  when-context-conditions.Jenkinsfile            PROVEN           when-context-conditions.receipt.txt
  when-env-expression.Jenkinsfile                PROVEN           when-env-expression.receipt.txt
  when-scm-and-equals.Jenkinsfile                PROVEN           when-scm-and-equals.receipt.txt
  when-scm-pattern-keys.Jenkinsfile              PROVEN           when-scm-pattern-keys.receipt.txt
  when-siblings-and-jenkins-vars.Jenkinsfile     PROVEN           when-siblings-and-jenkins-vars.receipt.txt
  when-slashy-brace.Jenkinsfile                  PROVEN           when-slashy-brace.receipt.txt
  withenv-comma-value.Jenkinsfile                PROVEN           withenv-comma-value.receipt.txt
  withenv-escaped-dollar.Jenkinsfile             PROVEN           withenv-escaped-dollar.receipt.txt
  withenv-path-augmentation.Jenkinsfile          PROVEN           withenv-path-augmentation.receipt.txt
  withenv-path-last-wins.Jenkinsfile             PROVEN           withenv-path-last-wins.receipt.txt
  withenv-path-no-base.Jenkinsfile               PROVEN           withenv-path-no-base.receipt.txt
  withenv-path-same-list.Jenkinsfile             PROVEN           withenv-path-same-list.receipt.txt
  withenv-scoping.Jenkinsfile                    PROVEN           withenv-scoping.receipt.txt
  xtrace-continuation-inherited.Jenkinsfile      PROVEN           xtrace-continuation-inherited.receipt.txt

tier-1 proven (incl. workspace): 282 / 282
proven-partial (result+output):  0 / 282
