MUTANT m01-source-vs-source sha256=a33af7ca180771a7d6383439e41e7b0f41dc306cd61fece139e019f5acbfc876 candidate-restored=6c0b44ddb99642b240ee274264e291ba97b3462443e0eda5273b2bf203bab686
MUTANT m02-row-count-only sha256=3593f302de8d972dd46bb7468f0c4cd1a5c00ff0c6594199ae9193ce49bd13da candidate-restored=6c0b44ddb99642b240ee274264e291ba97b3462443e0eda5273b2bf203bab686
MUTANT m03-omit-schema sha256=6c81360fc29f8491eea975ac1e7c48b0854b770b3026db1cac2ad1da02e2b6b1 candidate-restored=6c0b44ddb99642b240ee274264e291ba97b3462443e0eda5273b2bf203bab686
MUTANT m04-omit-sequences sha256=2452adcba0fc282e65a1b99a8ebf7196285bd4ed629d1f3e57664bb029b6094c candidate-restored=6c0b44ddb99642b240ee274264e291ba97b3462443e0eda5273b2bf203bab686
MUTANT m05-no-sort sha256=ad8d0e272f87a013f7ee56889c170bf64ff72140d6542b0b635ef3ec1043d686 candidate-restored=6c0b44ddb99642b240ee274264e291ba97b3462443e0eda5273b2bf203bab686
MUTANT m06-ignore-dump-rc sha256=df0608cdd555e086f4f12913943dd9d48db053624e13a03f038b339d116dbf74 candidate-restored=6c0b44ddb99642b240ee274264e291ba97b3462443e0eda5273b2bf203bab686
MUTANT m07-empty-archive sha256=d5d8b2ff71bffb6c40b2f3cca1d31fcb71be6a0cabab70bc44969949106e3255 candidate-restored=6c0b44ddb99642b240ee274264e291ba97b3462443e0eda5273b2bf203bab686
MUTANT m08-empty-inventory sha256=b3d6faa99a3d569432d695b40c140e385b8f108453c450ec3065d3c9e2fbf6a7 candidate-restored=6c0b44ddb99642b240ee274264e291ba97b3462443e0eda5273b2bf203bab686
MUTANT m09-contaminated-target sha256=7ed344976c143d62cc26f2a73e4cf680f77cea228613c82147fdca0d1fdc535f candidate-restored=6c0b44ddb99642b240ee274264e291ba97b3462443e0eda5273b2bf203bab686
MUTANT m10-corrupt-after-hash sha256=43a1690976da7923da25f408bda9a1fe1dde367dc3f4ced9ed51d6045e5accbd candidate-restored=6c0b44ddb99642b240ee274264e291ba97b3462443e0eda5273b2bf203bab686
MUTANT m11-broaden-prefix sha256=c606970edeaadeac2ff0a66012d2fdc095e304e6e9d24fc717bbaf2a14a794ed candidate-restored=6c0b44ddb99642b240ee274264e291ba97b3462443e0eda5273b2bf203bab686
MUTANT m12-ignore-restore-rc sha256=c1742ab3665c9e2f5ef398c28aa90d45734f5bd271cd09d2dec619443d9426d6 candidate-restored=6c0b44ddb99642b240ee274264e291ba97b3462443e0eda5273b2bf203bab686
MUTANT m13-ignore-cleanup-failure sha256=24505d4c65574a3c0fe2384ad72a6f398abe2fb969852e6f9675cc1757f17f59 candidate-restored=6c0b44ddb99642b240ee274264e291ba97b3462443e0eda5273b2bf203bab686
MUTANT m14-raw-schema-guards sha256=258a4af019790fe15dd8e7272257e99bf65d3754c719d5507ba1dab77faa9eb1 candidate-restored=6c0b44ddb99642b240ee274264e291ba97b3462443e0eda5273b2bf203bab686
MUTANT m15-reintroduce-between sha256=9f6bccf4713dfeba51d58f03f548f1555289aba280acc7211848164e8d624c9f candidate-restored=22b1049db8b55a99e82b7565ff51a4060be2212d927ec31cddd227b1cfc91590
FG-085a PROOF PASS: 15 unique byte-changing mutants killed; canonical-constraint omission, empty schema/sequence, truncated archive, and tool-major controls refused
pg_dump: warning: there are circular foreign-key constraints on this table:
pg_dump: detail: attempts
pg_dump: hint: You might not be able to restore the dump without using --disable-triggers or temporarily dropping the constraints.
pg_dump: hint: Consider using a full dump instead of a --data-only dump to avoid this problem.
pg_dump: warning: there are circular foreign-key constraints on this table:
pg_dump: detail: attempts
pg_dump: hint: You might not be able to restore the dump without using --disable-triggers or temporarily dropping the constraints.
pg_dump: hint: Consider using a full dump instead of a --data-only dump to avoid this problem.
FG-085a PASS server-major=16 archive-sha256=2205193bf62c792beff48572241f8f130948e9d2092c8ad030b8bce791bc825a schema-sha256=bed8a89b7a6f714f231aa217209a758e32435cbf73a1d906dbf73901048438b3 data-sha256=3548364bb9496aca7575a7d0766fcbd9e2fc31609c0869e0ef3f01f9e9b241e3 sequences-sha256=572c919ecc6ff689513b8df0bfab59fb275936ed35f8d87c10006d892d550bc5
