WARNING: A restricted method in java.lang.System has been called
WARNING: java.lang.System::load has been called by org.fusesource.jansi.internal.JansiLoader in an unnamed module (file:/home/srikanth/fogell-build-jenkins/maven/lib/jansi-2.4.1.jar)
WARNING: Use --enable-native-access=ALL-UNNAMED to avoid a warning for callers in this module
WARNING: Restricted methods will be blocked in a future release unless native access is enabled

WARNING: A terminally deprecated method in sun.misc.Unsafe has been called
WARNING: sun.misc.Unsafe::objectFieldOffset has been called by com.google.common.util.concurrent.AbstractFuture$UnsafeAtomicHelper (file:/home/srikanth/fogell-build-jenkins/maven/lib/guava-33.2.1-jre.jar)
WARNING: Please consider reporting this to the maintainers of class com.google.common.util.concurrent.AbstractFuture$UnsafeAtomicHelper
WARNING: sun.misc.Unsafe::objectFieldOffset will be removed in a future release
[INFO] Scanning for projects...
[INFO] Downloading from central: https://repo.maven.apache.org/maven2/org/apache/camel/camel-bom/4.21.0/camel-bom-4.21.0.pom
[INFO] Downloaded from central: https://repo.maven.apache.org/maven2/org/apache/camel/camel-bom/4.21.0/camel-bom-4.21.0.pom (90 kB at 119 kB/s)
[INFO] Downloading from central: https://repo.maven.apache.org/maven2/org/apache/camel/camel/4.21.0/camel-4.21.0.pom
[INFO] Downloaded from central: https://repo.maven.apache.org/maven2/org/apache/camel/camel/4.21.0/camel-4.21.0.pom (26 kB at 665 kB/s)
[INFO] Downloading from central: https://repo.maven.apache.org/maven2/org/eclipse/jetty/jetty-bom/12.1.11/jetty-bom-12.1.11.pom
[INFO] Downloaded from central: https://repo.maven.apache.org/maven2/org/eclipse/jetty/jetty-bom/12.1.11/jetty-bom-12.1.11.pom (17 kB at 548 kB/s)
[INFO] Downloading from central: https://repo.maven.apache.org/maven2/org/eclipse/jetty/ee11/jetty-ee11-bom/12.1.11/jetty-ee11-bom-12.1.11.pom
[INFO] Downloaded from central: https://repo.maven.apache.org/maven2/org/eclipse/jetty/ee11/jetty-ee11-bom/12.1.11/jetty-ee11-bom-12.1.11.pom (9.4 kB at 247 kB/s)
[INFO] Downloading from central: https://repo.maven.apache.org/maven2/org/apache/felix/maven-bundle-plugin/6.1.0/maven-bundle-plugin-6.1.0.pom
[INFO] Downloaded from central: https://repo.maven.apache.org/maven2/org/apache/felix/maven-bundle-plugin/6.1.0/maven-bundle-plugin-6.1.0.pom (12 kB at 334 kB/s)
[INFO] Downloading from central: https://repo.maven.apache.org/maven2/org/osgi/osgi.core/8.0.0/osgi.core-8.0.0.pom
[INFO] Downloaded from central: https://repo.maven.apache.org/maven2/org/osgi/osgi.core/8.0.0/osgi.core-8.0.0.pom (1.6 kB at 54 kB/s)
[INFO] Downloading from central: https://repo.maven.apache.org/maven2/org/apache/felix/org.apache.felix.metatype/1.2.4/org.apache.felix.metatype-1.2.4.pom
[INFO] Downloaded from central: https://repo.maven.apache.org/maven2/org/apache/felix/org.apache.felix.metatype/1.2.4/org.apache.felix.metatype-1.2.4.pom (5.5 kB at 183 kB/s)
[INFO] Downloading from central: https://repo.maven.apache.org/maven2/org/apache/felix/felix-parent/6/felix-parent-6.pom
[INFO] Downloaded from central: https://repo.maven.apache.org/maven2/org/apache/felix/felix-parent/6/felix-parent-6.pom (22 kB at 575 kB/s)
[INFO] Downloading from central: https://repo.maven.apache.org/maven2/net/sf/kxml/kxml2/2.2.2/kxml2-2.2.2.pom
[INFO] Downloaded from central: https://repo.maven.apache.org/maven2/net/sf/kxml/kxml2/2.2.2/kxml2-2.2.2.pom (2.0 kB at 64 kB/s)
[INFO] Downloading from central: https://repo.maven.apache.org/maven2/xmlpull/xmlpull/1.1.3.1/xmlpull-1.1.3.1.pom
[INFO] Downloaded from central: https://repo.maven.apache.org/maven2/xmlpull/xmlpull/1.1.3.1/xmlpull-1.1.3.1.pom (386 B at 12 kB/s)
[INFO] Downloading from central: https://repo.maven.apache.org/maven2/biz/aQute/bnd/biz.aQute.bndlib/7.3.0/biz.aQute.bndlib-7.3.0.pom
[INFO] Downloaded from central: https://repo.maven.apache.org/maven2/biz/aQute/bnd/biz.aQute.bndlib/7.3.0/biz.aQute.bndlib-7.3.0.pom (6.2 kB at 187 kB/s)
[INFO] Downloading from central: https://repo.maven.apache.org/maven2/org/osgi/org.osgi.util.promise/1.3.0/org.osgi.util.promise-1.3.0.pom
[INFO] Downloaded from central: https://repo.maven.apache.org/maven2/org/osgi/org.osgi.util.promise/1.3.0/org.osgi.util.promise-1.3.0.pom (1.9 kB at 72 kB/s)
[INFO] Downloading from central: https://repo.maven.apache.org/maven2/org/osgi/osgi.annotation/8.1.0/osgi.annotation-8.1.0.pom
[INFO] Downloaded from central: https://repo.maven.apache.org/maven2/org/osgi/osgi.annotation/8.1.0/osgi.annotation-8.1.0.pom (1.5 kB at 59 kB/s)
[INFO] Downloading from central: https://repo.maven.apache.org/maven2/biz/aQute/bnd/biz.aQute.bnd.util/7.3.0/biz.aQute.bnd.util-7.3.0.pom
[INFO] Downloaded from central: https://repo.maven.apache.org/maven2/biz/aQute/bnd/biz.aQute.bnd.util/7.3.0/biz.aQute.bnd.util-7.3.0.pom (3.4 kB at 117 kB/s)
[INFO] Downloading from central: https://repo.maven.apache.org/maven2/org/osgi/org.osgi.service.serviceloader/1.0.0/org.osgi.service.serviceloader-1.0.0.pom
[INFO] Downloaded from central: https://repo.maven.apache.org/maven2/org/osgi/org.osgi.service.serviceloader/1.0.0/org.osgi.service.serviceloader-1.0.0.pom (1.3 kB at 45 kB/s)
[INFO] Downloading from central: https://repo.maven.apache.org/maven2/org/apache/felix/org.apache.felix.bundlerepository/2.0.10/org.apache.felix.bundlerepository-2.0.10.pom
[INFO] Downloaded from central: https://repo.maven.apache.org/maven2/org/apache/felix/org.apache.felix.bundlerepository/2.0.10/org.apache.felix.bundlerepository-2.0.10.pom (8.0 kB at 249 kB/s)
[INFO] Downloading from central: https://repo.maven.apache.org/maven2/org/osgi/org.osgi.core/5.0.0/org.osgi.core-5.0.0.pom
[INFO] Downloaded from central: https://repo.maven.apache.org/maven2/org/osgi/org.osgi.core/5.0.0/org.osgi.core-5.0.0.pom (1.4 kB at 50 kB/s)
[INFO] Downloading from central: https://repo.maven.apache.org/maven2/org/easymock/easymock/3.4/easymock-3.4.pom
[INFO] Downloaded from central: https://repo.maven.apache.org/maven2/org/easymock/easymock/3.4/easymock-3.4.pom (7.3 kB at 243 kB/s)
[INFO] Downloading from central: https://repo.maven.apache.org/maven2/org/easymock/easymock-parent/3.4/easymock-parent-3.4.pom
[INFO] Downloaded from central: https://repo.maven.apache.org/maven2/org/easymock/easymock-parent/3.4/easymock-parent-3.4.pom (17 kB at 589 kB/s)
[INFO] Downloading from central: https://repo.maven.apache.org/maven2/org/objenesis/objenesis/2.2/objenesis-2.2.pom
[INFO] Downloaded from central: https://repo.maven.apache.org/maven2/org/objenesis/objenesis/2.2/objenesis-2.2.pom (2.5 kB at 95 kB/s)
[INFO] Downloading from central: https://repo.maven.apache.org/maven2/org/objenesis/objenesis-parent/2.2/objenesis-parent-2.2.pom
[INFO] Downloaded from central: https://repo.maven.apache.org/maven2/org/objenesis/objenesis-parent/2.2/objenesis-parent-2.2.pom (17 kB at 636 kB/s)
[INFO] Downloading from central: https://repo.maven.apache.org/maven2/org/apache/felix/org.apache.felix.utils/1.11.8/org.apache.felix.utils-1.11.8.pom
[INFO] Downloaded from central: https://repo.maven.apache.org/maven2/org/apache/felix/org.apache.felix.utils/1.11.8/org.apache.felix.utils-1.11.8.pom (3.3 kB at 128 kB/s)
[INFO] Downloading from central: https://repo.maven.apache.org/maven2/org/apache/felix/felix-parent/5/felix-parent-5.pom
[INFO] Downloaded from central: https://repo.maven.apache.org/maven2/org/apache/felix/felix-parent/5/felix-parent-5.pom (22 kB at 810 kB/s)
[INFO] Downloading from central: https://repo.maven.apache.org/maven2/org/apache/maven/doxia/doxia-site-renderer/2.1.0/doxia-site-renderer-2.1.0.pom
[INFO] Downloaded from central: https://repo.maven.apache.org/maven2/org/apache/maven/doxia/doxia-site-renderer/2.1.0/doxia-site-renderer-2.1.0.pom (8.1 kB at 272 kB/s)
[INFO] Downloading from central: https://repo.maven.apache.org/maven2/org/apache/maven/doxia/doxia-sitetools/2.1.0/doxia-sitetools-2.1.0.pom
[INFO] Downloaded from central: https://repo.maven.apache.org/maven2/org/apache/maven/doxia/doxia-sitetools/2.1.0/doxia-sitetools-2.1.0.pom (12 kB at 417 kB/s)
[INFO] Downloading from central: https://repo.maven.apache.org/maven2/org/apache/maven/doxia/doxia-core/2.1.0/doxia-core-2.1.0.pom
[INFO] Downloaded from central: https://repo.maven.apache.org/maven2/org/apache/maven/doxia/doxia-core/2.1.0/doxia-core-2.1.0.pom (2.9 kB at 104 kB/s)
[INFO] Downloading from central: https://repo.maven.apache.org/maven2/org/apache/maven/doxia/doxia-site-model/2.1.0/doxia-site-model-2.1.0.pom
[INFO] Downloaded from central: https://repo.maven.apache.org/maven2/org/apache/maven/doxia/doxia-site-model/2.1.0/doxia-site-model-2.1.0.pom (5.7 kB at 183 kB/s)
[INFO] Downloading from central: https://repo.maven.apache.org/maven2/org/apache/maven/doxia/doxia-skin-model/2.1.0/doxia-skin-model-2.1.0.pom
[INFO] Downloaded from central: https://repo.maven.apache.org/maven2/org/apache/maven/doxia/doxia-skin-model/2.1.0/doxia-skin-model-2.1.0.pom (2.9 kB at 101 kB/s)
[INFO] Downloading from central: https://repo.maven.apache.org/maven2/org/apache/maven/doxia/doxia-module-xhtml5/2.1.0/doxia-module-xhtml5-2.1.0.pom
[INFO] Downloaded from central: https://repo.maven.apache.org/maven2/org/apache/maven/doxia/doxia-module-xhtml5/2.1.0/doxia-module-xhtml5-2.1.0.pom (2.2 kB at 69 kB/s)
[INFO] Downloading from central: https://repo.maven.apache.org/maven2/org/apache/maven/doxia/doxia-modules/2.1.0/doxia-modules-2.1.0.pom
[INFO] Downloaded from central: https://repo.maven.apache.org/maven2/org/apache/maven/doxia/doxia-modules/2.1.0/doxia-modules-2.1.0.pom (2.4 kB at 80 kB/s)
[INFO] Downloading from central: https://repo.maven.apache.org/maven2/org/codehaus/plexus/plexus-velocity/2.3.0/plexus-velocity-2.3.0.pom
[INFO] Downloaded from central: https://repo.maven.apache.org/maven2/org/codehaus/plexus/plexus-velocity/2.3.0/plexus-velocity-2.3.0.pom (4.3 kB at 120 kB/s)
[INFO] Downloading from central: https://repo.maven.apache.org/maven2/org/apache/felix/maven-bundle-plugin/6.1.0/maven-bundle-plugin-6.1.0.jar
[INFO] Downloaded from central: https://repo.maven.apache.org/maven2/org/apache/felix/maven-bundle-plugin/6.1.0/maven-bundle-plugin-6.1.0.jar (214 kB at 2.9 MB/s)
[INFO] Downloading from central: https://repo.maven.apache.org/maven2/org/osgi/osgi.core/8.0.0/osgi.core-8.0.0.jar
[INFO] Downloading from central: https://repo.maven.apache.org/maven2/org/apache/felix/org.apache.felix.metatype/1.2.4/org.apache.felix.metatype-1.2.4.jar
[INFO] Downloading from central: https://repo.maven.apache.org/maven2/net/sf/kxml/kxml2/2.2.2/kxml2-2.2.2.jar
[INFO] Downloading from central: https://repo.maven.apache.org/maven2/xmlpull/xmlpull/1.1.3.1/xmlpull-1.1.3.1.jar
[INFO] Downloading from central: https://repo.maven.apache.org/maven2/biz/aQute/bnd/biz.aQute.bndlib/7.3.0/biz.aQute.bndlib-7.3.0.jar
[INFO] Downloaded from central: https://repo.maven.apache.org/maven2/xmlpull/xmlpull/1.1.3.1/xmlpull-1.1.3.1.jar (7.2 kB at 66 kB/s)
[INFO] Downloading from central: https://repo.maven.apache.org/maven2/org/osgi/org.osgi.util.promise/1.3.0/org.osgi.util.promise-1.3.0.jar
[INFO] Downloaded from central: https://repo.maven.apache.org/maven2/org/apache/felix/org.apache.felix.metatype/1.2.4/org.apache.felix.metatype-1.2.4.jar (77 kB at 631 kB/s)
[INFO] Downloading from central: https://repo.maven.apache.org/maven2/biz/aQute/bnd/biz.aQute.bnd.util/7.3.0/biz.aQute.bnd.util-7.3.0.jar
[INFO] Downloaded from central: https://repo.maven.apache.org/maven2/net/sf/kxml/kxml2/2.2.2/kxml2-2.2.2.jar (43 kB at 349 kB/s)
[INFO] Downloading from central: https://repo.maven.apache.org/maven2/org/osgi/org.osgi.service.serviceloader/1.0.0/org.osgi.service.serviceloader-1.0.0.jar
[INFO] Downloaded from central: https://repo.maven.apache.org/maven2/org/osgi/org.osgi.service.serviceloader/1.0.0/org.osgi.service.serviceloader-1.0.0.jar (12 kB at 81 kB/s)
[INFO] Downloading from central: https://repo.maven.apache.org/maven2/org/apache/felix/org.apache.felix.bundlerepository/2.0.10/org.apache.felix.bundlerepository-2.0.10.jar
[INFO] Downloaded from central: https://repo.maven.apache.org/maven2/org/osgi/osgi.core/8.0.0/osgi.core-8.0.0.jar (557 kB at 3.5 MB/s)
[INFO] Downloading from central: https://repo.maven.apache.org/maven2/org/osgi/org.osgi.core/5.0.0/org.osgi.core-5.0.0.jar
[INFO] Downloaded from central: https://repo.maven.apache.org/maven2/org/osgi/org.osgi.util.promise/1.3.0/org.osgi.util.promise-1.3.0.jar (86 kB at 507 kB/s)
[INFO] Downloading from central: https://repo.maven.apache.org/maven2/org/easymock/easymock/3.4/easymock-3.4.jar
[INFO] Downloaded from central: https://repo.maven.apache.org/maven2/org/apache/felix/org.apache.felix.bundlerepository/2.0.10/org.apache.felix.bundlerepository-2.0.10.jar (237 kB at 1.1 MB/s)
[INFO] Downloading from central: https://repo.maven.apache.org/maven2/org/objenesis/objenesis/2.2/objenesis-2.2.jar
[INFO] Downloaded from central: https://repo.maven.apache.org/maven2/biz/aQute/bnd/biz.aQute.bnd.util/7.3.0/biz.aQute.bnd.util-7.3.0.jar (454 kB at 2.0 MB/s)
[INFO] Downloading from central: https://repo.maven.apache.org/maven2/org/apache/felix/org.apache.felix.utils/1.11.8/org.apache.felix.utils-1.11.8.jar
[INFO] Downloaded from central: https://repo.maven.apache.org/maven2/org/osgi/org.osgi.core/5.0.0/org.osgi.core-5.0.0.jar (430 kB at 1.8 MB/s)
[INFO] Downloading from central: https://repo.maven.apache.org/maven2/org/apache/maven/doxia/doxia-site-renderer/2.1.0/doxia-site-renderer-2.1.0.jar
[INFO] Downloaded from central: https://repo.maven.apache.org/maven2/org/objenesis/objenesis/2.2/objenesis-2.2.jar (53 kB at 213 kB/s)
[INFO] Downloading from central: https://repo.maven.apache.org/maven2/org/apache/maven/doxia/doxia-core/2.1.0/doxia-core-2.1.0.jar
[INFO] Downloaded from central: https://repo.maven.apache.org/maven2/org/easymock/easymock/3.4/easymock-3.4.jar (474 kB at 1.7 MB/s)
[INFO] Downloading from central: https://repo.maven.apache.org/maven2/org/apache/maven/doxia/doxia-site-model/2.1.0/doxia-site-model-2.1.0.jar
[INFO] Downloaded from central: https://repo.maven.apache.org/maven2/org/apache/felix/org.apache.felix.utils/1.11.8/org.apache.felix.utils-1.11.8.jar (176 kB at 642 kB/s)
[INFO] Downloading from central: https://repo.maven.apache.org/maven2/org/apache/maven/doxia/doxia-skin-model/2.1.0/doxia-skin-model-2.1.0.jar
[INFO] Downloaded from central: https://repo.maven.apache.org/maven2/org/apache/maven/doxia/doxia-core/2.1.0/doxia-core-2.1.0.jar (183 kB at 636 kB/s)
[INFO] Downloading from central: https://repo.maven.apache.org/maven2/org/apache/maven/doxia/doxia-module-xhtml5/2.1.0/doxia-module-xhtml5-2.1.0.jar
[INFO] Downloaded from central: https://repo.maven.apache.org/maven2/org/apache/maven/doxia/doxia-skin-model/2.1.0/doxia-skin-model-2.1.0.jar (19 kB at 62 kB/s)
[INFO] Downloading from central: https://repo.maven.apache.org/maven2/org/codehaus/plexus/plexus-velocity/2.3.0/plexus-velocity-2.3.0.jar
[INFO] Downloaded from central: https://repo.maven.apache.org/maven2/org/apache/maven/doxia/doxia-module-xhtml5/2.1.0/doxia-module-xhtml5-2.1.0.jar (17 kB at 54 kB/s)
[INFO] Downloaded from central: https://repo.maven.apache.org/maven2/org/apache/maven/doxia/doxia-site-model/2.1.0/doxia-site-model-2.1.0.jar (92 kB at 278 kB/s)
[INFO] Downloaded from central: https://repo.maven.apache.org/maven2/org/codehaus/plexus/plexus-velocity/2.3.0/plexus-velocity-2.3.0.jar (6.2 kB at 19 kB/s)
[INFO] Downloaded from central: https://repo.maven.apache.org/maven2/org/apache/maven/doxia/doxia-site-renderer/2.1.0/doxia-site-renderer-2.1.0.jar (1.4 MB at 3.5 MB/s)
[INFO] Downloaded from central: https://repo.maven.apache.org/maven2/biz/aQute/bnd/biz.aQute.bndlib/7.3.0/biz.aQute.bndlib-7.3.0.jar (3.5 MB at 6.5 MB/s)
[INFO] ------------------------------------------------------------------------
[INFO] Reactor Build Order:
[INFO] 
[INFO] ActiveMQ                                                           [pom]
[INFO] ActiveMQ :: Client                                              [bundle]
[INFO] 
[INFO] ----------------< org.apache.activemq:activemq-parent >-----------------
[INFO] Building ActiveMQ 6.3.1                                            [1/2]
[INFO]   from pom.xml
[INFO] --------------------------------[ pom ]---------------------------------
[INFO] Downloading from central: https://repo.maven.apache.org/maven2/org/apache/geronimo/genesis/plugins/tools-maven-plugin/1.4/tools-maven-plugin-1.4.pom
[INFO] Downloaded from central: https://repo.maven.apache.org/maven2/org/apache/geronimo/genesis/plugins/tools-maven-plugin/1.4/tools-maven-plugin-1.4.pom (1.8 kB at 59 kB/s)
[INFO] Downloading from central: https://repo.maven.apache.org/maven2/org/apache/geronimo/genesis/plugins/plugins/1.4/plugins-1.4.pom
[INFO] Downloaded from central: https://repo.maven.apache.org/maven2/org/apache/geronimo/genesis/plugins/plugins/1.4/plugins-1.4.pom (7.7 kB at 266 kB/s)
[INFO] Downloading from central: https://repo.maven.apache.org/maven2/org/apache/geronimo/genesis/genesis/1.4/genesis-1.4.pom
[INFO] Downloaded from central: https://repo.maven.apache.org/maven2/org/apache/geronimo/genesis/genesis/1.4/genesis-1.4.pom (11 kB at 441 kB/s)
[INFO] Downloading from central: https://repo.maven.apache.org/maven2/org/apache/geronimo/genesis/plugins/tools-maven-plugin/1.4/tools-maven-plugin-1.4.jar
[INFO] Downloaded from central: https://repo.maven.apache.org/maven2/org/apache/geronimo/genesis/plugins/tools-maven-plugin/1.4/tools-maven-plugin-1.4.jar (19 kB at 863 kB/s)
[INFO] Downloading from central: https://repo.maven.apache.org/maven2/org/apache/maven/plugins/maven-source-plugin/3.4.0/maven-source-plugin-3.4.0.pom
[INFO] Downloaded from central: https://repo.maven.apache.org/maven2/org/apache/maven/plugins/maven-source-plugin/3.4.0/maven-source-plugin-3.4.0.pom (6.8 kB at 263 kB/s)
[INFO] Downloading from central: https://repo.maven.apache.org/maven2/org/apache/maven/plugins/maven-source-plugin/3.4.0/maven-source-plugin-3.4.0.jar
[INFO] Downloaded from central: https://repo.maven.apache.org/maven2/org/apache/maven/plugins/maven-source-plugin/3.4.0/maven-source-plugin-3.4.0.jar (33 kB at 1.3 MB/s)
[INFO] 
[INFO] --- clean:3.5.0:clean (default-clean) @ activemq-parent ---
[INFO] 
[INFO] --- enforcer:3.6.3:enforce (enforce-maven-version) @ activemq-parent ---
[INFO] Rule 0: org.apache.maven.enforcer.rules.version.RequireMavenVersion passed
[INFO] 
[INFO] --- enforcer:3.6.3:enforce (enforce-java-version) @ activemq-parent ---
[INFO] Rule 0: org.apache.maven.enforcer.rules.version.RequireJavaVersion passed
[INFO] 
[INFO] --- remote-resources:3.3.0:process (process-resource-bundles) @ activemq-parent ---
[INFO] Preparing remote bundle org.apache.apache.resources:apache-jar-resource-bundle:1.8
[INFO] Copying 3 resources from 1 bundle.
[INFO] 
[INFO] --- source:3.4.0:jar-no-fork (attach-sources) @ activemq-parent ---
[INFO] Skipping source per configuration.
[INFO] 
[INFO] ----------------< org.apache.activemq:activemq-client >-----------------
[INFO] Building ActiveMQ :: Client 6.3.1                                  [2/2]
[INFO]   from activemq-client/pom.xml
[INFO] -------------------------------[ bundle ]-------------------------------
[INFO] Downloading from central: https://repo.maven.apache.org/maven2/org/codehaus/mojo/javacc-maven-plugin/3.2.0/javacc-maven-plugin-3.2.0.pom
[INFO] Downloaded from central: https://repo.maven.apache.org/maven2/org/codehaus/mojo/javacc-maven-plugin/3.2.0/javacc-maven-plugin-3.2.0.pom (6.5 kB at 198 kB/s)
[INFO] Downloading from central: https://repo.maven.apache.org/maven2/org/codehaus/mojo/javacc-maven-plugin/3.2.0/javacc-maven-plugin-3.2.0.jar
[INFO] Downloaded from central: https://repo.maven.apache.org/maven2/org/codehaus/mojo/javacc-maven-plugin/3.2.0/javacc-maven-plugin-3.2.0.jar (90 kB at 2.4 MB/s)
[INFO] Downloading from central: https://repo.maven.apache.org/maven2/org/apache/maven/plugins/maven-surefire-plugin/3.5.3/maven-surefire-plugin-3.5.3.pom
[INFO] Downloaded from central: https://repo.maven.apache.org/maven2/org/apache/maven/plugins/maven-surefire-plugin/3.5.3/maven-surefire-plugin-3.5.3.pom (5.5 kB at 189 kB/s)
[INFO] Downloading from central: https://repo.maven.apache.org/maven2/org/apache/maven/surefire/surefire/3.5.3/surefire-3.5.3.pom
[INFO] Downloaded from central: https://repo.maven.apache.org/maven2/org/apache/maven/surefire/surefire/3.5.3/surefire-3.5.3.pom (20 kB at 710 kB/s)
[INFO] Downloading from central: https://repo.maven.apache.org/maven2/org/apache/maven/plugins/maven-surefire-plugin/3.5.3/maven-surefire-plugin-3.5.3.jar
[INFO] Downloaded from central: https://repo.maven.apache.org/maven2/org/apache/maven/plugins/maven-surefire-plugin/3.5.3/maven-surefire-plugin-3.5.3.jar (46 kB at 1.5 MB/s)
[INFO] Downloading from central: https://repo.maven.apache.org/maven2/jakarta/jms/jakarta.jms-api/3.1.0/jakarta.jms-api-3.1.0.pom
[INFO] Downloaded from central: https://repo.maven.apache.org/maven2/jakarta/jms/jakarta.jms-api/3.1.0/jakarta.jms-api-3.1.0.pom (9.7 kB at 262 kB/s)
[INFO] Downloading from central: https://repo.maven.apache.org/maven2/org/fusesource/hawtbuf/hawtbuf/1.11/hawtbuf-1.11.pom
[INFO] Downloaded from central: https://repo.maven.apache.org/maven2/org/fusesource/hawtbuf/hawtbuf/1.11/hawtbuf-1.11.pom (2.6 kB at 68 kB/s)
[INFO] Downloading from central: https://repo.maven.apache.org/maven2/org/fusesource/hawtbuf/hawtbuf-project/1.11/hawtbuf-project-1.11.pom
[INFO] Downloaded from central: https://repo.maven.apache.org/maven2/org/fusesource/hawtbuf/hawtbuf-project/1.11/hawtbuf-project-1.11.pom (11 kB at 381 kB/s)
[INFO] Downloading from central: https://repo.maven.apache.org/maven2/org/fusesource/fusesource-pom/1.10/fusesource-pom-1.10.pom
[INFO] Downloaded from central: https://repo.maven.apache.org/maven2/org/fusesource/fusesource-pom/1.10/fusesource-pom-1.10.pom (15 kB at 436 kB/s)
[INFO] Downloading from central: https://repo.maven.apache.org/maven2/org/jmdns/jmdns/3.6.3/jmdns-3.6.3.pom
[INFO] Downloaded from central: https://repo.maven.apache.org/maven2/org/jmdns/jmdns/3.6.3/jmdns-3.6.3.pom (9.5 kB at 316 kB/s)
[INFO] Downloading from central: https://repo.maven.apache.org/maven2/org/apache/logging/log4j/log4j-slf4j2-impl/2.26.1/log4j-slf4j2-impl-2.26.1.pom
[INFO] Downloaded from central: https://repo.maven.apache.org/maven2/org/apache/logging/log4j/log4j-slf4j2-impl/2.26.1/log4j-slf4j2-impl-2.26.1.pom (5.1 kB at 184 kB/s)
[INFO] Downloading from central: https://repo.maven.apache.org/maven2/org/apache/logging/log4j/log4j/2.26.1/log4j-2.26.1.pom
[INFO] Downloaded from central: https://repo.maven.apache.org/maven2/org/apache/logging/log4j/log4j/2.26.1/log4j-2.26.1.pom (41 kB at 1.2 MB/s)
[INFO] Downloading from central: https://repo.maven.apache.org/maven2/org/apache/logging/log4j/log4j-bom/2.26.1/log4j-bom-2.26.1.pom
[INFO] Downloaded from central: https://repo.maven.apache.org/maven2/org/apache/logging/log4j/log4j-bom/2.26.1/log4j-bom-2.26.1.pom (12 kB at 372 kB/s)
[INFO] Downloading from central: https://repo.maven.apache.org/maven2/org/apache/groovy/groovy-bom/4.0.27/groovy-bom-4.0.27.pom
[INFO] Downloaded from central: https://repo.maven.apache.org/maven2/org/apache/groovy/groovy-bom/4.0.27/groovy-bom-4.0.27.pom (27 kB at 880 kB/s)
[INFO] Downloading from central: https://repo.maven.apache.org/maven2/com/fasterxml/jackson/jackson-bom/2.19.2/jackson-bom-2.19.2.pom
[INFO] Downloaded from central: https://repo.maven.apache.org/maven2/com/fasterxml/jackson/jackson-bom/2.19.2/jackson-bom-2.19.2.pom (20 kB at 779 kB/s)
[INFO] Downloading from central: https://repo.maven.apache.org/maven2/com/fasterxml/jackson/jackson-parent/2.19.3/jackson-parent-2.19.3.pom
[INFO] Downloaded from central: https://repo.maven.apache.org/maven2/com/fasterxml/jackson/jackson-parent/2.19.3/jackson-parent-2.19.3.pom (7.2 kB at 218 kB/s)
[INFO] Downloading from central: https://repo.maven.apache.org/maven2/com/fasterxml/oss-parent/69/oss-parent-69.pom
[INFO] Downloaded from central: https://repo.maven.apache.org/maven2/com/fasterxml/oss-parent/69/oss-parent-69.pom (24 kB at 815 kB/s)
[INFO] Downloading from central: https://repo.maven.apache.org/maven2/org/apache/logging/log4j/log4j-api/2.26.1/log4j-api-2.26.1.pom
[INFO] Downloaded from central: https://repo.maven.apache.org/maven2/org/apache/logging/log4j/log4j-api/2.26.1/log4j-api-2.26.1.pom (4.5 kB at 161 kB/s)
[INFO] Downloading from central: https://repo.maven.apache.org/maven2/org/apache/logging/log4j/log4j-core/2.26.1/log4j-core-2.26.1.pom
[INFO] Downloaded from central: https://repo.maven.apache.org/maven2/org/apache/logging/log4j/log4j-core/2.26.1/log4j-core-2.26.1.pom (9.5 kB at 296 kB/s)
[INFO] Downloading from central: https://repo.maven.apache.org/maven2/org/javassist/javassist/3.32.0-GA/javassist-3.32.0-GA.pom
[INFO] Downloaded from central: https://repo.maven.apache.org/maven2/org/javassist/javassist/3.32.0-GA/javassist-3.32.0-GA.pom (11 kB at 385 kB/s)
[INFO] Downloading from central: https://repo.maven.apache.org/maven2/jakarta/jms/jakarta.jms-api/3.1.0/jakarta.jms-api-3.1.0.jar
[INFO] Downloaded from central: https://repo.maven.apache.org/maven2/jakarta/jms/jakarta.jms-api/3.1.0/jakarta.jms-api-3.1.0.jar (59 kB at 2.0 MB/s)
[INFO] Downloading from central: https://repo.maven.apache.org/maven2/org/fusesource/hawtbuf/hawtbuf/1.11/hawtbuf-1.11.jar
[INFO] Downloading from central: https://repo.maven.apache.org/maven2/org/jmdns/jmdns/3.6.3/jmdns-3.6.3.jar
[INFO] Downloading from central: https://repo.maven.apache.org/maven2/org/apache/logging/log4j/log4j-slf4j2-impl/2.26.1/log4j-slf4j2-impl-2.26.1.jar
[INFO] Downloading from central: https://repo.maven.apache.org/maven2/org/apache/logging/log4j/log4j-api/2.26.1/log4j-api-2.26.1.jar
[INFO] Downloading from central: https://repo.maven.apache.org/maven2/org/apache/logging/log4j/log4j-core/2.26.1/log4j-core-2.26.1.jar
[INFO] Downloaded from central: https://repo.maven.apache.org/maven2/org/apache/logging/log4j/log4j-slf4j2-impl/2.26.1/log4j-slf4j2-impl-2.26.1.jar (30 kB at 944 kB/s)
[INFO] Downloading from central: https://repo.maven.apache.org/maven2/org/javassist/javassist/3.32.0-GA/javassist-3.32.0-GA.jar
[INFO] Downloaded from central: https://repo.maven.apache.org/maven2/org/fusesource/hawtbuf/hawtbuf/1.11/hawtbuf-1.11.jar (50 kB at 1.4 MB/s)
[INFO] Downloaded from central: https://repo.maven.apache.org/maven2/org/jmdns/jmdns/3.6.3/jmdns-3.6.3.jar (218 kB at 4.4 MB/s)
[INFO] Downloaded from central: https://repo.maven.apache.org/maven2/org/apache/logging/log4j/log4j-api/2.26.1/log4j-api-2.26.1.jar (351 kB at 5.5 MB/s)
[INFO] Downloaded from central: https://repo.maven.apache.org/maven2/org/javassist/javassist/3.32.0-GA/javassist-3.32.0-GA.jar (772 kB at 6.9 MB/s)
[INFO] Downloaded from central: https://repo.maven.apache.org/maven2/org/apache/logging/log4j/log4j-core/2.26.1/log4j-core-2.26.1.jar (2.0 MB at 17 MB/s)
[INFO] 
[INFO] --- clean:3.5.0:clean (default-clean) @ activemq-client ---
[INFO] 
[INFO] --- enforcer:3.6.3:enforce (enforce-maven-version) @ activemq-client ---
[INFO] Rule 0: org.apache.maven.enforcer.rules.version.RequireMavenVersion passed
[INFO] 
[INFO] --- enforcer:3.6.3:enforce (enforce-java-version) @ activemq-client ---
[INFO] Rule 0: org.apache.maven.enforcer.rules.version.RequireJavaVersion passed
[INFO] 
[INFO] --- javacc:3.2.0:javacc (default) @ activemq-client ---
[INFO] Downloading from central: https://repo.maven.apache.org/maven2/net/java/dev/javacc/javacc/7.0.13/javacc-7.0.13.pom
[INFO] Downloaded from central: https://repo.maven.apache.org/maven2/net/java/dev/javacc/javacc/7.0.13/javacc-7.0.13.pom (28 kB at 952 kB/s)
[INFO] Downloading from central: https://repo.maven.apache.org/maven2/edu/ucla/cs/compilers/jtb/1.3.2/jtb-1.3.2.pom
[INFO] Downloaded from central: https://repo.maven.apache.org/maven2/edu/ucla/cs/compilers/jtb/1.3.2/jtb-1.3.2.pom (1.4 kB at 48 kB/s)
[INFO] Downloading from central: https://repo.maven.apache.org/maven2/net/java/dev/javacc/javacc/7.0.13/javacc-7.0.13.jar
[INFO] Downloaded from central: https://repo.maven.apache.org/maven2/net/java/dev/javacc/javacc/7.0.13/javacc-7.0.13.jar (638 kB at 16 MB/s)
[INFO] Downloading from central: https://repo.maven.apache.org/maven2/edu/ucla/cs/compilers/jtb/1.3.2/jtb-1.3.2.jar
[INFO] Downloaded from central: https://repo.maven.apache.org/maven2/edu/ucla/cs/compilers/jtb/1.3.2/jtb-1.3.2.jar (337 kB at 11 MB/s)
[WARNING]  Parameter 'packageName' (user property 'javacc.packageName') is deprecated: As of version 2.4 because the plugin extracts the package name from each grammar file.
Java Compiler Compiler Version 7.0.13 (Parser Generator)
(type "javacc" with no arguments for help)
Reading from file /home/srikanth/standoff/apache_activemq/activemq-client/src/main/grammar/SelectorParser.jj . . .
Note: UNICODE_INPUT option is specified. Please make sure you create the parser/lexer using a Reader with the correct character encoding.
File "TokenMgrError.java" does not exist.  Will create one.
File "ParseException.java" does not exist.  Will create one.
File "Token.java" does not exist.  Will create one.
File "SimpleCharStream.java" does not exist.  Will create one.
Parser generated successfully.
[INFO] Processed 1 grammar
[INFO] 
[INFO] --- build-helper:3.6.1:add-source (add-source) @ activemq-client ---
[INFO] Source directory: /home/srikanth/standoff/apache_activemq/activemq-client/target/generated-sources/javacc added.
[INFO] 
[INFO] --- remote-resources:3.3.0:process (process-resource-bundles) @ activemq-client ---
[INFO] Preparing remote bundle org.apache.apache.resources:apache-jar-resource-bundle:1.8
[INFO] Copying 3 resources from 1 bundle.
[INFO] 
[INFO] --- resources:3.5.0:resources (default-resources) @ activemq-client ---
[INFO] Copying 17 resources from src/main/resources to target/classes
[INFO] Copying 1 resource from src/main/filtered-resources to target/classes
[INFO] Copying 3 resources from target/maven-shared-archive-resources to target/classes
[INFO] 
[INFO] --- compiler:3.15.0:compile (default-compile) @ activemq-client ---
[INFO] Recompiling the module because of changed source code.
[INFO] Compiling 728 source files with javac [debug release 17] to target/classes
[INFO] /home/srikanth/standoff/apache_activemq/activemq-client/src/main/java/org/apache/activemq/transport/discovery/multicast/MulticastDiscoveryAgent.java: Some input files use or override a deprecated API.
[INFO] /home/srikanth/standoff/apache_activemq/activemq-client/src/main/java/org/apache/activemq/transport/discovery/multicast/MulticastDiscoveryAgent.java: Recompile with -Xlint:deprecation for details.
[INFO] /home/srikanth/standoff/apache_activemq/activemq-client/src/main/java/org/apache/activemq/filter/DestinationMap.java: Some input files use unchecked or unsafe operations.
[INFO] /home/srikanth/standoff/apache_activemq/activemq-client/src/main/java/org/apache/activemq/filter/DestinationMap.java: Recompile with -Xlint:unchecked for details.
[INFO] 
[INFO] --- compiler:3.15.0:compile (java21-compile) @ activemq-client ---
[INFO] Recompiling the module because of changed dependency.
[INFO] Compiling 2 source files with javac [debug release 21] to target/classes/META-INF/versions/21
[INFO] 
[INFO] --- resources:3.5.0:testResources (default-testResources) @ activemq-client ---
[INFO] Copying 4 resources from src/test/resources to target/test-classes
[INFO] Copying 3 resources from target/maven-shared-archive-resources to target/test-classes
[INFO] 
[INFO] --- compiler:3.15.0:testCompile (default-testCompile) @ activemq-client ---
[INFO] Recompiling the module because of changed dependency.
[INFO] Compiling 42 source files with javac [debug release 17] to target/test-classes
[INFO] /home/srikanth/standoff/apache_activemq/activemq-client/src/test/java/org/apache/activemq/util/XASupportTest.java: /home/srikanth/standoff/apache_activemq/activemq-client/src/test/java/org/apache/activemq/util/XASupportTest.java uses or overrides a deprecated API.
[INFO] /home/srikanth/standoff/apache_activemq/activemq-client/src/test/java/org/apache/activemq/util/XASupportTest.java: Recompile with -Xlint:deprecation for details.
[INFO] 
[INFO] --- surefire:3.5.3:test (default-test) @ activemq-client ---
[INFO] Downloading from central: https://repo.maven.apache.org/maven2/org/apache/maven/surefire/surefire-junit47/3.5.3/surefire-junit47-3.5.3.pom
[INFO] Downloaded from central: https://repo.maven.apache.org/maven2/org/apache/maven/surefire/surefire-junit47/3.5.3/surefire-junit47-3.5.3.pom (4.3 kB at 123 kB/s)
[INFO] Downloading from central: https://repo.maven.apache.org/maven2/org/apache/maven/surefire/surefire-providers/3.5.3/surefire-providers-3.5.3.pom
[INFO] Downloaded from central: https://repo.maven.apache.org/maven2/org/apache/maven/surefire/surefire-providers/3.5.3/surefire-providers-3.5.3.pom (2.5 kB at 82 kB/s)
[INFO] Downloading from central: https://repo.maven.apache.org/maven2/org/apache/maven/surefire/surefire-logger-api/3.5.3/surefire-logger-api-3.5.3.pom
[INFO] Downloaded from central: https://repo.maven.apache.org/maven2/org/apache/maven/surefire/surefire-logger-api/3.5.3/surefire-logger-api-3.5.3.pom (3.5 kB at 113 kB/s)
[INFO] Downloading from central: https://repo.maven.apache.org/maven2/org/apache/maven/surefire/common-java5/3.5.3/common-java5-3.5.3.pom
[INFO] Downloaded from central: https://repo.maven.apache.org/maven2/org/apache/maven/surefire/common-java5/3.5.3/common-java5-3.5.3.pom (3.1 kB at 109 kB/s)
[INFO] Downloading from central: https://repo.maven.apache.org/maven2/org/apache/maven/surefire/surefire-shared-utils/3.5.3/surefire-shared-utils-3.5.3.pom
[INFO] Downloaded from central: https://repo.maven.apache.org/maven2/org/apache/maven/surefire/surefire-shared-utils/3.5.3/surefire-shared-utils-3.5.3.pom (4.0 kB at 152 kB/s)
[INFO] Downloading from central: https://repo.maven.apache.org/maven2/org/apache/maven/surefire/surefire-api/3.5.3/surefire-api-3.5.3.pom
[INFO] Downloaded from central: https://repo.maven.apache.org/maven2/org/apache/maven/surefire/surefire-api/3.5.3/surefire-api-3.5.3.pom (3.7 kB at 142 kB/s)
[INFO] Downloading from central: https://repo.maven.apache.org/maven2/org/apache/maven/surefire/common-junit4/3.5.3/common-junit4-3.5.3.pom
[INFO] Downloaded from central: https://repo.maven.apache.org/maven2/org/apache/maven/surefire/common-junit4/3.5.3/common-junit4-3.5.3.pom (3.4 kB at 89 kB/s)
[INFO] Downloading from central: https://repo.maven.apache.org/maven2/org/apache/maven/surefire/common-junit3/3.5.3/common-junit3-3.5.3.pom
[INFO] Downloaded from central: https://repo.maven.apache.org/maven2/org/apache/maven/surefire/common-junit3/3.5.3/common-junit3-3.5.3.pom (2.7 kB at 101 kB/s)
[INFO] Downloading from central: https://repo.maven.apache.org/maven2/org/apache/maven/surefire/common-junit48/3.5.3/common-junit48-3.5.3.pom
[INFO] Downloaded from central: https://repo.maven.apache.org/maven2/org/apache/maven/surefire/common-junit48/3.5.3/common-junit48-3.5.3.pom (6.7 kB at 258 kB/s)
[INFO] Downloading from central: https://repo.maven.apache.org/maven2/org/apache/maven/surefire/surefire-grouper/3.5.3/surefire-grouper-3.5.3.pom
[INFO] Downloaded from central: https://repo.maven.apache.org/maven2/org/apache/maven/surefire/surefire-grouper/3.5.3/surefire-grouper-3.5.3.pom (3.7 kB at 147 kB/s)
[INFO] Downloading from central: https://repo.maven.apache.org/maven2/me/fabriciorby/maven-surefire-junit5-tree-reporter/1.5.1/maven-surefire-junit5-tree-reporter-1.5.1.pom
[INFO] Downloaded from central: https://repo.maven.apache.org/maven2/me/fabriciorby/maven-surefire-junit5-tree-reporter/1.5.1/maven-surefire-junit5-tree-reporter-1.5.1.pom (9.7 kB at 372 kB/s)
[INFO] Downloading from central: https://repo.maven.apache.org/maven2/org/apache/maven/surefire/surefire-extensions-api/3.5.3/surefire-extensions-api-3.5.3.pom
[INFO] Downloaded from central: https://repo.maven.apache.org/maven2/org/apache/maven/surefire/surefire-extensions-api/3.5.3/surefire-extensions-api-3.5.3.pom (3.6 kB at 115 kB/s)
[INFO] Downloading from central: https://repo.maven.apache.org/maven2/org/apache/maven/surefire/maven-surefire-common/3.5.3/maven-surefire-common-3.5.3.pom
[INFO] Downloaded from central: https://repo.maven.apache.org/maven2/org/apache/maven/surefire/maven-surefire-common/3.5.3/maven-surefire-common-3.5.3.pom (7.8 kB at 314 kB/s)
[INFO] Downloading from central: https://repo.maven.apache.org/maven2/org/apache/maven/surefire/surefire-booter/3.5.3/surefire-booter-3.5.3.pom
[INFO] Downloaded from central: https://repo.maven.apache.org/maven2/org/apache/maven/surefire/surefire-booter/3.5.3/surefire-booter-3.5.3.pom (5.0 kB at 172 kB/s)
[INFO] Downloading from central: https://repo.maven.apache.org/maven2/org/apache/maven/surefire/surefire-extensions-spi/3.5.3/surefire-extensions-spi-3.5.3.pom
[INFO] Downloaded from central: https://repo.maven.apache.org/maven2/org/apache/maven/surefire/surefire-extensions-spi/3.5.3/surefire-extensions-spi-3.5.3.pom (1.7 kB at 78 kB/s)
[INFO] Downloading from central: https://repo.maven.apache.org/maven2/org/codehaus/plexus/plexus-java/1.4.0/plexus-java-1.4.0.pom
[INFO] Downloaded from central: https://repo.maven.apache.org/maven2/org/codehaus/plexus/plexus-java/1.4.0/plexus-java-1.4.0.pom (4.1 kB at 124 kB/s)
[INFO] Downloading from central: https://repo.maven.apache.org/maven2/org/codehaus/plexus/plexus-languages/1.4.0/plexus-languages-1.4.0.pom
[INFO] Downloaded from central: https://repo.maven.apache.org/maven2/org/codehaus/plexus/plexus-languages/1.4.0/plexus-languages-1.4.0.pom (3.9 kB at 161 kB/s)
[INFO] Downloading from central: https://repo.maven.apache.org/maven2/org/apache/maven/surefire/surefire-junit47/3.5.3/surefire-junit47-3.5.3.jar
[INFO] Downloaded from central: https://repo.maven.apache.org/maven2/org/apache/maven/surefire/surefire-junit47/3.5.3/surefire-junit47-3.5.3.jar (90 kB at 3.6 MB/s)
[INFO] Downloading from central: https://repo.maven.apache.org/maven2/org/apache/maven/surefire/surefire-logger-api/3.5.3/surefire-logger-api-3.5.3.jar
[INFO] Downloading from central: https://repo.maven.apache.org/maven2/org/apache/maven/surefire/common-java5/3.5.3/common-java5-3.5.3.jar
[INFO] Downloading from central: https://repo.maven.apache.org/maven2/org/apache/maven/surefire/common-junit4/3.5.3/common-junit4-3.5.3.jar
[INFO] Downloading from central: https://repo.maven.apache.org/maven2/org/apache/maven/surefire/common-junit3/3.5.3/common-junit3-3.5.3.jar
[INFO] Downloading from central: https://repo.maven.apache.org/maven2/org/apache/maven/surefire/common-junit48/3.5.3/common-junit48-3.5.3.jar
[INFO] Downloaded from central: https://repo.maven.apache.org/maven2/org/apache/maven/surefire/surefire-logger-api/3.5.3/surefire-logger-api-3.5.3.jar (14 kB at 523 kB/s)
[INFO] Downloaded from central: https://repo.maven.apache.org/maven2/org/apache/maven/surefire/common-java5/3.5.3/common-java5-3.5.3.jar (18 kB at 677 kB/s)
[INFO] Downloading from central: https://repo.maven.apache.org/maven2/org/apache/maven/surefire/surefire-grouper/3.5.3/surefire-grouper-3.5.3.jar
[INFO] Downloading from central: https://repo.maven.apache.org/maven2/me/fabriciorby/maven-surefire-junit5-tree-reporter/1.5.1/maven-surefire-junit5-tree-reporter-1.5.1.jar
[INFO] Downloaded from central: https://repo.maven.apache.org/maven2/org/apache/maven/surefire/common-junit3/3.5.3/common-junit3-3.5.3.jar (12 kB at 477 kB/s)
[INFO] Downloading from central: https://repo.maven.apache.org/maven2/org/apache/maven/surefire/surefire-api/3.5.3/surefire-api-3.5.3.jar
[INFO] Downloaded from central: https://repo.maven.apache.org/maven2/org/apache/maven/surefire/common-junit48/3.5.3/common-junit48-3.5.3.jar (22 kB at 723 kB/s)
[INFO] Downloading from central: https://repo.maven.apache.org/maven2/org/apache/maven/surefire/surefire-shared-utils/3.5.3/surefire-shared-utils-3.5.3.jar
[INFO] Downloaded from central: https://repo.maven.apache.org/maven2/org/apache/maven/surefire/common-junit4/3.5.3/common-junit4-3.5.3.jar (26 kB at 700 kB/s)
[INFO] Downloading from central: https://repo.maven.apache.org/maven2/org/apache/maven/surefire/surefire-extensions-api/3.5.3/surefire-extensions-api-3.5.3.jar
[INFO] Downloaded from central: https://repo.maven.apache.org/maven2/org/apache/maven/surefire/surefire-grouper/3.5.3/surefire-grouper-3.5.3.jar (40 kB at 791 kB/s)
[INFO] Downloading from central: https://repo.maven.apache.org/maven2/org/apache/maven/surefire/maven-surefire-common/3.5.3/maven-surefire-common-3.5.3.jar
[INFO] Downloaded from central: https://repo.maven.apache.org/maven2/me/fabriciorby/maven-surefire-junit5-tree-reporter/1.5.1/maven-surefire-junit5-tree-reporter-1.5.1.jar (27 kB at 530 kB/s)
[INFO] Downloading from central: https://repo.maven.apache.org/maven2/org/apache/maven/surefire/surefire-booter/3.5.3/surefire-booter-3.5.3.jar
[INFO] Downloaded from central: https://repo.maven.apache.org/maven2/org/apache/maven/surefire/surefire-api/3.5.3/surefire-api-3.5.3.jar (172 kB at 3.2 MB/s)
[INFO] Downloading from central: https://repo.maven.apache.org/maven2/org/apache/maven/surefire/surefire-extensions-spi/3.5.3/surefire-extensions-spi-3.5.3.jar
[INFO] Downloaded from central: https://repo.maven.apache.org/maven2/org/apache/maven/surefire/surefire-extensions-api/3.5.3/surefire-extensions-api-3.5.3.jar (26 kB at 393 kB/s)
[INFO] Downloading from central: https://repo.maven.apache.org/maven2/org/codehaus/plexus/plexus-java/1.4.0/plexus-java-1.4.0.jar
[INFO] Downloaded from central: https://repo.maven.apache.org/maven2/org/apache/maven/surefire/surefire-extensions-spi/3.5.3/surefire-extensions-spi-3.5.3.jar (8.2 kB at 108 kB/s)
[INFO] Downloaded from central: https://repo.maven.apache.org/maven2/org/apache/maven/surefire/surefire-booter/3.5.3/surefire-booter-3.5.3.jar (118 kB at 1.5 MB/s)
[INFO] Downloaded from central: https://repo.maven.apache.org/maven2/org/apache/maven/surefire/maven-surefire-common/3.5.3/maven-surefire-common-3.5.3.jar (312 kB at 3.6 MB/s)
[INFO] Downloaded from central: https://repo.maven.apache.org/maven2/org/codehaus/plexus/plexus-java/1.4.0/plexus-java-1.4.0.jar (57 kB at 551 kB/s)
[INFO] Downloaded from central: https://repo.maven.apache.org/maven2/org/apache/maven/surefire/surefire-shared-utils/3.5.3/surefire-shared-utils-3.5.3.jar (2.9 MB at 13 MB/s)
[INFO] Tests are skipped.
[INFO] 
[INFO] --- bundle:6.1.0:bundle (default-bundle) @ activemq-client ---
[WARNING] Bundle org.apache.activemq:activemq-client:bundle:6.3.1 : Unused -privatepackage instructions , no such package(s) on the class path: [com.google.errorprone.annotations, com.google.errorprone.annotations.concurrent]
[WARNING] Bundle org.apache.activemq:activemq-client:bundle:6.3.1 : includeresource.duplicates: Duplicate overwritten: org/apache/activemq/version.txt (Consider using the onduplicate: directive to handle duplicates.)
[WARNING] Bundle org.apache.activemq:activemq-client:bundle:6.3.1 : Invalid package name: 'META-INF.versions.21.org.apache.activemq.thread' in Export-Package
[INFO] Building bundle: /home/srikanth/standoff/apache_activemq/activemq-client/target/activemq-client-6.3.1.jar
[INFO] Writing manifest: /home/srikanth/standoff/apache_activemq/activemq-client/target/classes/META-INF/MANIFEST.MF
[INFO] 
[INFO] --- source:3.4.0:jar-no-fork (attach-sources) @ activemq-client ---
[INFO] Skipping source per configuration.
[INFO] 
[INFO] --- jar:3.5.0:test-jar (default) @ activemq-client ---
[INFO] Building jar: /home/srikanth/standoff/apache_activemq/activemq-client/target/activemq-client-6.3.1-tests.jar
[INFO] ------------------------------------------------------------------------
[INFO] Reactor Summary for ActiveMQ 6.3.1:
[INFO] 
[INFO] ActiveMQ ........................................... SUCCESS [  2.562 s]
[INFO] ActiveMQ :: Client ................................. SUCCESS [ 32.056 s]
[INFO] ------------------------------------------------------------------------
[INFO] BUILD SUCCESS
[INFO] ------------------------------------------------------------------------
[INFO] Total time:  40.631 s
[INFO] Finished at: 2026-09-06T02:02:48Z
[INFO] ------------------------------------------------------------------------
