  Determining projects to restore...
  Restored /tmp/fogell-evidence-source.WWzYTz/source/src/Fogell.Domain/Fogell.Domain.fsproj (in 150 ms).
  Restored /tmp/fogell-evidence-source.WWzYTz/source/tools/Fogell.Watch.Inbox/Fogell.Watch.Inbox.fsproj (in 150 ms).
  Restored /tmp/fogell-evidence-source.WWzYTz/source/src/Fogell.Admission/Fogell.Admission.fsproj (in 150 ms).
  Restored /tmp/fogell-evidence-source.WWzYTz/source/src/Fogell.Groovy/Fogell.Groovy.fsproj (in 150 ms).
  Restored /tmp/fogell-evidence-source.WWzYTz/source/src/Fogell.Ir/Fogell.Ir.fsproj (in 150 ms).
  Restored /tmp/fogell-evidence-source.WWzYTz/source/tools/Fogell.Corpus.Score/Fogell.Corpus.Score.fsproj (in 150 ms).
  Restored /tmp/fogell-evidence-source.WWzYTz/source/src/Fogell.Execution/Fogell.Execution.fsproj (in 150 ms).
  Restored /tmp/fogell-evidence-source.WWzYTz/source/src/Fogell.Journal/Fogell.Journal.fsproj (in 150 ms).
  Restored /tmp/fogell-evidence-source.WWzYTz/source/tests/Fogell.Domain.Tests/Fogell.Domain.Tests.fsproj (in 150 ms).
  Restored /tmp/fogell-evidence-source.WWzYTz/source/tests/Fogell.Journal.Tests/Fogell.Journal.Tests.fsproj (in 150 ms).
  Restored /tmp/fogell-evidence-source.WWzYTz/source/tools/Fogell.Crash.Harness/Fogell.Crash.Harness.fsproj (in 150 ms).
  Restored /tmp/fogell-evidence-source.WWzYTz/source/src/Fogell.Store/Fogell.Store.fsproj (in 150 ms).
  Restored /tmp/fogell-evidence-source.WWzYTz/source/tests/Fogell.Store.Tests/Fogell.Store.Tests.fsproj (in 150 ms).
  Restored /tmp/fogell-evidence-source.WWzYTz/source/tests/Fogell.Execution.Tests/Fogell.Execution.Tests.fsproj (in 150 ms).
  Restored /tmp/fogell-evidence-source.WWzYTz/source/src/Fogell.Groovy.Interpreter/Fogell.Groovy.Interpreter.fsproj (in 150 ms).
  Restored /tmp/fogell-evidence-source.WWzYTz/source/src/Fogell.Controller.Api/Fogell.Controller.Api.fsproj (in 150 ms).
  Restored /tmp/fogell-evidence-source.WWzYTz/source/src/Fogell.Pipeline.Parser/Fogell.Pipeline.Parser.fsproj (in 150 ms).
  Restored /tmp/fogell-evidence-source.WWzYTz/source/src/Fogell.Groovy.Parser/Fogell.Groovy.Parser.fsproj (in 150 ms).
  Restored /tmp/fogell-evidence-source.WWzYTz/source/tests/Fogell.Groovy.Tests/Fogell.Groovy.Tests.fsproj (in 150 ms).
  Restored /tmp/fogell-evidence-source.WWzYTz/source/tests/Fogell.Pipeline.Parser.Tests/Fogell.Pipeline.Parser.Tests.fsproj (in 150 ms).
  Restored /tmp/fogell-evidence-source.WWzYTz/source/src/Fogell.Differential/Fogell.Differential.fsproj (in 150 ms).
  Restored /tmp/fogell-evidence-source.WWzYTz/source/tools/Fogell.Differential.Cli/Fogell.Differential.Cli.fsproj (in 150 ms).
  Restored /tmp/fogell-evidence-source.WWzYTz/source/tools/Fogell.Run.Host/Fogell.Run.Host.fsproj (in 150 ms).
  Restored /tmp/fogell-evidence-source.WWzYTz/source/tests/Fogell.Controller.Api.Tests/Fogell.Controller.Api.Tests.fsproj (in 150 ms).
  Restored /tmp/fogell-evidence-source.WWzYTz/source/src/Fogell.Controller.Host/Fogell.Controller.Host.fsproj (in 150 ms).
  Restored /tmp/fogell-evidence-source.WWzYTz/source/tests/Fogell.Differential.Tests/Fogell.Differential.Tests.fsproj (in 150 ms).
  Fogell.Watch.Inbox -> /tmp/fogell-evidence-source.WWzYTz/source/tools/Fogell.Watch.Inbox/bin/Release/net10.0/Fogell.Watch.Inbox.dll
  Fogell.Domain -> /tmp/fogell-evidence-source.WWzYTz/source/src/Fogell.Domain/bin/Release/net10.0/Fogell.Domain.dll
  Fogell.Ir -> /tmp/fogell-evidence-source.WWzYTz/source/src/Fogell.Ir/bin/Release/net10.0/Fogell.Ir.dll
  Fogell.Domain.Tests -> /tmp/fogell-evidence-source.WWzYTz/source/tests/Fogell.Domain.Tests/bin/Release/net10.0/Fogell.Domain.Tests.dll
  Fogell.Journal -> /tmp/fogell-evidence-source.WWzYTz/source/src/Fogell.Journal/bin/Release/net10.0/Fogell.Journal.dll
  Fogell.Store -> /tmp/fogell-evidence-source.WWzYTz/source/src/Fogell.Store/bin/Release/net10.0/Fogell.Store.dll
  Fogell.Crash.Harness -> /tmp/fogell-evidence-source.WWzYTz/source/tools/Fogell.Crash.Harness/bin/Release/net10.0/fogell-crash-harness.dll
  Fogell.Groovy -> /tmp/fogell-evidence-source.WWzYTz/source/src/Fogell.Groovy/bin/Release/net10.0/Fogell.Groovy.dll
  Fogell.Admission -> /tmp/fogell-evidence-source.WWzYTz/source/src/Fogell.Admission/bin/Release/net10.0/Fogell.Admission.dll
  Fogell.Journal.Tests -> /tmp/fogell-evidence-source.WWzYTz/source/tests/Fogell.Journal.Tests/bin/Release/net10.0/Fogell.Journal.Tests.dll
  Fogell.Groovy.Parser -> /tmp/fogell-evidence-source.WWzYTz/source/src/Fogell.Groovy.Parser/bin/Release/net10.0/Fogell.Groovy.Parser.dll
  Fogell.Groovy.Interpreter -> /tmp/fogell-evidence-source.WWzYTz/source/src/Fogell.Groovy.Interpreter/bin/Release/net10.0/Fogell.Groovy.Interpreter.dll
  Fogell.Store.Tests -> /tmp/fogell-evidence-source.WWzYTz/source/tests/Fogell.Store.Tests/bin/Release/net10.0/Fogell.Store.Tests.dll
  Fogell.Execution -> /tmp/fogell-evidence-source.WWzYTz/source/src/Fogell.Execution/bin/Release/net10.0/Fogell.Execution.dll
  Fogell.Pipeline.Parser -> /tmp/fogell-evidence-source.WWzYTz/source/src/Fogell.Pipeline.Parser/bin/Release/net10.0/Fogell.Pipeline.Parser.dll
  Fogell.Corpus.Score -> /tmp/fogell-evidence-source.WWzYTz/source/tools/Fogell.Corpus.Score/bin/Release/net10.0/fogell-score.dll
  Fogell.Groovy.Tests -> /tmp/fogell-evidence-source.WWzYTz/source/tests/Fogell.Groovy.Tests/bin/Release/net10.0/Fogell.Groovy.Tests.dll
  Fogell.Execution.Tests -> /tmp/fogell-evidence-source.WWzYTz/source/tests/Fogell.Execution.Tests/bin/Release/net10.0/Fogell.Execution.Tests.dll
  Fogell.Differential -> /tmp/fogell-evidence-source.WWzYTz/source/src/Fogell.Differential/bin/Release/net10.0/Fogell.Differential.dll
  Fogell.Pipeline.Parser.Tests -> /tmp/fogell-evidence-source.WWzYTz/source/tests/Fogell.Pipeline.Parser.Tests/bin/Release/net10.0/Fogell.Pipeline.Parser.Tests.dll
  Fogell.Run.Host -> /tmp/fogell-evidence-source.WWzYTz/source/tools/Fogell.Run.Host/bin/Release/net10.0/Fogell.Run.Host.dll
  Fogell.Differential.Cli -> /tmp/fogell-evidence-source.WWzYTz/source/tools/Fogell.Differential.Cli/bin/Release/net10.0/fogell-diff.dll
  Fogell.Controller.Api -> /tmp/fogell-evidence-source.WWzYTz/source/src/Fogell.Controller.Api/bin/Release/net10.0/Fogell.Controller.Api.dll
  Fogell.Controller.Host -> /tmp/fogell-evidence-source.WWzYTz/source/src/Fogell.Controller.Host/bin/Release/net10.0/Fogell.Controller.Host.dll
  Fogell.Controller.Api.Tests -> /tmp/fogell-evidence-source.WWzYTz/source/tests/Fogell.Controller.Api.Tests/bin/Release/net10.0/Fogell.Controller.Api.Tests.dll
  Fogell.Differential.Tests -> /tmp/fogell-evidence-source.WWzYTz/source/tests/Fogell.Differential.Tests/bin/Release/net10.0/Fogell.Differential.Tests.dll

Build succeeded.
    0 Warning(s)
    0 Error(s)

Time Elapsed 00:00:18.10
