CASE: when-invalid-directive-value.Jenkinsfile
CASE-SHA256: db282b2892b59bce188ffb7638b0301ed7954c1f5c305f771dd4a5c5b72eb711
JOB: fg175-invalid-directive-value
BUILD: http://127.0.0.1:18099/job/fg175-invalid-directive-value/1/
JENKINS: 2.568.1
STATE: {"_class":"org.jenkinsci.plugins.workflow.job.WorkflowRun","building":false,"result":"FAILURE"}
CONSOLE:
Started by user unknown or anonymous
org.codehaus.groovy.control.MultipleCompilationErrorsException: startup failed:
WorkflowScript: 7: Expected a boolean with beforeAgent @ line 7, column 17.
                   beforeAgent maybe
                   ^

1 error

	at org.codehaus.groovy.control.ErrorCollector.failIfErrors(ErrorCollector.java:309)
	at org.codehaus.groovy.control.CompilationUnit.applyToPrimaryClassNodes(CompilationUnit.java:1107)
	at org.codehaus.groovy.control.CompilationUnit.doPhaseOperation(CompilationUnit.java:624)
	at org.codehaus.groovy.control.CompilationUnit.processPhaseOperations(CompilationUnit.java:602)
	at org.codehaus.groovy.control.CompilationUnit.compile(CompilationUnit.java:579)
	at groovy.lang.GroovyClassLoader.doParseClass(GroovyClassLoader.java:323)
	at groovy.lang.GroovyClassLoader.parseClass(GroovyClassLoader.java:293)
	at PluginClassLoader for script-security//org.jenkinsci.plugins.scriptsecurity.sandbox.groovy.GroovySandbox$Scope.parse(GroovySandbox.java:162)
	at PluginClassLoader for workflow-cps//org.jenkinsci.plugins.workflow.cps.CpsGroovyShell.doParse(CpsGroovyShell.java:202)
	at PluginClassLoader for workflow-cps//org.jenkinsci.plugins.workflow.cps.CpsGroovyShell.reparse(CpsGroovyShell.java:186)
	at PluginClassLoader for workflow-cps//org.jenkinsci.plugins.workflow.cps.CpsFlowExecution.parseScript(CpsFlowExecution.java:670)
	at PluginClassLoader for workflow-cps//org.jenkinsci.plugins.workflow.cps.CpsFlowExecution.start(CpsFlowExecution.java:616)
	at PluginClassLoader for workflow-job//org.jenkinsci.plugins.workflow.job.WorkflowRun.run(WorkflowRun.java:368)
	at hudson.model.ResourceController.execute(ResourceController.java:97)
	at hudson.model.Executor.run(Executor.java:456)
[withMaven] downstreamPipelineTriggerRunListener - Failure to introspect build steps: java.io.IOException: fg175-invalid-directive-value #1 did not yet start
[withMaven] downstreamPipelineTriggerRunListener - Failure to introspect build steps: java.io.IOException: fg175-invalid-directive-value #1 did not yet start
Finished: FAILURE
WORKSPACE:
STATUS: absent
