[23:56:50 INF] EXPECTO? Running tests... <Expecto>
{"error":"ArgumentException","message":"invalid_options"}
{"error":"ArgumentException","message":"invalid_options"}
{"error":"ArgumentException","message":"invalid_options"}
[23:56:51 INF] EXPECTO! 23 tests run in 00:00:00.5030918 for retention – 23 passed, 0 ignored, 0 failed, 0 errored. Success! <Expecto>
[23:56:51 INF] EXPECTO?! Summary...
Passed:  23
	retention.known-bad cleaner is rejected by the preservation checker
	retention.invalid CLI switches cannot silently become destructive defaults
	retention.changed state root identity holds
	retention.recreated deleted root holds before evidence expiry
	retention.inventory bounds refuse before committing deletion
	retention.symlink child is unlinked without following target
	retention.database definition disagreement refuses selection
	retention.unexpected missing entry holds before deletion intent
	retention.replaced ancestor holds and preserves new tree
	retention.changed entry identity holds and preserves replacement
	retention.selected build refuses new log and retry writes
	retention.concurrent sweeper refuses while first owns tenant lock
	retention.resume interruption at logs
	retention.resume interruption at filesystem
	retention.resume interruption at unlinked
	retention.resume interruption at quarantined
	retention.resume interruption at intent
	retention.resume interruption at deleting
	retention.resume interruption at selected
	retention.retry ancestry protects the entire build
	retention.active and reconciliation evidence survives
	retention.age and size policies independently select terminal history
	retention.bounded count policy restores target and expires source/log payload
Ignored:  0
Failed:   0
Errored:  0 <Expecto>
