MUTANT m01-source-vs-source sha256=0f4286a141975fad86de61e359fad0226b08cef3b774d5cccf19d01db68da848 candidate-restored=c2ef2f1185677f7eba90d12f0ea7e362f4e981ba1b917646ef9498fa08255d3b
MUTANT m02-row-count-only sha256=c7410104b4ecbb81ff984bb5bb51380ec0c31d82e3ee2d864f8cced5977ea800 candidate-restored=c2ef2f1185677f7eba90d12f0ea7e362f4e981ba1b917646ef9498fa08255d3b
MUTANT m03-omit-schema sha256=4d0c25083f1e59171df9f0bacc23828c2e6daf71fa8bbe4c987c55fd5c6d081d candidate-restored=c2ef2f1185677f7eba90d12f0ea7e362f4e981ba1b917646ef9498fa08255d3b
MUTANT m04-omit-sequences sha256=99dcf6b2ac6e8b2cffc82f204df89ab0a652f121a3859eab6d718efe31128254 candidate-restored=c2ef2f1185677f7eba90d12f0ea7e362f4e981ba1b917646ef9498fa08255d3b
MUTANT m05-no-sort sha256=53c44da60ae36a70bde5401899accb27db3c62abb82175014446f72665cddeaa candidate-restored=c2ef2f1185677f7eba90d12f0ea7e362f4e981ba1b917646ef9498fa08255d3b
MUTANT m06-ignore-dump-rc sha256=542165fd2a98d97e964061b98b58c883591768b52a32eb8baaf31ea32e892d91 candidate-restored=c2ef2f1185677f7eba90d12f0ea7e362f4e981ba1b917646ef9498fa08255d3b
MUTANT m07-empty-archive sha256=e6f6a8e3e08e01c33b8233c8a8bab578510550323b80916b77e4b4ba73072fda candidate-restored=c2ef2f1185677f7eba90d12f0ea7e362f4e981ba1b917646ef9498fa08255d3b
MUTANT m08-empty-inventory sha256=982b54a131998aaeb59044f23b6ad1e1e91bea2843dc2f499d81165433202533 candidate-restored=c2ef2f1185677f7eba90d12f0ea7e362f4e981ba1b917646ef9498fa08255d3b
MUTANT m09-contaminated-target sha256=7e829213d13f5e4af403771296a0bc63a6f33178bcfe5e21e96e8f8788dfe67b candidate-restored=c2ef2f1185677f7eba90d12f0ea7e362f4e981ba1b917646ef9498fa08255d3b
MUTANT m10-corrupt-after-hash sha256=021db0afdecb59a6305a6b8f6c0d491f16651fb48e39a79cc06739ddc8968f1c candidate-restored=c2ef2f1185677f7eba90d12f0ea7e362f4e981ba1b917646ef9498fa08255d3b
MUTANT m11-broaden-prefix sha256=799fd2ac2eb72a7d7d283e3171caa484312882a8c1db5eb515bdde4407c56721 candidate-restored=c2ef2f1185677f7eba90d12f0ea7e362f4e981ba1b917646ef9498fa08255d3b
MUTANT m12-ignore-restore-rc sha256=1d861d5e33336edee7a1cb5cb99f41a4f7ba7567d0f8f521ca1c39d04687412e candidate-restored=c2ef2f1185677f7eba90d12f0ea7e362f4e981ba1b917646ef9498fa08255d3b
MUTANT m13-ignore-cleanup-failure sha256=81de4a64e4578d6ba22a7c5e33e683ad640da183349ef3b766d83fe5bc5bf5b6 candidate-restored=c2ef2f1185677f7eba90d12f0ea7e362f4e981ba1b917646ef9498fa08255d3b
MUTANT m14-raw-schema-guards sha256=3b1f34b26a6940b783c34df9b9255b450b4c1f2fd6dcb67814a1f24785812d16 candidate-restored=c2ef2f1185677f7eba90d12f0ea7e362f4e981ba1b917646ef9498fa08255d3b
MUTANT m15-reintroduce-between sha256=9f6bccf4713dfeba51d58f03f548f1555289aba280acc7211848164e8d624c9f candidate-restored=22b1049db8b55a99e82b7565ff51a4060be2212d927ec31cddd227b1cfc91590
FG-085a PROOF PASS: 15 unique byte-changing mutants killed; canonical-constraint omission, empty schema/sequence, truncated archive, and tool-major controls refused
pg_dump: warning: there are circular foreign-key constraints on this table:
pg_dump: detail: attempts
pg_dump: hint: You might not be able to restore the dump without using --disable-triggers or temporarily dropping the constraints.
pg_dump: hint: Consider using a full dump instead of a --data-only dump to avoid this problem.
pg_dump: warning: there are circular foreign-key constraints on this table:
pg_dump: detail: attempts
pg_dump: hint: You might not be able to restore the dump without using --disable-triggers or temporarily dropping the constraints.
pg_dump: hint: Consider using a full dump instead of a --data-only dump to avoid this problem.
FG-085a PASS server-major=16 archive-sha256=ec6b2c07618400ce23e8a38475b56295bbb3fcea2c7b5e52c8f9bd8c04d9f7db schema-sha256=4e7f3a61b7be83cf74d9122c029f93c69b1fafd8633810d1c4f9e7853cb3e5a7 data-sha256=439d28923efdc05c33d6ab799648923a667687a306160998ee2471ea2d1ff881 sequences-sha256=572c919ecc6ff689513b8df0bfab59fb275936ed35f8d87c10006d892d550bc5
