jenkins:   http://127.0.0.1:18099 (core 2.568.1)
workspace: remote collector: ssh luigi "podman exec jenkins-lab sh -c \"cd /var/jenkins_h...

  fg177-probe-unknown-policy.Jenkinsfile         re-running (diverged, attempt 2 of 3)
  fg177-probe-unknown-policy.Jenkinsfile         re-running (diverged, attempt 3 of 3)
  fg177-probe-unknown-policy.Jenkinsfile         DIVERGED(3)      fg177-probe-unknown-policy.receipt.txt
        terminal result: jenkins=unstable fogell=failure
        output line 4: jenkins=WARNING: Unknown parameter(s) found for class type 'org.jenkinsci.plugins.workflow.steps.durable_task.ShellStep': fogellProbeUnknown fogell=+ printf sh-ran
        workspace hash: jenkins=b09b9eca2ae4 fogell=c472557f9ff9
  fg177-probe-requiredness.Jenkinsfile           re-running (diverged, attempt 2 of 3)
  fg177-probe-requiredness.Jenkinsfile           re-running (diverged, attempt 3 of 3)
  fg177-probe-requiredness.Jenkinsfile           DIVERGED(3)      fg177-probe-requiredness.receipt.txt
        terminal result: jenkins=success fogell=failure
        output line 1: jenkins=FG177 MISSING sh THREW java.lang.IllegalArgumentException: Could not instantiate {} for org.jenkinsci.plugins.workflow.steps.durable_task.ShellStep: java.lang.reflect.InvocationTargetException fogell=<absent>
        workspace hash: jenkins=2eefd878d70f fogell=e3b0c44298fc
  fg177-probe-return-semantics.Jenkinsfile       re-running (diverged, attempt 2 of 3)
  fg177-probe-return-semantics.Jenkinsfile       re-running (diverged, attempt 3 of 3)
  fg177-probe-return-semantics.Jenkinsfile       DIVERGED(3)      fg177-probe-return-semantics.receipt.txt
        terminal result: jenkins=unstable fogell=failure
        output line 0: jenkins=+ rm -rf fg177-return-* fogell=<absent>
        workspace hash: jenkins=e9da523a6c0c fogell=e3b0c44298fc
  fg177-probe-checkout-scm.Jenkinsfile           re-running (diverged, attempt 2 of 3)
  fg177-probe-checkout-scm.Jenkinsfile           re-running (diverged, attempt 3 of 3)
  fg177-probe-checkout-scm.Jenkinsfile           DIVERGED(3)      fg177-probe-checkout-scm.receipt.txt
        terminal result: jenkins=success fogell=failure
        output line 1: jenkins=FG177 MISSING checkout THREW java.lang.NullPointerException: Cannot invoke "hudson.scm.SCM.checkout(hudson.model.Run, hudson.Launcher, hudson.FilePath, hudson.model.TaskListener, java.io.File, hudson.scm.SCMRevisionState)" because "scm" is null fogell=<absent>
        workspace hash: jenkins=37dac3b30c58 fogell=e3b0c44298fc

tier-1 proven (incl. workspace): 0 / 4
proven-partial (result+output):  0 / 4
