Sep 16 16:55:06 fogell-persistence kernel: Linux version 6.8.0-139-generic (buildd@lcy02-amd64-036) (x86_64-linux-gnu-gcc-13 (Ubuntu 13.3.0-6ubuntu2~24.04.1) 13.3.0, GNU ld (GNU Binutils for Ubuntu) 2.42) #139-Ubuntu SMP PREEMPT_DYNAMIC Sat Aug  1 03:52:05 UTC 2026 (Ubuntu 6.8.0-139.139-generic 6.8.12)
Sep 16 16:55:06 fogell-persistence kernel: Command line: BOOT_IMAGE=/vmlinuz-6.8.0-139-generic root=LABEL=cloudimg-rootfs ro console=tty1 console=ttyS0
Sep 16 16:55:06 fogell-persistence kernel: KERNEL supported cpus:
Sep 16 16:55:06 fogell-persistence kernel:   Intel GenuineIntel
Sep 16 16:55:06 fogell-persistence kernel:   AMD AuthenticAMD
Sep 16 16:55:06 fogell-persistence kernel:   Hygon HygonGenuine
Sep 16 16:55:06 fogell-persistence kernel:   Centaur CentaurHauls
Sep 16 16:55:06 fogell-persistence kernel:   zhaoxin   Shanghai  
Sep 16 16:55:06 fogell-persistence kernel: BIOS-provided physical RAM map:
Sep 16 16:55:06 fogell-persistence kernel: BIOS-e820: [mem 0x0000000000000000-0x000000000009fbff] usable
Sep 16 16:55:06 fogell-persistence kernel: BIOS-e820: [mem 0x000000000009fc00-0x000000000009ffff] reserved
Sep 16 16:55:06 fogell-persistence kernel: BIOS-e820: [mem 0x00000000000f0000-0x00000000000fffff] reserved
Sep 16 16:55:06 fogell-persistence kernel: BIOS-e820: [mem 0x0000000000100000-0x00000000bffd3fff] usable
Sep 16 16:55:06 fogell-persistence kernel: BIOS-e820: [mem 0x00000000bffd4000-0x00000000bfffffff] reserved
Sep 16 16:55:06 fogell-persistence kernel: BIOS-e820: [mem 0x00000000feffc000-0x00000000feffffff] reserved
Sep 16 16:55:06 fogell-persistence kernel: BIOS-e820: [mem 0x00000000fffc0000-0x00000000ffffffff] reserved
Sep 16 16:55:06 fogell-persistence kernel: BIOS-e820: [mem 0x0000000100000000-0x000000013fffffff] usable
Sep 16 16:55:06 fogell-persistence kernel: NX (Execute Disable) protection: active
Sep 16 16:55:06 fogell-persistence kernel: APIC: Static calls initialized
Sep 16 16:55:06 fogell-persistence kernel: SMBIOS 3.0.0 present.
Sep 16 16:55:06 fogell-persistence kernel: DMI: QEMU Ubuntu 24.04 PC v2 (i440FX + PIIX, arch_caps fix, 1996), BIOS 1.16.3-debian-1.16.3-2 04/01/2014
Sep 16 16:55:06 fogell-persistence kernel: Hypervisor detected: KVM
Sep 16 16:55:06 fogell-persistence kernel: kvm-clock: Using msrs 4b564d01 and 4b564d00
Sep 16 16:55:06 fogell-persistence kernel: kvm-clock: using sched offset of 3917203506 cycles
Sep 16 16:55:06 fogell-persistence kernel: clocksource: kvm-clock: mask: 0xffffffffffffffff max_cycles: 0x1cd42e4dffb, max_idle_ns: 881590591483 ns
Sep 16 16:55:06 fogell-persistence kernel: tsc: Detected 2294.686 MHz processor
Sep 16 16:55:06 fogell-persistence kernel: e820: update [mem 0x00000000-0x00000fff] usable ==> reserved
Sep 16 16:55:06 fogell-persistence kernel: e820: remove [mem 0x000a0000-0x000fffff] usable
Sep 16 16:55:06 fogell-persistence kernel: last_pfn = 0x140000 max_arch_pfn = 0x400000000
Sep 16 16:55:06 fogell-persistence kernel: MTRR map: 4 entries (3 fixed + 1 variable; max 19), built from 8 variable MTRRs
Sep 16 16:55:06 fogell-persistence kernel: x86/PAT: Configuration [0-7]: WB  WC  UC- UC  WB  WP  UC- WT  
Sep 16 16:55:06 fogell-persistence kernel: last_pfn = 0xbffd4 max_arch_pfn = 0x400000000
Sep 16 16:55:06 fogell-persistence kernel: found SMP MP-table at [mem 0x000f5460-0x000f546f]
Sep 16 16:55:06 fogell-persistence kernel: Using GB pages for direct mapping
Sep 16 16:55:06 fogell-persistence kernel: RAMDISK: [mem 0x34563000-0x362a8fff]
Sep 16 16:55:06 fogell-persistence kernel: ACPI: Early table checksum verification disabled
Sep 16 16:55:06 fogell-persistence kernel: ACPI: RSDP 0x00000000000F5250 000014 (v00 BOCHS )
Sep 16 16:55:06 fogell-persistence kernel: ACPI: RSDT 0x00000000BFFE1CC5 000034 (v01 BOCHS  BXPC     00000001 BXPC 00000001)
Sep 16 16:55:06 fogell-persistence kernel: ACPI: FACP 0x00000000BFFE1B71 000074 (v01 BOCHS  BXPC     00000001 BXPC 00000001)
Sep 16 16:55:06 fogell-persistence kernel: ACPI: DSDT 0x00000000BFFE0040 001B31 (v01 BOCHS  BXPC     00000001 BXPC 00000001)
Sep 16 16:55:06 fogell-persistence kernel: ACPI: FACS 0x00000000BFFE0000 000040
Sep 16 16:55:06 fogell-persistence kernel: ACPI: APIC 0x00000000BFFE1BE5 000080 (v03 BOCHS  BXPC     00000001 BXPC 00000001)
Sep 16 16:55:06 fogell-persistence kernel: ACPI: HPET 0x00000000BFFE1C65 000038 (v01 BOCHS  BXPC     00000001 BXPC 00000001)
Sep 16 16:55:06 fogell-persistence kernel: ACPI: WAET 0x00000000BFFE1C9D 000028 (v01 BOCHS  BXPC     00000001 BXPC 00000001)
Sep 16 16:55:06 fogell-persistence kernel: ACPI: Reserving FACP table memory at [mem 0xbffe1b71-0xbffe1be4]
Sep 16 16:55:06 fogell-persistence kernel: ACPI: Reserving DSDT table memory at [mem 0xbffe0040-0xbffe1b70]
Sep 16 16:55:06 fogell-persistence kernel: ACPI: Reserving FACS table memory at [mem 0xbffe0000-0xbffe003f]
Sep 16 16:55:06 fogell-persistence kernel: ACPI: Reserving APIC table memory at [mem 0xbffe1be5-0xbffe1c64]
Sep 16 16:55:06 fogell-persistence kernel: ACPI: Reserving HPET table memory at [mem 0xbffe1c65-0xbffe1c9c]
Sep 16 16:55:06 fogell-persistence kernel: ACPI: Reserving WAET table memory at [mem 0xbffe1c9d-0xbffe1cc4]
Sep 16 16:55:06 fogell-persistence kernel: No NUMA configuration found
Sep 16 16:55:06 fogell-persistence kernel: Faking a node at [mem 0x0000000000000000-0x000000013fffffff]
Sep 16 16:55:06 fogell-persistence kernel: NODE_DATA(0) allocated [mem 0x13ffd3000-0x13fffdfff]
Sep 16 16:55:06 fogell-persistence kernel: Zone ranges:
Sep 16 16:55:06 fogell-persistence kernel:   DMA      [mem 0x0000000000001000-0x0000000000ffffff]
Sep 16 16:55:06 fogell-persistence kernel:   DMA32    [mem 0x0000000001000000-0x00000000ffffffff]
Sep 16 16:55:06 fogell-persistence kernel:   Normal   [mem 0x0000000100000000-0x000000013fffffff]
Sep 16 16:55:06 fogell-persistence kernel:   Device   empty
Sep 16 16:55:06 fogell-persistence kernel: Movable zone start for each node
Sep 16 16:55:06 fogell-persistence kernel: Early memory node ranges
Sep 16 16:55:06 fogell-persistence kernel:   node   0: [mem 0x0000000000001000-0x000000000009efff]
Sep 16 16:55:06 fogell-persistence kernel:   node   0: [mem 0x0000000000100000-0x00000000bffd3fff]
Sep 16 16:55:06 fogell-persistence kernel:   node   0: [mem 0x0000000100000000-0x000000013fffffff]
Sep 16 16:55:06 fogell-persistence kernel: Initmem setup node 0 [mem 0x0000000000001000-0x000000013fffffff]
Sep 16 16:55:06 fogell-persistence kernel: On node 0, zone DMA: 1 pages in unavailable ranges
Sep 16 16:55:06 fogell-persistence kernel: On node 0, zone DMA: 97 pages in unavailable ranges
Sep 16 16:55:06 fogell-persistence kernel: On node 0, zone Normal: 44 pages in unavailable ranges
Sep 16 16:55:06 fogell-persistence kernel: ACPI: PM-Timer IO Port: 0x608
Sep 16 16:55:06 fogell-persistence kernel: ACPI: LAPIC_NMI (acpi_id[0xff] dfl dfl lint[0x1])
Sep 16 16:55:06 fogell-persistence kernel: IOAPIC[0]: apic_id 0, version 17, address 0xfec00000, GSI 0-23
Sep 16 16:55:06 fogell-persistence kernel: ACPI: INT_SRC_OVR (bus 0 bus_irq 0 global_irq 2 dfl dfl)
Sep 16 16:55:06 fogell-persistence kernel: ACPI: INT_SRC_OVR (bus 0 bus_irq 5 global_irq 5 high level)
Sep 16 16:55:06 fogell-persistence kernel: ACPI: INT_SRC_OVR (bus 0 bus_irq 9 global_irq 9 high level)
Sep 16 16:55:06 fogell-persistence kernel: ACPI: INT_SRC_OVR (bus 0 bus_irq 10 global_irq 10 high level)
Sep 16 16:55:06 fogell-persistence kernel: ACPI: INT_SRC_OVR (bus 0 bus_irq 11 global_irq 11 high level)
Sep 16 16:55:06 fogell-persistence kernel: ACPI: Using ACPI (MADT) for SMP configuration information
Sep 16 16:55:06 fogell-persistence kernel: ACPI: HPET id: 0x8086a201 base: 0xfed00000
Sep 16 16:55:06 fogell-persistence kernel: TSC deadline timer available
Sep 16 16:55:06 fogell-persistence kernel: smpboot: Allowing 2 CPUs, 0 hotplug CPUs
Sep 16 16:55:06 fogell-persistence kernel: kvm-guest: APIC: eoi() replaced with kvm_guest_apic_eoi_write()
Sep 16 16:55:06 fogell-persistence kernel: kvm-guest: KVM setup pv remote TLB flush
Sep 16 16:55:06 fogell-persistence kernel: kvm-guest: setup PV sched yield
Sep 16 16:55:06 fogell-persistence kernel: PM: hibernation: Registered nosave memory: [mem 0x00000000-0x00000fff]
Sep 16 16:55:06 fogell-persistence kernel: PM: hibernation: Registered nosave memory: [mem 0x0009f000-0x000fffff]
Sep 16 16:55:06 fogell-persistence kernel: PM: hibernation: Registered nosave memory: [mem 0xbffd4000-0xffffffff]
Sep 16 16:55:06 fogell-persistence kernel: [mem 0xc0000000-0xfeffbfff] available for PCI devices
Sep 16 16:55:06 fogell-persistence kernel: Booting paravirtualized kernel on KVM
Sep 16 16:55:06 fogell-persistence kernel: clocksource: refined-jiffies: mask: 0xffffffff max_cycles: 0xffffffff, max_idle_ns: 1910969940391419 ns
Sep 16 16:55:06 fogell-persistence kernel: setup_percpu: NR_CPUS:8192 nr_cpumask_bits:2 nr_cpu_ids:2 nr_node_ids:1
Sep 16 16:55:06 fogell-persistence kernel: percpu: Embedded 86 pages/cpu s229376 r8192 d114688 u1048576
Sep 16 16:55:06 fogell-persistence kernel: pcpu-alloc: s229376 r8192 d114688 u1048576 alloc=1*2097152
Sep 16 16:55:06 fogell-persistence kernel: pcpu-alloc: [0] 0 1 
Sep 16 16:55:06 fogell-persistence kernel: kvm-guest: PV spinlocks enabled
Sep 16 16:55:06 fogell-persistence kernel: PV qspinlock hash table entries: 256 (order: 0, 4096 bytes, linear)
Sep 16 16:55:06 fogell-persistence kernel: Kernel command line: BOOT_IMAGE=/vmlinuz-6.8.0-139-generic root=LABEL=cloudimg-rootfs ro console=tty1 console=ttyS0
Sep 16 16:55:06 fogell-persistence kernel: random: crng init done
Sep 16 16:55:06 fogell-persistence kernel: Dentry cache hash table entries: 524288 (order: 10, 4194304 bytes, linear)
Sep 16 16:55:06 fogell-persistence kernel: Inode-cache hash table entries: 262144 (order: 9, 2097152 bytes, linear)
Sep 16 16:55:06 fogell-persistence kernel: Fallback order for Node 0: 0 
Sep 16 16:55:06 fogell-persistence kernel: Built 1 zonelists, mobility grouping on.  Total pages: 1031892
Sep 16 16:55:06 fogell-persistence kernel: Policy zone: Normal
Sep 16 16:55:06 fogell-persistence kernel: mem auto-init: stack:all(zero), heap alloc:on, heap free:off
Sep 16 16:55:06 fogell-persistence kernel: software IO TLB: area num 2.
Sep 16 16:55:06 fogell-persistence kernel: Memory: 3970628K/4193736K available (22528K kernel code, 4441K rwdata, 14428K rodata, 4932K init, 4776K bss, 222848K reserved, 0K cma-reserved)
Sep 16 16:55:06 fogell-persistence kernel: SLUB: HWalign=64, Order=0-3, MinObjects=0, CPUs=2, Nodes=1
Sep 16 16:55:06 fogell-persistence kernel: Kernel/User page tables isolation: enabled
Sep 16 16:55:06 fogell-persistence kernel: ftrace: allocating 58336 entries in 228 pages
Sep 16 16:55:06 fogell-persistence kernel: ftrace: allocated 228 pages with 4 groups
Sep 16 16:55:06 fogell-persistence kernel: Dynamic Preempt: voluntary
Sep 16 16:55:06 fogell-persistence kernel: rcu: Preemptible hierarchical RCU implementation.
Sep 16 16:55:06 fogell-persistence kernel: rcu:         RCU restricting CPUs from NR_CPUS=8192 to nr_cpu_ids=2.
Sep 16 16:55:06 fogell-persistence kernel:         Trampoline variant of Tasks RCU enabled.
Sep 16 16:55:06 fogell-persistence kernel:         Rude variant of Tasks RCU enabled.
Sep 16 16:55:06 fogell-persistence kernel:         Tracing variant of Tasks RCU enabled.
Sep 16 16:55:06 fogell-persistence kernel: rcu: RCU calculated value of scheduler-enlistment delay is 100 jiffies.
Sep 16 16:55:06 fogell-persistence kernel: rcu: Adjusting geometry for rcu_fanout_leaf=16, nr_cpu_ids=2
Sep 16 16:55:06 fogell-persistence kernel: RCU Tasks: Setting shift to 1 and lim to 1 rcu_task_cb_adjust=1 rcu_task_cpu_ids=2.
Sep 16 16:55:06 fogell-persistence kernel: RCU Tasks Rude: Setting shift to 1 and lim to 1 rcu_task_cb_adjust=1 rcu_task_cpu_ids=2.
Sep 16 16:55:06 fogell-persistence kernel: RCU Tasks Trace: Setting shift to 1 and lim to 1 rcu_task_cb_adjust=1 rcu_task_cpu_ids=2.
Sep 16 16:55:06 fogell-persistence kernel: NR_IRQS: 524544, nr_irqs: 440, preallocated irqs: 16
Sep 16 16:55:06 fogell-persistence kernel: rcu: srcu_init: Setting srcu_struct sizes based on contention.
Sep 16 16:55:06 fogell-persistence kernel: Console: colour VGA+ 80x25
Sep 16 16:55:06 fogell-persistence kernel: printk: legacy console [tty1] enabled
Sep 16 16:55:06 fogell-persistence kernel: printk: legacy console [ttyS0] enabled
Sep 16 16:55:06 fogell-persistence kernel: ACPI: Core revision 20230628
Sep 16 16:55:06 fogell-persistence kernel: clocksource: hpet: mask: 0xffffffff max_cycles: 0xffffffff, max_idle_ns: 19112604467 ns
Sep 16 16:55:06 fogell-persistence kernel: APIC: Switch to symmetric I/O mode setup
Sep 16 16:55:06 fogell-persistence kernel: x2apic enabled
Sep 16 16:55:06 fogell-persistence kernel: APIC: Switched APIC routing to: physical x2apic
Sep 16 16:55:06 fogell-persistence kernel: kvm-guest: APIC: send_IPI_mask() replaced with kvm_send_ipi_mask()
Sep 16 16:55:06 fogell-persistence kernel: kvm-guest: APIC: send_IPI_mask_allbutself() replaced with kvm_send_ipi_mask_allbutself()
Sep 16 16:55:06 fogell-persistence kernel: kvm-guest: setup PV IPIs
Sep 16 16:55:06 fogell-persistence kernel: ..TIMER: vector=0x30 apic1=0 pin1=2 apic2=-1 pin2=-1
Sep 16 16:55:06 fogell-persistence kernel: clocksource: tsc-early: mask: 0xffffffffffffffff max_cycles: 0x211399552f8, max_idle_ns: 440795292447 ns
Sep 16 16:55:06 fogell-persistence kernel: Calibrating delay loop (skipped) preset value.. 4589.37 BogoMIPS (lpj=2294686)
Sep 16 16:55:06 fogell-persistence kernel: x86/cpu: User Mode Instruction Prevention (UMIP) activated
Sep 16 16:55:06 fogell-persistence kernel: Last level iTLB entries: 4KB 0, 2MB 0, 4MB 0
Sep 16 16:55:06 fogell-persistence kernel: Last level dTLB entries: 4KB 0, 2MB 0, 4MB 0, 1GB 0
Sep 16 16:55:06 fogell-persistence kernel: Spectre V1 : Mitigation: usercopy/swapgs barriers and __user pointer sanitization
Sep 16 16:55:06 fogell-persistence kernel: Spectre V2 : Mitigation: Retpolines
Sep 16 16:55:06 fogell-persistence kernel: Spectre V2 : Spectre v2 / SpectreRSB: Filling RSB on context switch and VMEXIT
Sep 16 16:55:06 fogell-persistence kernel: Spectre V2 : Enabling Restricted Speculation for firmware calls
Sep 16 16:55:06 fogell-persistence kernel: Spectre V2 : mitigation: Enabling conditional Indirect Branch Prediction Barrier
Sep 16 16:55:06 fogell-persistence kernel: Speculative Store Bypass: Mitigation: Speculative Store Bypass disabled via prctl
Sep 16 16:55:06 fogell-persistence kernel: MDS: Mitigation: Clear CPU buffers
Sep 16 16:55:06 fogell-persistence kernel: MMIO Stale Data: Mitigation: Clear CPU buffers
Sep 16 16:55:06 fogell-persistence kernel: active return thunk: its_return_thunk
Sep 16 16:55:06 fogell-persistence kernel: ITS: Mitigation: Aligned branch/return thunks
Sep 16 16:55:06 fogell-persistence kernel: x86/fpu: Supporting XSAVE feature 0x001: 'x87 floating point registers'
Sep 16 16:55:06 fogell-persistence kernel: x86/fpu: Supporting XSAVE feature 0x002: 'SSE registers'
Sep 16 16:55:06 fogell-persistence kernel: x86/fpu: Supporting XSAVE feature 0x004: 'AVX registers'
Sep 16 16:55:06 fogell-persistence kernel: x86/fpu: xstate_offset[2]:  576, xstate_sizes[2]:  256
Sep 16 16:55:06 fogell-persistence kernel: x86/fpu: Enabled xstate features 0x7, context size is 832 bytes, using 'standard' format.
Sep 16 16:55:06 fogell-persistence kernel: Freeing SMP alternatives memory: 48K
Sep 16 16:55:06 fogell-persistence kernel: pid_max: default: 32768 minimum: 301
Sep 16 16:55:06 fogell-persistence kernel: LSM: initializing lsm=lockdown,capability,landlock,yama,apparmor,integrity
Sep 16 16:55:06 fogell-persistence kernel: landlock: Up and running.
Sep 16 16:55:06 fogell-persistence kernel: Yama: becoming mindful.
Sep 16 16:55:06 fogell-persistence kernel: AppArmor: AppArmor initialized
Sep 16 16:55:06 fogell-persistence kernel: Mount-cache hash table entries: 8192 (order: 4, 65536 bytes, linear)
Sep 16 16:55:06 fogell-persistence kernel: Mountpoint-cache hash table entries: 8192 (order: 4, 65536 bytes, linear)
Sep 16 16:55:06 fogell-persistence kernel: smpboot: CPU0: Intel(R) Xeon(R) CPU E5-2695 v3 @ 2.30GHz (family: 0x6, model: 0x3f, stepping: 0x2)
Sep 16 16:55:06 fogell-persistence kernel: Performance Events: Haswell events, full-width counters, Intel PMU driver.
Sep 16 16:55:06 fogell-persistence kernel: ... version:                2
Sep 16 16:55:06 fogell-persistence kernel: ... bit width:              48
Sep 16 16:55:06 fogell-persistence kernel: ... generic registers:      4
Sep 16 16:55:06 fogell-persistence kernel: ... value mask:             0000ffffffffffff
Sep 16 16:55:06 fogell-persistence kernel: ... max period:             00007fffffffffff
Sep 16 16:55:06 fogell-persistence kernel: ... fixed-purpose events:   3
Sep 16 16:55:06 fogell-persistence kernel: ... event mask:             000000070000000f
Sep 16 16:55:06 fogell-persistence kernel: signal: max sigframe size: 1776
Sep 16 16:55:06 fogell-persistence kernel: rcu: Hierarchical SRCU implementation.
Sep 16 16:55:06 fogell-persistence kernel: rcu:         Max phase no-delay instances is 400.
Sep 16 16:55:06 fogell-persistence kernel: smp: Bringing up secondary CPUs ...
Sep 16 16:55:06 fogell-persistence kernel: smpboot: x86: Booting SMP configuration:
Sep 16 16:55:06 fogell-persistence kernel: .... node  #0, CPUs:      #1
Sep 16 16:55:06 fogell-persistence kernel: smp: Brought up 1 node, 2 CPUs
Sep 16 16:55:06 fogell-persistence kernel: smpboot: Max logical packages: 1
Sep 16 16:55:06 fogell-persistence kernel: smpboot: Total of 2 processors activated (9178.74 BogoMIPS)
Sep 16 16:55:06 fogell-persistence kernel: devtmpfs: initialized
Sep 16 16:55:06 fogell-persistence kernel: x86/mm: Memory block size: 128MB
Sep 16 16:55:06 fogell-persistence kernel: clocksource: jiffies: mask: 0xffffffff max_cycles: 0xffffffff, max_idle_ns: 1911260446275000 ns
Sep 16 16:55:06 fogell-persistence kernel: futex hash table entries: 512 (order: 3, 32768 bytes, linear)
Sep 16 16:55:06 fogell-persistence kernel: pinctrl core: initialized pinctrl subsystem
Sep 16 16:55:06 fogell-persistence kernel: PM: RTC time: 16:55:01, date: 2026-09-16
Sep 16 16:55:06 fogell-persistence kernel: NET: Registered PF_NETLINK/PF_ROUTE protocol family
Sep 16 16:55:06 fogell-persistence kernel: DMA: preallocated 512 KiB GFP_KERNEL pool for atomic allocations
Sep 16 16:55:06 fogell-persistence kernel: DMA: preallocated 512 KiB GFP_KERNEL|GFP_DMA pool for atomic allocations
Sep 16 16:55:06 fogell-persistence kernel: DMA: preallocated 512 KiB GFP_KERNEL|GFP_DMA32 pool for atomic allocations
Sep 16 16:55:06 fogell-persistence kernel: audit: initializing netlink subsys (disabled)
Sep 16 16:55:06 fogell-persistence kernel: audit: type=2000 audit(1789577701.773:1): state=initialized audit_enabled=0 res=1
Sep 16 16:55:06 fogell-persistence kernel: thermal_sys: Registered thermal governor 'fair_share'
Sep 16 16:55:06 fogell-persistence kernel: thermal_sys: Registered thermal governor 'bang_bang'
Sep 16 16:55:06 fogell-persistence kernel: thermal_sys: Registered thermal governor 'step_wise'
Sep 16 16:55:06 fogell-persistence kernel: thermal_sys: Registered thermal governor 'user_space'
Sep 16 16:55:06 fogell-persistence kernel: thermal_sys: Registered thermal governor 'power_allocator'
Sep 16 16:55:06 fogell-persistence kernel: cpuidle: using governor ladder
Sep 16 16:55:06 fogell-persistence kernel: cpuidle: using governor menu
Sep 16 16:55:06 fogell-persistence kernel: acpiphp: ACPI Hot Plug PCI Controller Driver version: 0.5
Sep 16 16:55:06 fogell-persistence kernel: PCI: Using configuration type 1 for base access
Sep 16 16:55:06 fogell-persistence kernel: core: PMU erratum BJ122, BV98, HSD29 workaround disabled, HT off
Sep 16 16:55:06 fogell-persistence kernel: kprobes: kprobe jump-optimization is enabled. All kprobes are optimized if possible.
Sep 16 16:55:06 fogell-persistence kernel: HugeTLB: registered 1.00 GiB page size, pre-allocated 0 pages
Sep 16 16:55:06 fogell-persistence kernel: HugeTLB: 16380 KiB vmemmap can be freed for a 1.00 GiB page
Sep 16 16:55:06 fogell-persistence kernel: HugeTLB: registered 2.00 MiB page size, pre-allocated 0 pages
Sep 16 16:55:06 fogell-persistence kernel: HugeTLB: 28 KiB vmemmap can be freed for a 2.00 MiB page
Sep 16 16:55:06 fogell-persistence kernel: ACPI: Added _OSI(Module Device)
Sep 16 16:55:06 fogell-persistence kernel: ACPI: Added _OSI(Processor Device)
Sep 16 16:55:06 fogell-persistence kernel: ACPI: Added _OSI(Processor Aggregator Device)
Sep 16 16:55:06 fogell-persistence kernel: ACPI: 1 ACPI AML tables successfully acquired and loaded
Sep 16 16:55:06 fogell-persistence kernel: ACPI: _OSC evaluation for CPUs failed, trying _PDC
Sep 16 16:55:06 fogell-persistence kernel: ACPI: Interpreter enabled
Sep 16 16:55:06 fogell-persistence kernel: ACPI: PM: (supports S0 S3 S4 S5)
Sep 16 16:55:06 fogell-persistence kernel: ACPI: Using IOAPIC for interrupt routing
Sep 16 16:55:06 fogell-persistence kernel: PCI: Using host bridge windows from ACPI; if necessary, use "pci=nocrs" and report a bug
Sep 16 16:55:06 fogell-persistence kernel: PCI: Using E820 reservations for host bridge windows
Sep 16 16:55:06 fogell-persistence kernel: ACPI: Enabled 2 GPEs in block 00 to 0F
Sep 16 16:55:06 fogell-persistence kernel: ACPI: PCI Root Bridge [PCI0] (domain 0000 [bus 00-ff])
Sep 16 16:55:06 fogell-persistence kernel: acpi PNP0A03:00: _OSC: OS supports [ASPM ClockPM Segments MSI EDR HPX-Type3]
Sep 16 16:55:06 fogell-persistence kernel: acpi PNP0A03:00: _OSC: not requesting OS control; OS requires [ExtendedConfig ASPM ClockPM MSI]
Sep 16 16:55:06 fogell-persistence kernel: acpi PNP0A03:00: fail to add MMCONFIG information, can't access extended configuration space under this bridge
Sep 16 16:55:06 fogell-persistence kernel: acpiphp: Slot [3] registered
Sep 16 16:55:06 fogell-persistence kernel: acpiphp: Slot [4] registered
Sep 16 16:55:06 fogell-persistence kernel: acpiphp: Slot [5] registered
Sep 16 16:55:06 fogell-persistence kernel: acpiphp: Slot [6] registered
Sep 16 16:55:06 fogell-persistence kernel: acpiphp: Slot [7] registered
Sep 16 16:55:06 fogell-persistence kernel: acpiphp: Slot [8] registered
Sep 16 16:55:06 fogell-persistence kernel: acpiphp: Slot [9] registered
Sep 16 16:55:06 fogell-persistence kernel: acpiphp: Slot [10] registered
Sep 16 16:55:06 fogell-persistence kernel: acpiphp: Slot [11] registered
Sep 16 16:55:06 fogell-persistence kernel: acpiphp: Slot [12] registered
Sep 16 16:55:06 fogell-persistence kernel: acpiphp: Slot [13] registered
Sep 16 16:55:06 fogell-persistence kernel: acpiphp: Slot [14] registered
Sep 16 16:55:06 fogell-persistence kernel: acpiphp: Slot [15] registered
Sep 16 16:55:06 fogell-persistence kernel: acpiphp: Slot [16] registered
Sep 16 16:55:06 fogell-persistence kernel: acpiphp: Slot [17] registered
Sep 16 16:55:06 fogell-persistence kernel: acpiphp: Slot [18] registered
Sep 16 16:55:06 fogell-persistence kernel: acpiphp: Slot [19] registered
Sep 16 16:55:06 fogell-persistence kernel: acpiphp: Slot [20] registered
Sep 16 16:55:06 fogell-persistence kernel: acpiphp: Slot [21] registered
Sep 16 16:55:06 fogell-persistence kernel: acpiphp: Slot [22] registered
Sep 16 16:55:06 fogell-persistence kernel: acpiphp: Slot [23] registered
Sep 16 16:55:06 fogell-persistence kernel: acpiphp: Slot [24] registered
Sep 16 16:55:06 fogell-persistence kernel: acpiphp: Slot [25] registered
Sep 16 16:55:06 fogell-persistence kernel: acpiphp: Slot [26] registered
Sep 16 16:55:06 fogell-persistence kernel: acpiphp: Slot [27] registered
Sep 16 16:55:06 fogell-persistence kernel: acpiphp: Slot [28] registered
Sep 16 16:55:06 fogell-persistence kernel: acpiphp: Slot [29] registered
Sep 16 16:55:06 fogell-persistence kernel: acpiphp: Slot [30] registered
Sep 16 16:55:06 fogell-persistence kernel: acpiphp: Slot [31] registered
Sep 16 16:55:06 fogell-persistence kernel: PCI host bridge to bus 0000:00
Sep 16 16:55:06 fogell-persistence kernel: pci_bus 0000:00: root bus resource [io  0x0000-0x0cf7 window]
Sep 16 16:55:06 fogell-persistence kernel: pci_bus 0000:00: root bus resource [io  0x0d00-0xffff window]
Sep 16 16:55:06 fogell-persistence kernel: pci_bus 0000:00: root bus resource [mem 0x000a0000-0x000bffff window]
Sep 16 16:55:06 fogell-persistence kernel: pci_bus 0000:00: root bus resource [mem 0xc0000000-0xfebfffff window]
Sep 16 16:55:06 fogell-persistence kernel: pci_bus 0000:00: root bus resource [mem 0x380000000000-0x38007fffffff window]
Sep 16 16:55:06 fogell-persistence kernel: pci_bus 0000:00: root bus resource [bus 00-ff]
Sep 16 16:55:06 fogell-persistence kernel: pci 0000:00:00.0: [8086:1237] type 00 class 0x060000 conventional PCI endpoint
Sep 16 16:55:06 fogell-persistence kernel: pci 0000:00:01.0: [8086:7000] type 00 class 0x060100 conventional PCI endpoint
Sep 16 16:55:06 fogell-persistence kernel: pci 0000:00:01.1: [8086:7010] type 00 class 0x010180 conventional PCI endpoint
Sep 16 16:55:06 fogell-persistence kernel: pci 0000:00:01.1: BAR 4 [io  0xc220-0xc22f]
Sep 16 16:55:06 fogell-persistence kernel: pci 0000:00:01.1: BAR 0 [io  0x01f0-0x01f7]: legacy IDE quirk
Sep 16 16:55:06 fogell-persistence kernel: pci 0000:00:01.1: BAR 1 [io  0x03f6]: legacy IDE quirk
Sep 16 16:55:06 fogell-persistence kernel: pci 0000:00:01.1: BAR 2 [io  0x0170-0x0177]: legacy IDE quirk
Sep 16 16:55:06 fogell-persistence kernel: pci 0000:00:01.1: BAR 3 [io  0x0376]: legacy IDE quirk
Sep 16 16:55:06 fogell-persistence kernel: pci 0000:00:01.3: [8086:7113] type 00 class 0x068000 conventional PCI endpoint
Sep 16 16:55:06 fogell-persistence kernel: pci 0000:00:01.3: quirk: [io  0x0600-0x063f] claimed by PIIX4 ACPI
Sep 16 16:55:06 fogell-persistence kernel: pci 0000:00:01.3: quirk: [io  0x0700-0x070f] claimed by PIIX4 SMB
Sep 16 16:55:06 fogell-persistence kernel: pci 0000:00:02.0: [1234:1111] type 00 class 0x030000 conventional PCI endpoint
Sep 16 16:55:06 fogell-persistence kernel: pci 0000:00:02.0: BAR 0 [mem 0xfd000000-0xfdffffff pref]
Sep 16 16:55:06 fogell-persistence kernel: pci 0000:00:02.0: BAR 2 [mem 0xfeb90000-0xfeb90fff]
Sep 16 16:55:06 fogell-persistence kernel: pci 0000:00:02.0: ROM [mem 0xfeb80000-0xfeb8ffff pref]
Sep 16 16:55:06 fogell-persistence kernel: pci 0000:00:02.0: Video device with shadowed ROM at [mem 0x000c0000-0x000dffff]
Sep 16 16:55:06 fogell-persistence kernel: pci 0000:00:03.0: [1af4:1000] type 00 class 0x020000 conventional PCI endpoint
Sep 16 16:55:06 fogell-persistence kernel: pci 0000:00:03.0: BAR 0 [io  0xc200-0xc21f]
Sep 16 16:55:06 fogell-persistence kernel: pci 0000:00:03.0: BAR 1 [mem 0xfeb91000-0xfeb91fff]
Sep 16 16:55:06 fogell-persistence kernel: pci 0000:00:03.0: BAR 4 [mem 0x380000000000-0x380000003fff 64bit pref]
Sep 16 16:55:06 fogell-persistence kernel: pci 0000:00:03.0: ROM [mem 0xfeb00000-0xfeb7ffff pref]
Sep 16 16:55:06 fogell-persistence kernel: pci 0000:00:04.0: [1af4:1001] type 00 class 0x010000 conventional PCI endpoint
Sep 16 16:55:06 fogell-persistence kernel: pci 0000:00:04.0: BAR 0 [io  0xc000-0xc07f]
Sep 16 16:55:06 fogell-persistence kernel: pci 0000:00:04.0: BAR 1 [mem 0xfeb92000-0xfeb92fff]
Sep 16 16:55:06 fogell-persistence kernel: pci 0000:00:04.0: BAR 4 [mem 0x380000004000-0x380000007fff 64bit pref]
Sep 16 16:55:06 fogell-persistence kernel: pci 0000:00:05.0: [1af4:1001] type 00 class 0x010000 conventional PCI endpoint
Sep 16 16:55:06 fogell-persistence kernel: pci 0000:00:05.0: BAR 0 [io  0xc080-0xc0ff]
Sep 16 16:55:06 fogell-persistence kernel: pci 0000:00:05.0: BAR 1 [mem 0xfeb93000-0xfeb93fff]
Sep 16 16:55:06 fogell-persistence kernel: pci 0000:00:05.0: BAR 4 [mem 0x380000008000-0x38000000bfff 64bit pref]
Sep 16 16:55:06 fogell-persistence kernel: pci 0000:00:06.0: [1af4:1001] type 00 class 0x010000 conventional PCI endpoint
Sep 16 16:55:06 fogell-persistence kernel: pci 0000:00:06.0: BAR 0 [io  0xc100-0xc17f]
Sep 16 16:55:06 fogell-persistence kernel: pci 0000:00:06.0: BAR 1 [mem 0xfeb94000-0xfeb94fff]
Sep 16 16:55:06 fogell-persistence kernel: pci 0000:00:06.0: BAR 4 [mem 0x38000000c000-0x38000000ffff 64bit pref]
Sep 16 16:55:06 fogell-persistence kernel: pci 0000:00:07.0: [1af4:1001] type 00 class 0x010000 conventional PCI endpoint
Sep 16 16:55:06 fogell-persistence kernel: pci 0000:00:07.0: BAR 0 [io  0xc180-0xc1ff]
Sep 16 16:55:06 fogell-persistence kernel: pci 0000:00:07.0: BAR 1 [mem 0xfeb95000-0xfeb95fff]
Sep 16 16:55:06 fogell-persistence kernel: pci 0000:00:07.0: BAR 4 [mem 0x380000010000-0x380000013fff 64bit pref]
Sep 16 16:55:06 fogell-persistence kernel: ACPI: PCI: Interrupt link LNKA configured for IRQ 10
Sep 16 16:55:06 fogell-persistence kernel: ACPI: PCI: Interrupt link LNKB configured for IRQ 10
Sep 16 16:55:06 fogell-persistence kernel: ACPI: PCI: Interrupt link LNKC configured for IRQ 11
Sep 16 16:55:06 fogell-persistence kernel: ACPI: PCI: Interrupt link LNKD configured for IRQ 11
Sep 16 16:55:06 fogell-persistence kernel: ACPI: PCI: Interrupt link LNKS configured for IRQ 9
Sep 16 16:55:06 fogell-persistence kernel: iommu: Default domain type: Translated
Sep 16 16:55:06 fogell-persistence kernel: iommu: DMA domain TLB invalidation policy: lazy mode
Sep 16 16:55:06 fogell-persistence kernel: SCSI subsystem initialized
Sep 16 16:55:06 fogell-persistence kernel: libata version 3.00 loaded.
Sep 16 16:55:06 fogell-persistence kernel: ACPI: bus type USB registered
Sep 16 16:55:06 fogell-persistence kernel: usbcore: registered new interface driver usbfs
Sep 16 16:55:06 fogell-persistence kernel: usbcore: registered new interface driver hub
Sep 16 16:55:06 fogell-persistence kernel: usbcore: registered new device driver usb
Sep 16 16:55:06 fogell-persistence kernel: pps_core: LinuxPPS API ver. 1 registered
Sep 16 16:55:06 fogell-persistence kernel: pps_core: Software ver. 5.3.6 - Copyright 2005-2007 Rodolfo Giometti <giometti@linux.it>
Sep 16 16:55:06 fogell-persistence kernel: PTP clock support registered
Sep 16 16:55:06 fogell-persistence kernel: EDAC MC: Ver: 3.0.0
Sep 16 16:55:06 fogell-persistence kernel: NetLabel: Initializing
Sep 16 16:55:06 fogell-persistence kernel: NetLabel:  domain hash size = 128
Sep 16 16:55:06 fogell-persistence kernel: NetLabel:  protocols = UNLABELED CIPSOv4 CALIPSO
Sep 16 16:55:06 fogell-persistence kernel: NetLabel:  unlabeled traffic allowed by default
Sep 16 16:55:06 fogell-persistence kernel: mctp: management component transport protocol core
Sep 16 16:55:06 fogell-persistence kernel: NET: Registered PF_MCTP protocol family
Sep 16 16:55:06 fogell-persistence kernel: PCI: Using ACPI for IRQ routing
Sep 16 16:55:06 fogell-persistence kernel: PCI: pci_cache_line_size set to 64 bytes
Sep 16 16:55:06 fogell-persistence kernel: e820: reserve RAM buffer [mem 0x0009fc00-0x0009ffff]
Sep 16 16:55:06 fogell-persistence kernel: e820: reserve RAM buffer [mem 0xbffd4000-0xbfffffff]
Sep 16 16:55:06 fogell-persistence kernel: pci 0000:00:02.0: vgaarb: setting as boot VGA device
Sep 16 16:55:06 fogell-persistence kernel: pci 0000:00:02.0: vgaarb: bridge control possible
Sep 16 16:55:06 fogell-persistence kernel: pci 0000:00:02.0: vgaarb: VGA device added: decodes=io+mem,owns=io+mem,locks=none
Sep 16 16:55:06 fogell-persistence kernel: vgaarb: loaded
Sep 16 16:55:06 fogell-persistence kernel: hpet0: at MMIO 0xfed00000, IRQs 2, 8, 0
Sep 16 16:55:06 fogell-persistence kernel: hpet0: 3 comparators, 64-bit 100.000000 MHz counter
Sep 16 16:55:06 fogell-persistence kernel: clocksource: Switched to clocksource kvm-clock
Sep 16 16:55:06 fogell-persistence kernel: VFS: Disk quotas dquot_6.6.0
Sep 16 16:55:06 fogell-persistence kernel: VFS: Dquot-cache hash table entries: 512 (order 0, 4096 bytes)
Sep 16 16:55:06 fogell-persistence kernel: AppArmor: AppArmor Filesystem Enabled
Sep 16 16:55:06 fogell-persistence kernel: pnp: PnP ACPI init
Sep 16 16:55:06 fogell-persistence kernel: pnp 00:02: [dma 2]
Sep 16 16:55:06 fogell-persistence kernel: pnp: PnP ACPI: found 6 devices
Sep 16 16:55:06 fogell-persistence kernel: clocksource: acpi_pm: mask: 0xffffff max_cycles: 0xffffff, max_idle_ns: 2085701024 ns
Sep 16 16:55:06 fogell-persistence kernel: NET: Registered PF_INET protocol family
Sep 16 16:55:06 fogell-persistence kernel: IP idents hash table entries: 65536 (order: 7, 524288 bytes, linear)
Sep 16 16:55:06 fogell-persistence kernel: tcp_listen_portaddr_hash hash table entries: 2048 (order: 3, 32768 bytes, linear)
Sep 16 16:55:06 fogell-persistence kernel: Table-perturb hash table entries: 65536 (order: 6, 262144 bytes, linear)
Sep 16 16:55:06 fogell-persistence kernel: TCP established hash table entries: 32768 (order: 6, 262144 bytes, linear)
Sep 16 16:55:06 fogell-persistence kernel: TCP bind hash table entries: 32768 (order: 8, 1048576 bytes, linear)
Sep 16 16:55:06 fogell-persistence kernel: TCP: Hash tables configured (established 32768 bind 32768)
Sep 16 16:55:06 fogell-persistence kernel: MPTCP token hash table entries: 4096 (order: 5, 98304 bytes, linear)
Sep 16 16:55:06 fogell-persistence kernel: UDP hash table entries: 2048 (order: 4, 65536 bytes, linear)
Sep 16 16:55:06 fogell-persistence kernel: UDP-Lite hash table entries: 2048 (order: 4, 65536 bytes, linear)
Sep 16 16:55:06 fogell-persistence kernel: NET: Registered PF_UNIX/PF_LOCAL protocol family
Sep 16 16:55:06 fogell-persistence kernel: NET: Registered PF_XDP protocol family
Sep 16 16:55:06 fogell-persistence kernel: pci_bus 0000:00: resource 4 [io  0x0000-0x0cf7 window]
Sep 16 16:55:06 fogell-persistence kernel: pci_bus 0000:00: resource 5 [io  0x0d00-0xffff window]
Sep 16 16:55:06 fogell-persistence kernel: pci_bus 0000:00: resource 6 [mem 0x000a0000-0x000bffff window]
Sep 16 16:55:06 fogell-persistence kernel: pci_bus 0000:00: resource 7 [mem 0xc0000000-0xfebfffff window]
Sep 16 16:55:06 fogell-persistence kernel: pci_bus 0000:00: resource 8 [mem 0x380000000000-0x38007fffffff window]
Sep 16 16:55:06 fogell-persistence kernel: pci 0000:00:01.0: PIIX3: Enabling Passive Release
Sep 16 16:55:06 fogell-persistence kernel: pci 0000:00:00.0: Limiting direct PCI/PCI transfers
Sep 16 16:55:06 fogell-persistence kernel: PCI: CLS 0 bytes, default 64
Sep 16 16:55:06 fogell-persistence kernel: PCI-DMA: Using software bounce buffering for IO (SWIOTLB)
Sep 16 16:55:06 fogell-persistence kernel: Trying to unpack rootfs image as initramfs...
Sep 16 16:55:06 fogell-persistence kernel: software IO TLB: mapped [mem 0x00000000bbfd4000-0x00000000bffd4000] (64MB)
Sep 16 16:55:06 fogell-persistence kernel: clocksource: tsc: mask: 0xffffffffffffffff max_cycles: 0x211399552f8, max_idle_ns: 440795292447 ns
Sep 16 16:55:06 fogell-persistence kernel: Initialise system trusted keyrings
Sep 16 16:55:06 fogell-persistence kernel: Key type blacklist registered
Sep 16 16:55:06 fogell-persistence kernel: workingset: timestamp_bits=36 max_order=20 bucket_order=0
Sep 16 16:55:06 fogell-persistence kernel: zbud: loaded
Sep 16 16:55:06 fogell-persistence kernel: squashfs: version 4.0 (2009/01/31) Phillip Lougher
Sep 16 16:55:06 fogell-persistence kernel: fuse: init (API version 7.39)
Sep 16 16:55:06 fogell-persistence kernel: integrity: Platform Keyring initialized
Sep 16 16:55:06 fogell-persistence kernel: integrity: Machine keyring initialized
Sep 16 16:55:06 fogell-persistence kernel: Key type asymmetric registered
Sep 16 16:55:06 fogell-persistence kernel: Asymmetric key parser 'x509' registered
Sep 16 16:55:06 fogell-persistence kernel: Block layer SCSI generic (bsg) driver version 0.4 loaded (major 243)
Sep 16 16:55:06 fogell-persistence kernel: io scheduler mq-deadline registered
Sep 16 16:55:06 fogell-persistence kernel: shpchp: Standard Hot Plug PCI Controller Driver version: 0.4
Sep 16 16:55:06 fogell-persistence kernel: input: Power Button as /devices/LNXSYSTM:00/LNXPWRBN:00/input/input0
Sep 16 16:55:06 fogell-persistence kernel: ACPI: button: Power Button [PWRF]
Sep 16 16:55:06 fogell-persistence kernel: ACPI: \_SB_.LNKC: Enabled at IRQ 11
Sep 16 16:55:06 fogell-persistence kernel: ACPI: \_SB_.LNKD: Enabled at IRQ 10
Sep 16 16:55:06 fogell-persistence kernel: Freeing initrd memory: 29976K
Sep 16 16:55:06 fogell-persistence kernel: ACPI: \_SB_.LNKA: Enabled at IRQ 10
Sep 16 16:55:06 fogell-persistence kernel: ACPI: \_SB_.LNKB: Enabled at IRQ 11
Sep 16 16:55:06 fogell-persistence kernel: Serial: 8250/16550 driver, 32 ports, IRQ sharing enabled
Sep 16 16:55:06 fogell-persistence kernel: 00:04: ttyS0 at I/O 0x3f8 (irq = 4, base_baud = 115200) is a 16550A
Sep 16 16:55:06 fogell-persistence kernel: Linux agpgart interface v0.103
Sep 16 16:55:06 fogell-persistence kernel: loop: module loaded
Sep 16 16:55:06 fogell-persistence kernel: virtio_blk virtio1: 2/0/0 default/read/poll queues
Sep 16 16:55:06 fogell-persistence kernel: virtio_blk virtio1: [vda] 25165824 512-byte logical blocks (12.9 GB/12.0 GiB)
Sep 16 16:55:06 fogell-persistence kernel:  vda: vda1 vda14 vda15 vda16
Sep 16 16:55:06 fogell-persistence kernel: virtio_blk virtio2: 2/0/0 default/read/poll queues
Sep 16 16:55:06 fogell-persistence kernel: virtio_blk virtio2: [vdb] 524288 512-byte logical blocks (268 MB/256 MiB)
Sep 16 16:55:06 fogell-persistence kernel: virtio_blk virtio3: 2/0/0 default/read/poll queues
Sep 16 16:55:06 fogell-persistence kernel: virtio_blk virtio3: [vdc] 262144 512-byte logical blocks (134 MB/128 MiB)
Sep 16 16:55:06 fogell-persistence kernel: virtio_blk virtio4: 2/0/0 default/read/poll queues
Sep 16 16:55:06 fogell-persistence kernel: virtio_blk virtio4: [vdd] 1048576 512-byte logical blocks (537 MB/512 MiB)
Sep 16 16:55:06 fogell-persistence kernel: ata_piix 0000:00:01.1: version 2.13
Sep 16 16:55:06 fogell-persistence kernel: scsi host0: ata_piix
Sep 16 16:55:06 fogell-persistence kernel: scsi host1: ata_piix
Sep 16 16:55:06 fogell-persistence kernel: ata1: PATA max MWDMA2 cmd 0x1f0 ctl 0x3f6 bmdma 0xc220 irq 14 lpm-pol 0
Sep 16 16:55:06 fogell-persistence kernel: ata2: PATA max MWDMA2 cmd 0x170 ctl 0x376 bmdma 0xc228 irq 15 lpm-pol 0
Sep 16 16:55:06 fogell-persistence kernel: ACPI: bus type drm_connector registered
Sep 16 16:55:06 fogell-persistence kernel: tun: Universal TUN/TAP device driver, 1.6
Sep 16 16:55:06 fogell-persistence kernel: PPP generic driver version 2.4.2
Sep 16 16:55:06 fogell-persistence kernel: i8042: PNP: PS/2 Controller [PNP0303:KBD,PNP0f13:MOU] at 0x60,0x64 irq 1,12
Sep 16 16:55:06 fogell-persistence kernel: serio: i8042 KBD port at 0x60,0x64 irq 1
Sep 16 16:55:06 fogell-persistence kernel: serio: i8042 AUX port at 0x60,0x64 irq 12
Sep 16 16:55:06 fogell-persistence kernel: mousedev: PS/2 mouse device common for all mice
Sep 16 16:55:06 fogell-persistence kernel: input: AT Translated Set 2 keyboard as /devices/platform/i8042/serio0/input/input1
Sep 16 16:55:06 fogell-persistence kernel: rtc_cmos 00:05: RTC can wake from S4
Sep 16 16:55:06 fogell-persistence kernel: rtc_cmos 00:05: registered as rtc0
Sep 16 16:55:06 fogell-persistence kernel: rtc_cmos 00:05: setting system clock to 2026-09-16T16:55:02 UTC (1789577702)
Sep 16 16:55:06 fogell-persistence kernel: rtc_cmos 00:05: alarms up to one day, y3k, 242 bytes nvram, hpet irqs
Sep 16 16:55:06 fogell-persistence kernel: i2c_dev: i2c /dev entries driver
Sep 16 16:55:06 fogell-persistence kernel: device-mapper: core: CONFIG_IMA_DISABLE_HTABLE is disabled. Duplicate IMA measurements will not be recorded in the IMA log.
Sep 16 16:55:06 fogell-persistence kernel: device-mapper: uevent: version 1.0.3
Sep 16 16:55:06 fogell-persistence kernel: device-mapper: ioctl: 4.48.0-ioctl (2023-03-01) initialised: dm-devel@redhat.com
Sep 16 16:55:06 fogell-persistence kernel: intel_pstate: CPU model not supported
Sep 16 16:55:06 fogell-persistence kernel: ledtrig-cpu: registered to indicate activity on CPUs
Sep 16 16:55:06 fogell-persistence kernel: drop_monitor: Initializing network drop monitor service
Sep 16 16:55:06 fogell-persistence kernel: NET: Registered PF_INET6 protocol family
Sep 16 16:55:06 fogell-persistence kernel: Segment Routing with IPv6
Sep 16 16:55:06 fogell-persistence kernel: In-situ OAM (IOAM) with IPv6
Sep 16 16:55:06 fogell-persistence kernel: NET: Registered PF_PACKET protocol family
Sep 16 16:55:06 fogell-persistence kernel: Key type dns_resolver registered
Sep 16 16:55:06 fogell-persistence kernel: IPI shorthand broadcast: enabled
Sep 16 16:55:06 fogell-persistence kernel: sched_clock: Marking stable (1103010976, 316553795)->(1549109500, -129544729)
Sep 16 16:55:06 fogell-persistence kernel: registered taskstats version 1
Sep 16 16:55:06 fogell-persistence kernel: Loading compiled-in X.509 certificates
Sep 16 16:55:06 fogell-persistence kernel: Loaded X.509 cert 'Build time autogenerated kernel key: 65a2441d98c8a817e997fff77c85e3c2a2878aa1'
Sep 16 16:55:06 fogell-persistence kernel: Loaded X.509 cert 'Canonical Ltd. Live Patch Signing 2025 Kmod: d541cef61dc7e793b7eb7e899970a2eef0b5dc8c'
Sep 16 16:55:06 fogell-persistence kernel: Loaded X.509 cert 'Canonical Ltd. Live Patch Signing: 14df34d1a87cf37625abec039ef2bf521249b969'
Sep 16 16:55:06 fogell-persistence kernel: Loaded X.509 cert 'Canonical Ltd. Kernel Module Signing 2025 Kmod: 4627603d2357a2a3f81006370894c221175893e9'
Sep 16 16:55:06 fogell-persistence kernel: Loaded X.509 cert 'Canonical Ltd. Kernel Module Signing: 88f752e560a1e0737e31163a466ad7b70a850c19'
Sep 16 16:55:06 fogell-persistence kernel: blacklist: Loading compiled-in revocation X.509 certificates
Sep 16 16:55:06 fogell-persistence kernel: Loaded X.509 cert 'Canonical Ltd. Secure Boot Signing: 61482aa2830d0ab2ad5af10b7250da9033ddcef0'
Sep 16 16:55:06 fogell-persistence kernel: Loaded X.509 cert 'Canonical Ltd. Secure Boot Signing (2017): 242ade75ac4a15e50d50c84b0d45ff3eae707a03'
Sep 16 16:55:06 fogell-persistence kernel: Loaded X.509 cert 'Canonical Ltd. Secure Boot Signing (ESM 2018): 365188c1d374d6b07c3c8f240f8ef722433d6a8b'
Sep 16 16:55:06 fogell-persistence kernel: Loaded X.509 cert 'Canonical Ltd. Secure Boot Signing (2019): c0746fd6c5da3ae827864651ad66ae47fe24b3e8'
Sep 16 16:55:06 fogell-persistence kernel: Loaded X.509 cert 'Canonical Ltd. Secure Boot Signing (2021 v1): a8d54bbb3825cfb94fa13c9f8a594a195c107b8d'
Sep 16 16:55:06 fogell-persistence kernel: Loaded X.509 cert 'Canonical Ltd. Secure Boot Signing (2021 v2): 4cf046892d6fd3c9a5b03f98d845f90851dc6a8c'
Sep 16 16:55:06 fogell-persistence kernel: Loaded X.509 cert 'Canonical Ltd. Secure Boot Signing (2021 v3): 100437bb6de6e469b581e61cd66bce3ef4ed53af'
Sep 16 16:55:06 fogell-persistence kernel: Loaded X.509 cert 'Canonical Ltd. Secure Boot Signing (Ubuntu Core 2019): c1d57b8f6b743f23ee41f4f7ee292f06eecadfb9'
Sep 16 16:55:06 fogell-persistence kernel: ata2: found unknown device (class 0)
Sep 16 16:55:06 fogell-persistence kernel: Key type .fscrypt registered
Sep 16 16:55:06 fogell-persistence kernel: ata2.00: ATAPI: QEMU DVD-ROM, 2.5+, max UDMA/100
Sep 16 16:55:06 fogell-persistence kernel: Key type fscrypt-provisioning registered
Sep 16 16:55:06 fogell-persistence kernel: scsi 1:0:0:0: CD-ROM            QEMU     QEMU DVD-ROM     2.5+ PQ: 0 ANSI: 5
Sep 16 16:55:06 fogell-persistence kernel: cryptd: max_cpu_qlen set to 1000
Sep 16 16:55:06 fogell-persistence kernel: sr 1:0:0:0: [sr0] scsi3-mmc drive: 4x/4x cd/rw xa/form2 tray
Sep 16 16:55:06 fogell-persistence kernel: cdrom: Uniform CD-ROM driver Revision: 3.20
Sep 16 16:55:06 fogell-persistence kernel: sr 1:0:0:0: Attached scsi CD-ROM sr0
Sep 16 16:55:06 fogell-persistence kernel: sr 1:0:0:0: Attached scsi generic sg0 type 5
Sep 16 16:55:06 fogell-persistence kernel: AVX2 version of gcm_enc/dec engaged.
Sep 16 16:55:06 fogell-persistence kernel: AES CTR mode by8 optimization enabled
Sep 16 16:55:06 fogell-persistence kernel: Key type encrypted registered
Sep 16 16:55:06 fogell-persistence kernel: AppArmor: AppArmor sha256 policy hashing enabled
Sep 16 16:55:06 fogell-persistence kernel: ima: No TPM chip found, activating TPM-bypass!
Sep 16 16:55:06 fogell-persistence kernel: Loading compiled-in module X.509 certificates
Sep 16 16:55:06 fogell-persistence kernel: Loaded X.509 cert 'Build time autogenerated kernel key: 65a2441d98c8a817e997fff77c85e3c2a2878aa1'
Sep 16 16:55:06 fogell-persistence kernel: ima: Allocated hash algorithm: sha256
Sep 16 16:55:06 fogell-persistence kernel: ima: No architecture policies found
Sep 16 16:55:06 fogell-persistence kernel: evm: Initialising EVM extended attributes:
Sep 16 16:55:06 fogell-persistence kernel: evm: security.selinux
Sep 16 16:55:06 fogell-persistence kernel: evm: security.SMACK64
Sep 16 16:55:06 fogell-persistence kernel: evm: security.SMACK64EXEC
Sep 16 16:55:06 fogell-persistence kernel: evm: security.SMACK64TRANSMUTE
Sep 16 16:55:06 fogell-persistence kernel: evm: security.SMACK64MMAP
Sep 16 16:55:06 fogell-persistence kernel: evm: security.apparmor
Sep 16 16:55:06 fogell-persistence kernel: evm: security.ima
Sep 16 16:55:06 fogell-persistence kernel: evm: security.capability
Sep 16 16:55:06 fogell-persistence kernel: evm: HMAC attrs: 0x1
Sep 16 16:55:06 fogell-persistence kernel: PM:   Magic number: 10:808:944
Sep 16 16:55:06 fogell-persistence kernel: tty tty1: hash matches
Sep 16 16:55:06 fogell-persistence kernel: RAS: Correctable Errors collector initialized.
Sep 16 16:55:06 fogell-persistence kernel: clk: Disabling unused clocks
Sep 16 16:55:06 fogell-persistence kernel: Freeing unused decrypted memory: 2028K
Sep 16 16:55:06 fogell-persistence kernel: Freeing unused kernel image (initmem) memory: 4932K
Sep 16 16:55:06 fogell-persistence kernel: Write protecting the kernel read-only data: 38912k
Sep 16 16:55:06 fogell-persistence kernel: Freeing unused kernel image (rodata/data gap) memory: 1956K
Sep 16 16:55:06 fogell-persistence kernel: x86/mm: Checked W+X mappings: passed, no W+X pages found.
Sep 16 16:55:06 fogell-persistence kernel: x86/mm: Checking user space page tables
Sep 16 16:55:06 fogell-persistence kernel: x86/mm: Checked W+X mappings: passed, no W+X pages found.
Sep 16 16:55:06 fogell-persistence kernel: Run /init as init process
Sep 16 16:55:06 fogell-persistence kernel:   with arguments:
Sep 16 16:55:06 fogell-persistence kernel:     /init
Sep 16 16:55:06 fogell-persistence kernel:   with environment:
Sep 16 16:55:06 fogell-persistence kernel:     HOME=/
Sep 16 16:55:06 fogell-persistence kernel:     TERM=linux
Sep 16 16:55:06 fogell-persistence kernel: virtio_net virtio0 ens3: renamed from eth0
Sep 16 16:55:06 fogell-persistence kernel: input: VirtualPS/2 VMware VMMouse as /devices/platform/i8042/serio1/input/input4
Sep 16 16:55:06 fogell-persistence kernel: Floppy drive(s): fd0 is 2.88M AMI BIOS
Sep 16 16:55:06 fogell-persistence kernel: input: VirtualPS/2 VMware VMMouse as /devices/platform/i8042/serio1/input/input3
Sep 16 16:55:06 fogell-persistence kernel: FDC 0 is a S82078B
Sep 16 16:55:06 fogell-persistence kernel: raid6: avx2x4   gen() 26922 MB/s
Sep 16 16:55:06 fogell-persistence kernel: raid6: avx2x2   gen() 27391 MB/s
Sep 16 16:55:06 fogell-persistence kernel: raid6: avx2x1   gen() 26270 MB/s
Sep 16 16:55:06 fogell-persistence kernel: raid6: using algorithm avx2x2 gen() 27391 MB/s
Sep 16 16:55:06 fogell-persistence kernel: raid6: .... xor() 17553 MB/s, rmw enabled
Sep 16 16:55:06 fogell-persistence kernel: raid6: using avx2x2 recovery algorithm
Sep 16 16:55:06 fogell-persistence kernel: xor: automatically using best checksumming function   avx       
Sep 16 16:55:06 fogell-persistence kernel: async_tx: api initialized (async)
Sep 16 16:55:06 fogell-persistence kernel: Btrfs loaded, zoned=yes, fsverity=yes
Sep 16 16:55:06 fogell-persistence kernel: I/O error, dev fd0, sector 0 op 0x0:(READ) flags 0x0 phys_seg 1 prio class 2
Sep 16 16:55:06 fogell-persistence kernel: floppy: error 10 while reading block 0
Sep 16 16:55:06 fogell-persistence kernel: EXT4-fs (vda1): INFO: recovery required on readonly filesystem
Sep 16 16:55:06 fogell-persistence kernel: EXT4-fs (vda1): write access will be enabled during recovery
Sep 16 16:55:06 fogell-persistence kernel: EXT4-fs (vda1): recovery complete
Sep 16 16:55:06 fogell-persistence kernel: EXT4-fs (vda1): mounted filesystem 9a3e62be-4b82-4a7a-8f47-0b25d728fa3a ro with ordered data mode. Quota mode: none.
Sep 16 16:55:06 fogell-persistence systemd[1]: Inserted module 'autofs4'
Sep 16 16:55:06 fogell-persistence systemd[1]: systemd 255.4-1ubuntu8.17 running in system mode (+PAM +AUDIT +SELINUX +APPARMOR +IMA +SMACK +SECCOMP +GCRYPT -GNUTLS +OPENSSL +ACL +BLKID +CURL +ELFUTILS +FIDO2 +IDN2 -IDN +IPTC +KMOD +LIBCRYPTSETUP +LIBFDISK +PCRE2 -PWQUALITY +P11KIT +QRENCODE +TPM2 +BZIP2 +LZ4 +XZ +ZLIB +ZSTD -BPF_FRAMEWORK -XKBCOMMON +UTMP +SYSVINIT default-hierarchy=unified)
Sep 16 16:55:06 fogell-persistence systemd[1]: Detected virtualization kvm.
Sep 16 16:55:06 fogell-persistence systemd[1]: Detected architecture x86-64.
Sep 16 16:55:06 fogell-persistence systemd[1]: Hostname set to <fogell-persistence>.
Sep 16 16:55:06 fogell-persistence kernel: I/O error, dev fd0, sector 0 op 0x0:(READ) flags 0x0 phys_seg 1 prio class 2
Sep 16 16:55:06 fogell-persistence kernel: floppy: error 10 while reading block 0
Sep 16 16:55:06 fogell-persistence systemd[1]: Queued start job for default target graphical.target.
Sep 16 16:55:06 fogell-persistence systemd[1]: Created slice system-modprobe.slice - Slice /system/modprobe.
Sep 16 16:55:06 fogell-persistence systemd[1]: Created slice system-postgresql.slice - Slice /system/postgresql.
Sep 16 16:55:06 fogell-persistence systemd[1]: Created slice system-serial\x2dgetty.slice - Slice /system/serial-getty.
Sep 16 16:55:06 fogell-persistence systemd[1]: Created slice system-systemd\x2dfsck.slice - Slice /system/systemd-fsck.
Sep 16 16:55:06 fogell-persistence systemd[1]: Created slice user.slice - User and Session Slice.
Sep 16 16:55:06 fogell-persistence systemd[1]: Started systemd-ask-password-wall.path - Forward Password Requests to Wall Directory Watch.
Sep 16 16:55:06 fogell-persistence systemd[1]: Set up automount proc-sys-fs-binfmt_misc.automount - Arbitrary Executable File Formats File System Automount Point.
Sep 16 16:55:06 fogell-persistence systemd[1]: Expecting device dev-disk-by\x2dlabel-BOOT.device - /dev/disk/by-label/BOOT...
Sep 16 16:55:06 fogell-persistence systemd[1]: Expecting device dev-disk-by\x2dlabel-UEFI.device - /dev/disk/by-label/UEFI...
Sep 16 16:55:06 fogell-persistence systemd[1]: Expecting device dev-disk-by\x2duuid-06181a53\x2d0e1f\x2d4ba0\x2d9710\x2d210829700c72.device - /dev/disk/by-uuid/06181a53-0e1f-4ba0-9710-210829700c72...
Sep 16 16:55:06 fogell-persistence systemd[1]: Expecting device dev-disk-by\x2duuid-5afeb833\x2dc2bd\x2d45c2\x2d9464\x2dd24c0abdff11.device - /dev/disk/by-uuid/5afeb833-c2bd-45c2-9464-d24c0abdff11...
Sep 16 16:55:06 fogell-persistence systemd[1]: Expecting device dev-disk-by\x2duuid-e1fe42a0\x2d4774\x2d4a5d\x2db2b0\x2d4f597c8ab487.device - /dev/disk/by-uuid/e1fe42a0-4774-4a5d-b2b0-4f597c8ab487...
Sep 16 16:55:06 fogell-persistence systemd[1]: Expecting device dev-ttyS0.device - /dev/ttyS0...
Sep 16 16:55:06 fogell-persistence systemd[1]: Reached target integritysetup.target - Local Integrity Protected Volumes.
Sep 16 16:55:06 fogell-persistence systemd[1]: Reached target slices.target - Slice Units.
Sep 16 16:55:06 fogell-persistence systemd[1]: Reached target snapd.mounts-pre.target - Mounting snaps.
Sep 16 16:55:06 fogell-persistence systemd[1]: Reached target snapd.mounts.target - Mounted snaps.
Sep 16 16:55:06 fogell-persistence systemd[1]: Reached target swap.target - Swaps.
Sep 16 16:55:06 fogell-persistence systemd[1]: Reached target veritysetup.target - Local Verity Protected Volumes.
Sep 16 16:55:06 fogell-persistence systemd[1]: Listening on dm-event.socket - Device-mapper event daemon FIFOs.
Sep 16 16:55:06 fogell-persistence systemd[1]: Listening on lvm2-lvmpolld.socket - LVM2 poll daemon socket.
Sep 16 16:55:06 fogell-persistence systemd[1]: Listening on multipathd.socket - multipathd control socket.
Sep 16 16:55:06 fogell-persistence systemd[1]: Listening on syslog.socket - Syslog Socket.
Sep 16 16:55:06 fogell-persistence systemd[1]: Listening on systemd-fsckd.socket - fsck to fsckd communication Socket.
Sep 16 16:55:06 fogell-persistence systemd[1]: Listening on systemd-initctl.socket - initctl Compatibility Named Pipe.
Sep 16 16:55:06 fogell-persistence systemd[1]: Listening on systemd-journald-dev-log.socket - Journal Socket (/dev/log).
Sep 16 16:55:06 fogell-persistence systemd[1]: Listening on systemd-journald.socket - Journal Socket.
Sep 16 16:55:06 fogell-persistence systemd[1]: Listening on systemd-networkd.socket - Network Service Netlink Socket.
Sep 16 16:55:06 fogell-persistence systemd[1]: systemd-pcrextend.socket - TPM2 PCR Extension (Varlink) was skipped because of an unmet condition check (ConditionSecurity=measured-uki).
Sep 16 16:55:06 fogell-persistence systemd[1]: Listening on systemd-udevd-control.socket - udev Control Socket.
Sep 16 16:55:06 fogell-persistence systemd[1]: Listening on systemd-udevd-kernel.socket - udev Kernel Socket.
Sep 16 16:55:06 fogell-persistence systemd[1]: Mounting dev-hugepages.mount - Huge Pages File System...
Sep 16 16:55:06 fogell-persistence systemd[1]: Mounting dev-mqueue.mount - POSIX Message Queue File System...
Sep 16 16:55:06 fogell-persistence systemd[1]: Mounting sys-kernel-debug.mount - Kernel Debug File System...
Sep 16 16:55:06 fogell-persistence systemd[1]: Mounting sys-kernel-tracing.mount - Kernel Trace File System...
Sep 16 16:55:06 fogell-persistence systemd[1]: Starting systemd-journald.service - Journal Service...
Sep 16 16:55:06 fogell-persistence systemd[1]: Starting keyboard-setup.service - Set the console keyboard layout...
Sep 16 16:55:06 fogell-persistence systemd[1]: Starting kmod-static-nodes.service - Create List of Static Device Nodes...
Sep 16 16:55:06 fogell-persistence systemd-journald[303]: Collecting audit messages is disabled.
Sep 16 16:55:06 fogell-persistence systemd[1]: Starting lvm2-monitor.service - Monitoring of LVM2 mirrors, snapshots etc. using dmeventd or progress polling...
Sep 16 16:55:06 fogell-persistence systemd[1]: Starting modprobe@configfs.service - Load Kernel Module configfs...
Sep 16 16:55:06 fogell-persistence systemd[1]: Starting modprobe@dm_mod.service - Load Kernel Module dm_mod...
Sep 16 16:55:06 fogell-persistence systemd[1]: Starting modprobe@drm.service - Load Kernel Module drm...
Sep 16 16:55:06 fogell-persistence systemd[1]: Starting modprobe@efi_pstore.service - Load Kernel Module efi_pstore...
Sep 16 16:55:06 fogell-persistence systemd[1]: Starting modprobe@fuse.service - Load Kernel Module fuse...
Sep 16 16:55:06 fogell-persistence systemd[1]: Starting modprobe@loop.service - Load Kernel Module loop...
Sep 16 16:55:06 fogell-persistence systemd[1]: netplan-ovs-cleanup.service - OpenVSwitch configuration for cleanup was skipped because of an unmet condition check (ConditionFileIsExecutable=/usr/bin/ovs-vsctl).
Sep 16 16:55:06 fogell-persistence systemd[1]: Starting systemd-fsck-root.service - File System Check on Root Device...
Sep 16 16:55:06 fogell-persistence systemd[1]: Starting systemd-modules-load.service - Load Kernel Modules...
Sep 16 16:55:06 fogell-persistence systemd[1]: systemd-pcrmachine.service - TPM2 PCR Machine ID Measurement was skipped because of an unmet condition check (ConditionSecurity=measured-uki).
Sep 16 16:55:06 fogell-persistence systemd[1]: systemd-tpm2-setup-early.service - TPM2 SRK Setup (Early) was skipped because of an unmet condition check (ConditionSecurity=measured-uki).
Sep 16 16:55:06 fogell-persistence systemd[1]: Starting systemd-udev-trigger.service - Coldplug All udev Devices...
Sep 16 16:55:06 fogell-persistence systemd[1]: Started systemd-journald.service - Journal Service.
Sep 16 16:55:06 fogell-persistence kernel: EXT4-fs (vda1): re-mounted 9a3e62be-4b82-4a7a-8f47-0b25d728fa3a r/w.
Sep 16 16:55:06 fogell-persistence systemd-journald[303]: Received client request to flush runtime journal.
Sep 16 16:55:06 fogell-persistence systemd-journald[303]: File /var/log/journal/e616416def45419fa00bd6a56c520247/system.journal corrupted or uncleanly shut down, renaming and replacing.
Sep 16 16:55:07 fogell-persistence kernel: EXT4-fs (vdd): mounted filesystem 5afeb833-c2bd-45c2-9464-d24c0abdff11 r/w with ordered data mode. Quota mode: none.
Sep 16 16:55:07 fogell-persistence kernel: EXT4-fs (vdc): mounted filesystem 06181a53-0e1f-4ba0-9710-210829700c72 r/w with ordered data mode. Quota mode: none.
Sep 16 16:55:07 fogell-persistence kernel: EXT4-fs (vdb): mounted filesystem e1fe42a0-4774-4a5d-b2b0-4f597c8ab487 r/w with ordered data mode. Quota mode: none.
Sep 16 16:55:07 fogell-persistence kernel: EXT4-fs (vda16): mounted filesystem 47e87460-6f19-41ce-8fb0-5e896fcb3673 r/w with ordered data mode. Quota mode: none.
Sep 16 16:55:07 fogell-persistence kernel: parport_pc 00:03: reported by Plug and Play ACPI
Sep 16 16:55:07 fogell-persistence kernel: parport0: PC-style at 0x378, irq 7 [PCSPP,TRISTATE]
Sep 16 16:55:07 fogell-persistence kernel: audit: type=1400 audit(1789577707.884:2): apparmor="STATUS" operation="profile_load" profile="unconfined" name="Discord" pid=498 comm="apparmor_parser"
Sep 16 16:55:07 fogell-persistence kernel: audit: type=1400 audit(1789577707.885:3): apparmor="STATUS" operation="profile_load" profile="unconfined" name="1password" pid=497 comm="apparmor_parser"
Sep 16 16:55:07 fogell-persistence kernel: audit: type=1400 audit(1789577707.889:4): apparmor="STATUS" operation="profile_load" profile="unconfined" name=4D6F6E676F444220436F6D70617373 pid=505 comm="apparmor_parser"
Sep 16 16:55:07 fogell-persistence kernel: audit: type=1400 audit(1789577707.889:5): apparmor="STATUS" operation="profile_load" profile="unconfined" name="QtWebEngineProcess" pid=506 comm="apparmor_parser"
Sep 16 16:55:07 fogell-persistence kernel: audit: type=1400 audit(1789577707.892:6): apparmor="STATUS" operation="profile_load" profile="unconfined" name="balena-etcher" pid=507 comm="apparmor_parser"
Sep 16 16:55:07 fogell-persistence kernel: audit: type=1400 audit(1789577707.893:7): apparmor="STATUS" operation="profile_load" profile="unconfined" name="brave" pid=508 comm="apparmor_parser"
Sep 16 16:55:07 fogell-persistence kernel: audit: type=1400 audit(1789577707.896:8): apparmor="STATUS" operation="profile_load" profile="unconfined" name="buildah" pid=509 comm="apparmor_parser"
Sep 16 16:55:07 fogell-persistence kernel: audit: type=1400 audit(1789577707.898:9): apparmor="STATUS" operation="profile_load" profile="unconfined" name="cam" pid=510 comm="apparmor_parser"
Sep 16 16:55:07 fogell-persistence kernel: audit: type=1400 audit(1789577707.900:10): apparmor="STATUS" operation="profile_load" profile="unconfined" name="ch-checkns" pid=511 comm="apparmor_parser"
Sep 16 16:55:07 fogell-persistence kernel: audit: type=1400 audit(1789577707.902:11): apparmor="STATUS" operation="profile_load" profile="unconfined" name="ch-run" pid=513 comm="apparmor_parser"
Sep 16 16:55:07 fogell-persistence kernel: ppdev: user-space parallel port driver
Sep 16 16:55:09 fogell-persistence kernel: I/O error, dev fd0, sector 0 op 0x0:(READ) flags 0x0 phys_seg 1 prio class 2
Sep 16 16:55:09 fogell-persistence kernel: floppy: error 10 while reading block 0
Sep 16 16:55:09 fogell-persistence kernel: I/O error, dev fd0, sector 0 op 0x0:(READ) flags 0x0 phys_seg 1 prio class 2
Sep 16 16:55:09 fogell-persistence kernel: floppy: error 10 while reading block 0
Sep 16 16:55:10 fogell-persistence kernel: I/O error, dev fd0, sector 0 op 0x0:(READ) flags 0x0 phys_seg 1 prio class 2
Sep 16 16:55:10 fogell-persistence kernel: floppy: error 10 while reading block 0
Sep 16 16:55:10 fogell-persistence kernel: I/O error, dev fd0, sector 0 op 0x0:(READ) flags 0x0 phys_seg 1 prio class 2
Sep 16 16:55:10 fogell-persistence kernel: floppy: error 10 while reading block 0
Sep 16 16:55:10 fogell-persistence kernel: I/O error, dev fd0, sector 0 op 0x0:(READ) flags 0x0 phys_seg 1 prio class 2
Sep 16 16:55:10 fogell-persistence kernel: floppy: error 10 while reading block 0
Sep 16 16:55:10 fogell-persistence kernel: ISO 9660 Extensions: Microsoft Joliet Level 3
Sep 16 16:55:10 fogell-persistence kernel: ISO 9660 Extensions: RRIP_1991A
Sep 16 16:55:13 fogell-persistence kernel: kauditd_printk_skb: 107 callbacks suppressed
Sep 16 16:55:13 fogell-persistence kernel: audit: type=1400 audit(1789577713.707:119): apparmor="STATUS" operation="profile_replace" info="same as current profile, skipping" profile="unconfined" name="rsyslogd" pid=715 comm="apparmor_parser"
Sep 16 16:55:14 fogell-persistence kernel: loop0: detected capacity change from 0 to 8
Sep 16 16:55:14 fogell-persistence kernel: audit: type=1400 audit(1789577714.540:120): apparmor="STATUS" operation="profile_replace" info="same as current profile, skipping" profile="unconfined" name="/usr/lib/snapd/snap-confine" pid=848 comm="apparmor_parser"
Sep 16 16:55:15 fogell-persistence systemd-journald[303]: File /var/log/journal/e616416def45419fa00bd6a56c520247/user-1000.journal corrupted or uncleanly shut down, renaming and replacing.
