PASS native source/dependency inventory

Welcome to .NET 10.0!
---------------------
SDK Version: 10.0.301

Telemetry
---------
The .NET tools collect usage data in order to help us improve your experience. It is collected by Microsoft and shared with the community. You can opt-out of telemetry by setting the DOTNET_CLI_TELEMETRY_OPTOUT environment variable to '1' or 'true' using your favorite shell.

Read more about .NET CLI Tools telemetry: https://aka.ms/dotnet-cli-telemetry

----------------
Installed an ASP.NET Core HTTPS development certificate.
To trust the certificate, run 'dotnet dev-certs https --trust'
Learn about HTTPS: https://aka.ms/dotnet-https

----------------
Write your first app: https://aka.ms/dotnet-hello-world
Find out what's new: https://aka.ms/dotnet-whats-new
Explore documentation: https://aka.ms/dotnet-docs
Report issues and find source on GitHub: https://github.com/dotnet/core
Use 'dotnet --help' to see available commands or visit: https://aka.ms/dotnet-cli
--------------------------------------------------------------------------------------
An issue was encountered verifying workloads. For more information, run "dotnet workload update".
  Determining projects to restore...
  Restored /tmp/fogell-native-proof-6oho6gvk/state/workspaces/33de70b8ec5e4fc29732da6d10c70774/f7dda0db3be24eddac20e335cc7ebae2/tests/Fogell.Domain.Tests/Fogell.Domain.Tests.fsproj (in 404 ms).
  Restored /tmp/fogell-native-proof-6oho6gvk/state/workspaces/33de70b8ec5e4fc29732da6d10c70774/f7dda0db3be24eddac20e335cc7ebae2/src/Fogell.Ir/Fogell.Ir.fsproj (in 3 ms).
  Restored /tmp/fogell-native-proof-6oho6gvk/state/workspaces/33de70b8ec5e4fc29732da6d10c70774/f7dda0db3be24eddac20e335cc7ebae2/tools/Fogell.Run.Host/Fogell.Run.Host.fsproj (in 3 ms).
  Restored /tmp/fogell-native-proof-6oho6gvk/state/workspaces/33de70b8ec5e4fc29732da6d10c70774/f7dda0db3be24eddac20e335cc7ebae2/tests/Fogell.Client.Tests/Fogell.Client.Tests.fsproj (in 1 ms).
  Restored /tmp/fogell-native-proof-6oho6gvk/state/workspaces/33de70b8ec5e4fc29732da6d10c70774/f7dda0db3be24eddac20e335cc7ebae2/tests/Fogell.Controller.Api.Tests/Fogell.Controller.Api.Tests.fsproj (in 7 ms).
  Restored /tmp/fogell-native-proof-6oho6gvk/state/workspaces/33de70b8ec5e4fc29732da6d10c70774/f7dda0db3be24eddac20e335cc7ebae2/tools/Fogell.Retention/Fogell.Retention.fsproj (in 3 ms).
  Restored /tmp/fogell-native-proof-6oho6gvk/state/workspaces/33de70b8ec5e4fc29732da6d10c70774/f7dda0db3be24eddac20e335cc7ebae2/tests/Fogell.Store.Tests/Fogell.Store.Tests.fsproj (in 1 ms).
  Restored /tmp/fogell-native-proof-6oho6gvk/state/workspaces/33de70b8ec5e4fc29732da6d10c70774/f7dda0db3be24eddac20e335cc7ebae2/tools/Fogell.Crash.Harness/Fogell.Crash.Harness.fsproj (in 1 ms).
  Restored /tmp/fogell-native-proof-6oho6gvk/state/workspaces/33de70b8ec5e4fc29732da6d10c70774/f7dda0db3be24eddac20e335cc7ebae2/src/Fogell.Controller.Host/Fogell.Controller.Host.fsproj (in 2 ms).
  Restored /tmp/fogell-native-proof-6oho6gvk/state/workspaces/33de70b8ec5e4fc29732da6d10c70774/f7dda0db3be24eddac20e335cc7ebae2/tests/Fogell.Execution.Tests/Fogell.Execution.Tests.fsproj (in 1 ms).
  Restored /tmp/fogell-native-proof-6oho6gvk/state/workspaces/33de70b8ec5e4fc29732da6d10c70774/f7dda0db3be24eddac20e335cc7ebae2/src/Fogell.Journal/Fogell.Journal.fsproj (in 0.8 ms).
  Restored /tmp/fogell-native-proof-6oho6gvk/state/workspaces/33de70b8ec5e4fc29732da6d10c70774/f7dda0db3be24eddac20e335cc7ebae2/tests/Fogell.Journal.Tests/Fogell.Journal.Tests.fsproj (in 1 ms).
  Restored /tmp/fogell-native-proof-6oho6gvk/state/workspaces/33de70b8ec5e4fc29732da6d10c70774/f7dda0db3be24eddac20e335cc7ebae2/tests/Fogell.Retention.Tests/Fogell.Retention.Tests.fsproj (in 1 ms).
  Restored /tmp/fogell-native-proof-6oho6gvk/state/workspaces/33de70b8ec5e4fc29732da6d10c70774/f7dda0db3be24eddac20e335cc7ebae2/src/Fogell.Runtime/Fogell.Runtime.fsproj (in 1 ms).
  Restored /tmp/fogell-native-proof-6oho6gvk/state/workspaces/33de70b8ec5e4fc29732da6d10c70774/f7dda0db3be24eddac20e335cc7ebae2/src/Fogell.Admission/Fogell.Admission.fsproj (in 1 ms).
  Restored /tmp/fogell-native-proof-6oho6gvk/state/workspaces/33de70b8ec5e4fc29732da6d10c70774/f7dda0db3be24eddac20e335cc7ebae2/src/Fogell.Pipeline.Parser/Fogell.Pipeline.Parser.fsproj (in 1 ms).
  Restored /tmp/fogell-native-proof-6oho6gvk/state/workspaces/33de70b8ec5e4fc29732da6d10c70774/f7dda0db3be24eddac20e335cc7ebae2/src/Fogell.Execution/Fogell.Execution.fsproj (in 1 ms).
  Restored /tmp/fogell-native-proof-6oho6gvk/state/workspaces/33de70b8ec5e4fc29732da6d10c70774/f7dda0db3be24eddac20e335cc7ebae2/tests/Fogell.Pipeline.Parser.Tests/Fogell.Pipeline.Parser.Tests.fsproj (in 1 ms).
  Restored /tmp/fogell-native-proof-6oho6gvk/state/workspaces/33de70b8ec5e4fc29732da6d10c70774/f7dda0db3be24eddac20e335cc7ebae2/tools/Fogell.Recovery/Fogell.Recovery.fsproj (in 1 ms).
  Restored /tmp/fogell-native-proof-6oho6gvk/state/workspaces/33de70b8ec5e4fc29732da6d10c70774/f7dda0db3be24eddac20e335cc7ebae2/src/Fogell.Controller.Api/Fogell.Controller.Api.fsproj (in 2 ms).
  Restored /tmp/fogell-native-proof-6oho6gvk/state/workspaces/33de70b8ec5e4fc29732da6d10c70774/f7dda0db3be24eddac20e335cc7ebae2/src/Fogell.Store/Fogell.Store.fsproj (in 1 ms).
  Restored /tmp/fogell-native-proof-6oho6gvk/state/workspaces/33de70b8ec5e4fc29732da6d10c70774/f7dda0db3be24eddac20e335cc7ebae2/src/Fogell.Domain/Fogell.Domain.fsproj (in 0.6 ms).
  Restored /tmp/fogell-native-proof-6oho6gvk/state/workspaces/33de70b8ec5e4fc29732da6d10c70774/f7dda0db3be24eddac20e335cc7ebae2/tests/Fogell.Runtime.Tests/Fogell.Runtime.Tests.fsproj (in 2 ms).
  Restored /tmp/fogell-native-proof-6oho6gvk/state/workspaces/33de70b8ec5e4fc29732da6d10c70774/f7dda0db3be24eddac20e335cc7ebae2/tools/Fogell.Client/Fogell.Client.fsproj (in 0.8 ms).
  Fogell.Domain -> /tmp/fogell-native-proof-6oho6gvk/state/workspaces/33de70b8ec5e4fc29732da6d10c70774/f7dda0db3be24eddac20e335cc7ebae2/src/Fogell.Domain/bin/Release/net10.0/Fogell.Domain.dll
  Fogell.Ir -> /tmp/fogell-native-proof-6oho6gvk/state/workspaces/33de70b8ec5e4fc29732da6d10c70774/f7dda0db3be24eddac20e335cc7ebae2/src/Fogell.Ir/bin/Release/net10.0/Fogell.Ir.dll
  Fogell.Admission -> /tmp/fogell-native-proof-6oho6gvk/state/workspaces/33de70b8ec5e4fc29732da6d10c70774/f7dda0db3be24eddac20e335cc7ebae2/src/Fogell.Admission/bin/Release/net10.0/Fogell.Admission.dll
  Fogell.Store -> /tmp/fogell-native-proof-6oho6gvk/state/workspaces/33de70b8ec5e4fc29732da6d10c70774/f7dda0db3be24eddac20e335cc7ebae2/src/Fogell.Store/bin/Release/net10.0/Fogell.Store.dll
  Fogell.Execution -> /tmp/fogell-native-proof-6oho6gvk/state/workspaces/33de70b8ec5e4fc29732da6d10c70774/f7dda0db3be24eddac20e335cc7ebae2/src/Fogell.Execution/bin/Release/net10.0/Fogell.Execution.dll
  Fogell.Pipeline.Parser -> /tmp/fogell-native-proof-6oho6gvk/state/workspaces/33de70b8ec5e4fc29732da6d10c70774/f7dda0db3be24eddac20e335cc7ebae2/src/Fogell.Pipeline.Parser/bin/Release/net10.0/Fogell.Pipeline.Parser.dll
  Fogell.Controller.Api -> /tmp/fogell-native-proof-6oho6gvk/state/workspaces/33de70b8ec5e4fc29732da6d10c70774/f7dda0db3be24eddac20e335cc7ebae2/src/Fogell.Controller.Api/bin/Release/net10.0/Fogell.Controller.Api.dll
  Fogell.Journal -> /tmp/fogell-native-proof-6oho6gvk/state/workspaces/33de70b8ec5e4fc29732da6d10c70774/f7dda0db3be24eddac20e335cc7ebae2/src/Fogell.Journal/bin/Release/net10.0/Fogell.Journal.dll
  Fogell.Controller.Host -> /tmp/fogell-native-proof-6oho6gvk/state/workspaces/33de70b8ec5e4fc29732da6d10c70774/f7dda0db3be24eddac20e335cc7ebae2/src/Fogell.Controller.Host/bin/Release/net10.0/Fogell.Controller.Host.dll
  Fogell.Runtime -> /tmp/fogell-native-proof-6oho6gvk/state/workspaces/33de70b8ec5e4fc29732da6d10c70774/f7dda0db3be24eddac20e335cc7ebae2/src/Fogell.Runtime/bin/Release/net10.0/Fogell.Runtime.dll
  Fogell.Client -> /tmp/fogell-native-proof-6oho6gvk/state/workspaces/33de70b8ec5e4fc29732da6d10c70774/f7dda0db3be24eddac20e335cc7ebae2/tools/Fogell.Client/bin/Release/net10.0/Fogell.Client.dll
  Fogell.Client.Tests -> /tmp/fogell-native-proof-6oho6gvk/state/workspaces/33de70b8ec5e4fc29732da6d10c70774/f7dda0db3be24eddac20e335cc7ebae2/tests/Fogell.Client.Tests/bin/Release/net10.0/Fogell.Client.Tests.dll
  Fogell.Controller.Api.Tests -> /tmp/fogell-native-proof-6oho6gvk/state/workspaces/33de70b8ec5e4fc29732da6d10c70774/f7dda0db3be24eddac20e335cc7ebae2/tests/Fogell.Controller.Api.Tests/bin/Release/net10.0/Fogell.Controller.Api.Tests.dll
  Fogell.Domain.Tests -> /tmp/fogell-native-proof-6oho6gvk/state/workspaces/33de70b8ec5e4fc29732da6d10c70774/f7dda0db3be24eddac20e335cc7ebae2/tests/Fogell.Domain.Tests/bin/Release/net10.0/Fogell.Domain.Tests.dll
  Fogell.Execution.Tests -> /tmp/fogell-native-proof-6oho6gvk/state/workspaces/33de70b8ec5e4fc29732da6d10c70774/f7dda0db3be24eddac20e335cc7ebae2/tests/Fogell.Execution.Tests/bin/Release/net10.0/Fogell.Execution.Tests.dll
  Fogell.Journal.Tests -> /tmp/fogell-native-proof-6oho6gvk/state/workspaces/33de70b8ec5e4fc29732da6d10c70774/f7dda0db3be24eddac20e335cc7ebae2/tests/Fogell.Journal.Tests/bin/Release/net10.0/Fogell.Journal.Tests.dll
  Fogell.Pipeline.Parser.Tests -> /tmp/fogell-native-proof-6oho6gvk/state/workspaces/33de70b8ec5e4fc29732da6d10c70774/f7dda0db3be24eddac20e335cc7ebae2/tests/Fogell.Pipeline.Parser.Tests/bin/Release/net10.0/Fogell.Pipeline.Parser.Tests.dll
  Fogell.Retention -> /tmp/fogell-native-proof-6oho6gvk/state/workspaces/33de70b8ec5e4fc29732da6d10c70774/f7dda0db3be24eddac20e335cc7ebae2/tools/Fogell.Retention/bin/Release/net10.0/Fogell.Retention.dll
  Fogell.Retention.Tests -> /tmp/fogell-native-proof-6oho6gvk/state/workspaces/33de70b8ec5e4fc29732da6d10c70774/f7dda0db3be24eddac20e335cc7ebae2/tests/Fogell.Retention.Tests/bin/Release/net10.0/Fogell.Retention.Tests.dll
  Fogell.Runtime.Tests -> /tmp/fogell-native-proof-6oho6gvk/state/workspaces/33de70b8ec5e4fc29732da6d10c70774/f7dda0db3be24eddac20e335cc7ebae2/tests/Fogell.Runtime.Tests/bin/Release/net10.0/Fogell.Runtime.Tests.dll
  Fogell.Store.Tests -> /tmp/fogell-native-proof-6oho6gvk/state/workspaces/33de70b8ec5e4fc29732da6d10c70774/f7dda0db3be24eddac20e335cc7ebae2/tests/Fogell.Store.Tests/bin/Release/net10.0/Fogell.Store.Tests.dll
  Fogell.Crash.Harness -> /tmp/fogell-native-proof-6oho6gvk/state/workspaces/33de70b8ec5e4fc29732da6d10c70774/f7dda0db3be24eddac20e335cc7ebae2/tools/Fogell.Crash.Harness/bin/Release/net10.0/fogell-crash-harness.dll
  Fogell.Recovery -> /tmp/fogell-native-proof-6oho6gvk/state/workspaces/33de70b8ec5e4fc29732da6d10c70774/f7dda0db3be24eddac20e335cc7ebae2/tools/Fogell.Recovery/bin/Release/net10.0/Fogell.Recovery.dll
  Fogell.Run.Host -> /tmp/fogell-native-proof-6oho6gvk/state/workspaces/33de70b8ec5e4fc29732da6d10c70774/f7dda0db3be24eddac20e335cc7ebae2/tools/Fogell.Run.Host/bin/Release/net10.0/Fogell.Run.Host.dll

Build succeeded.
    0 Warning(s)
    0 Error(s)

Time Elapsed 00:00:32.84
tests/Fogell.Runtime.Tests/Fogell.Runtime.Tests.fsproj: EXPECTO! 9 tests run in 00:00:01.6227672 for native runtime – 9 passed, 0 ignored, 0 failed, 0 errored. Success!
tests/Fogell.Client.Tests/Fogell.Client.Tests.fsproj: EXPECTO! 27 tests run in 00:00:01.0594901 for client – 27 passed, 0 ignored, 0 failed, 0 errored. Success!
tests/Fogell.Retention.Tests/Fogell.Retention.Tests.fsproj: EXPECTO! 23 tests run in 00:00:00.9023928 for retention – 23 passed, 0 ignored, 0 failed, 0 errored. Success!
tests/Fogell.Controller.Api.Tests/Fogell.Controller.Api.Tests.fsproj: EXPECTO! 116 tests run in 00:00:12.0125359 for Fogell.Controller.Api – 116 passed, 0 ignored, 0 failed, 0 errored. Success!
tests/Fogell.Domain.Tests/Fogell.Domain.Tests.fsproj: EXPECTO! 41 tests run in 00:00:00.0796820 for Fogell.Domain – 41 passed, 0 ignored, 0 failed, 0 errored. Success!
tests/Fogell.Execution.Tests/Fogell.Execution.Tests.fsproj: EXPECTO! 196 tests run in 00:00:38.8669595 for Fogell.Execution – 196 passed, 0 ignored, 0 failed, 0 errored. Success!
tests/Fogell.Journal.Tests/Fogell.Journal.Tests.fsproj: EXPECTO! 31 tests run in 00:00:00.2578735 for Fogell.Journal – 31 passed, 0 ignored, 0 failed, 0 errored. Success!
tests/Fogell.Store.Tests/Fogell.Store.Tests.fsproj: EXPECTO! 113 tests run in 00:00:13.2483449 for Fogell.Store – 113 passed, 0 ignored, 0 failed, 0 errored. Success!
tests/Fogell.Pipeline.Parser.Tests/Fogell.Pipeline.Parser.Tests.fsproj: EXPECTO! 28 tests run in 00:00:00.0488595 for native pipeline admission – 28 passed, 0 ignored, 0 failed, 0 errored. Success!
PASS native runner: artifacts, terminal replay, admission, crash reconciliation, changed-definition refusal
OK native pipeline gate
	Command being timed: "python3 scripts/qualification/reap-descendants.py ./scripts/build-and-test.sh"
	User time (seconds): 66.24
	System time (seconds): 6.78
	Percent of CPU this job got: 67%
	Elapsed (wall clock) time (h:mm:ss or m:ss): 1:48.26
	Average shared text size (kbytes): 0
	Average unshared data size (kbytes): 0
	Average stack size (kbytes): 0
	Average total size (kbytes): 0
	Maximum resident set size (kbytes): 515760
	Average resident set size (kbytes): 0
	Major (requiring I/O) page faults: 59
	Minor (reclaiming a frame) page faults: 2447792
	Voluntary context switches: 446183
	Involuntary context switches: 12828
	Swaps: 0
	File system inputs: 72
	File system outputs: 409608
	Socket messages sent: 0
	Socket messages received: 0
	Signals delivered: 0
	Page size (bytes): 4096
	Exit status: 0
