  Determining projects to restore...
  All projects are up-to-date for restore.
  Fogell.Watch.Inbox -> /home/srikanth/projects/fogell-worktrees/fg-081-migration-rollback-rehearsal/tools/Fogell.Watch.Inbox/bin/Release/net10.0/Fogell.Watch.Inbox.dll
  Fogell.Domain -> /home/srikanth/projects/fogell-worktrees/fg-081-migration-rollback-rehearsal/src/Fogell.Domain/bin/Release/net10.0/Fogell.Domain.dll
  Fogell.Ir -> /home/srikanth/projects/fogell-worktrees/fg-081-migration-rollback-rehearsal/src/Fogell.Ir/bin/Release/net10.0/Fogell.Ir.dll
  Fogell.Store -> /home/srikanth/projects/fogell-worktrees/fg-081-migration-rollback-rehearsal/src/Fogell.Store/bin/Release/net10.0/Fogell.Store.dll
  Fogell.Domain.Tests -> /home/srikanth/projects/fogell-worktrees/fg-081-migration-rollback-rehearsal/tests/Fogell.Domain.Tests/bin/Release/net10.0/Fogell.Domain.Tests.dll
  Fogell.Journal -> /home/srikanth/projects/fogell-worktrees/fg-081-migration-rollback-rehearsal/src/Fogell.Journal/bin/Release/net10.0/Fogell.Journal.dll
  Fogell.Admission -> /home/srikanth/projects/fogell-worktrees/fg-081-migration-rollback-rehearsal/src/Fogell.Admission/bin/Release/net10.0/Fogell.Admission.dll
  Fogell.Crash.Harness -> /home/srikanth/projects/fogell-worktrees/fg-081-migration-rollback-rehearsal/tools/Fogell.Crash.Harness/bin/Release/net10.0/fogell-crash-harness.dll
  Fogell.Groovy -> /home/srikanth/projects/fogell-worktrees/fg-081-migration-rollback-rehearsal/src/Fogell.Groovy/bin/Release/net10.0/Fogell.Groovy.dll
  Fogell.Journal.Tests -> /home/srikanth/projects/fogell-worktrees/fg-081-migration-rollback-rehearsal/tests/Fogell.Journal.Tests/bin/Release/net10.0/Fogell.Journal.Tests.dll
  Fogell.Store.Tests -> /home/srikanth/projects/fogell-worktrees/fg-081-migration-rollback-rehearsal/tests/Fogell.Store.Tests/bin/Release/net10.0/Fogell.Store.Tests.dll
  Fogell.Execution -> /home/srikanth/projects/fogell-worktrees/fg-081-migration-rollback-rehearsal/src/Fogell.Execution/bin/Release/net10.0/Fogell.Execution.dll
  Fogell.Groovy.Parser -> /home/srikanth/projects/fogell-worktrees/fg-081-migration-rollback-rehearsal/src/Fogell.Groovy.Parser/bin/Release/net10.0/Fogell.Groovy.Parser.dll
  Fogell.Groovy.Interpreter -> /home/srikanth/projects/fogell-worktrees/fg-081-migration-rollback-rehearsal/src/Fogell.Groovy.Interpreter/bin/Release/net10.0/Fogell.Groovy.Interpreter.dll
  Fogell.Execution.Tests -> /home/srikanth/projects/fogell-worktrees/fg-081-migration-rollback-rehearsal/tests/Fogell.Execution.Tests/bin/Release/net10.0/Fogell.Execution.Tests.dll
  Fogell.Pipeline.Parser -> /home/srikanth/projects/fogell-worktrees/fg-081-migration-rollback-rehearsal/src/Fogell.Pipeline.Parser/bin/Release/net10.0/Fogell.Pipeline.Parser.dll
  Fogell.Groovy.Tests -> /home/srikanth/projects/fogell-worktrees/fg-081-migration-rollback-rehearsal/tests/Fogell.Groovy.Tests/bin/Release/net10.0/Fogell.Groovy.Tests.dll
  Fogell.Differential -> /home/srikanth/projects/fogell-worktrees/fg-081-migration-rollback-rehearsal/src/Fogell.Differential/bin/Release/net10.0/Fogell.Differential.dll
  Fogell.Corpus.Score -> /home/srikanth/projects/fogell-worktrees/fg-081-migration-rollback-rehearsal/tools/Fogell.Corpus.Score/bin/Release/net10.0/fogell-score.dll
  Fogell.Pipeline.Parser.Tests -> /home/srikanth/projects/fogell-worktrees/fg-081-migration-rollback-rehearsal/tests/Fogell.Pipeline.Parser.Tests/bin/Release/net10.0/Fogell.Pipeline.Parser.Tests.dll
  Fogell.Controller.Api -> /home/srikanth/projects/fogell-worktrees/fg-081-migration-rollback-rehearsal/src/Fogell.Controller.Api/bin/Release/net10.0/Fogell.Controller.Api.dll
  Fogell.Differential.Cli -> /home/srikanth/projects/fogell-worktrees/fg-081-migration-rollback-rehearsal/tools/Fogell.Differential.Cli/bin/Release/net10.0/fogell-diff.dll
  Fogell.Run.Host -> /home/srikanth/projects/fogell-worktrees/fg-081-migration-rollback-rehearsal/tools/Fogell.Run.Host/bin/Release/net10.0/Fogell.Run.Host.dll
  Fogell.Differential.Tests -> /home/srikanth/projects/fogell-worktrees/fg-081-migration-rollback-rehearsal/tests/Fogell.Differential.Tests/bin/Release/net10.0/Fogell.Differential.Tests.dll
  Fogell.Controller.Api.Tests -> /home/srikanth/projects/fogell-worktrees/fg-081-migration-rollback-rehearsal/tests/Fogell.Controller.Api.Tests/bin/Release/net10.0/Fogell.Controller.Api.Tests.dll

Build succeeded.
    0 Warning(s)
    0 Error(s)

Time Elapsed 00:00:02.11
