=== sdk ===
10.0.301
=== dependency-lock inventory ===
=== network-enabled locked restore into an empty isolated package cache ===
isolated package cache populated; vulnerability freshness is not asserted by this proof
project locks present: 31/31
mutation rejected: non-first project disabled RestoreLockedMode
mutation rejected: non-first project disabled RestorePackagesWithLockFile
mutation rejected: repo-wide project omitted from Fogell.slnx
control passed: ignored nested worktree is outside repository inventory; operator-global ignores cannot hide projects or locks
mutation rejected: embedded repository cannot hide projects from the outer inventory
mutation rejected: missing lock (inventory)
mutation rejected: package-reference-drift (NU1004)
mutation rejected: content-hash-tamper (NU1403)
mutation rejected: dependency-edge tamper (regeneration mismatch)
=== source-cleared locked restore using the populated isolated cache ===
source-cleared locked restore passed; this is not an OS-level no-egress proof
=== no-restore build (warnings are errors for FS0025/FS0026) ===
Build succeeded.
    0 Warning(s)
    0 Error(s)

Time Elapsed 00:00:19.08
dependency-lock proof passed
=== tests ===
PROJECT TEST INVENTORY PROOF PASS: nested/mismatched projects identified; ambient Git selectors contained; inventory and summaries fail closed; summary boundary holds under named UTF-8 and C locales
tests/Fogell.Client.Tests/Fogell.Client.Tests.fsproj: EXPECTO! 27 tests run in 00:00:01.0507206 for client – 27 passed, 0 ignored, 0 failed, 0 errored. Success!
tests/Fogell.Controller.Api.Tests/Fogell.Controller.Api.Tests.fsproj: EXPECTO! 116 tests run in 00:00:12.3619886 for Fogell.Controller.Api – 116 passed, 0 ignored, 0 failed, 0 errored. Success!
tests/Fogell.Differential.Tests/Fogell.Differential.Tests.fsproj: EXPECTO! 446 tests run in 00:00:08.7148041 for Fogell.Differential – 446 passed, 0 ignored, 0 failed, 0 errored. Success!
tests/Fogell.Domain.Tests/Fogell.Domain.Tests.fsproj: EXPECTO! 41 tests run in 00:00:00.0936185 for Fogell.Domain – 41 passed, 0 ignored, 0 failed, 0 errored. Success!
tests/Fogell.Execution.Tests/Fogell.Execution.Tests.fsproj: EXPECTO! 204 tests run in 00:00:34.1096129 for Fogell.Execution – 204 passed, 0 ignored, 0 failed, 0 errored. Success!
tests/Fogell.Groovy.Tests/Fogell.Groovy.Tests.fsproj: EXPECTO! 243 tests run in 00:00:00.1916903 for Fogell.Groovy – 243 passed, 0 ignored, 0 failed, 0 errored. Success!
tests/Fogell.Journal.Tests/Fogell.Journal.Tests.fsproj: EXPECTO! 31 tests run in 00:00:00.2472802 for Fogell.Journal – 31 passed, 0 ignored, 0 failed, 0 errored. Success!
tests/Fogell.Pipeline.Parser.Tests/Fogell.Pipeline.Parser.Tests.fsproj: EXPECTO! 143 tests run in 00:00:00.3255382 for Fogell.Pipeline.Parser – 143 passed, 0 ignored, 0 failed, 0 errored. Success!
tests/Fogell.Retention.Tests/Fogell.Retention.Tests.fsproj: EXPECTO! 23 tests run in 00:00:00.6757883 for retention – 23 passed, 0 ignored, 0 failed, 0 errored. Success!
[37m[[37m11:35:16 [37mINF[37m] [37mEXPECTO? Running tests...[37m [37m<[37mExpecto[37m>[37m
[0m[1000D[?25hFG026_LIVE_PG=1 FG026_SCHEMA=0003/0005/0007 FG026_CONCURRENCY=16
[0m[1000D[?25hFG027B_LIVE_PG=1 FG027B_SCHEMA=0011 FG027B_CONCURRENCY=16
[0m[1000D[?25h[37m[[37m11:35:29 [31mERR[37m] [36mFogell.Store.FG-064 progressive log.a restore epoch change refuses the whole fenced batch[37m failed in [32m00:00:00.2110000[37m. [36m
restore refusal is atomic.
[32mexpected[36m: [[32m][36m
[31m  actual[36m: [[31m(0, "")][36m
   at Fogell.Store.Tests.logs@5658-13.Invoke(Unit unitVar) in /home/srikanth/projects/fogell/tests/Fogell.Store.Tests/Tests.fs:line 5666
   at Expecto.Impl.execTestAsync@578-1.Invoke(Unit unitVar)
   at Microsoft.FSharp.Control.AsyncPrimitives.CallThenInvoke[T,TResult](AsyncActivation`1 ctxt, TResult result1, FSharpFunc`2 part2) in D:\a\_work\1\s\src\fsharp\src\FSharp.Core\async.fs:line 509
   at Microsoft.FSharp.Control.Trampoline.Execute(FSharpFunc`2 firstAction) in D:\a\_work\1\s\src\fsharp\src\FSharp.Core\async.fs:line 112[37m [37m<[37mExpecto[37m>[37m
[0m[1000D[?25h[1000D[?25h[37m[[37m11:35:29 [37mINF[37m] [37mEXPECTO! [36m113[37m tests run in [32m00:00:13.4685467[37m for [36mFogell.Store[37m – [36m112[37m passed, [36m0[37m ignored, [36m1[37m failed, [36m0[37m errored. [36m[37m [37m<[37mExpecto[37m>[37m
[0mtest project failed: tests/Fogell.Store.Tests/Fogell.Store.Tests.fsproj
TESTS FAILED
