===== fg015b-live-iteration-review
RESULT: success
| each-current:seen=[1, 2, 3];list=[8, 2, 3]
| collect-current:result=[10, 20, 30];list=[8, 2, 3]
| findall-current:result=[2, 3];list=[8, 2, 3]
| for-current:seen=[1, 2, 3];list=[8, 2, 3]
| each-unvisited:seen=[1, 9, 3];list=[1, 9, 3]
| collect-unvisited:result=[10, 90, 30];list=[1, 9, 3]
| findall-unvisited:result=[9, 3];list=[1, 9, 3]
| for-unvisited:seen=[1, 9, 3];list=[1, 9, 3]
| each-visited:seen=[1, 2, 3];list=[7, 2, 3]
| collect-visited:result=[10, 20, 30];list=[7, 2, 3]
| findall-visited:result=[2, 3];list=[7, 2, 3]
| for-visited:seen=[1, 2, 3];list=[7, 2, 3]
| each-append:result=[1, 2, 3, 4];list=[1, 2, 3, 4]
| each-remove:result=[1, 2];list=[1, 2]
| collect-append:result=[1, 2, 3, 4];list=[1, 2, 3, 4]
| collect-remove:result=[1, 2];list=[1, 2]
| findall-append:result=[1, 2, 3, 4];list=[1, 2, 3, 4]
| findall-remove:result=[1, 2];list=[1, 2]
| for-append:result=[1, 2, 3, 4];list=[1, 2, 3, 4]
| for-remove:result=[1, 2];list=[1, 2]
| for-index-extension:seen=[1, 2, null, 4];list=[1, 2, null, 4]
